 xboxkrnl

 Timestamp is 3f686077 (Wed Sep 17 15:24:07 2003)

 Preferred load address is 80010000

 Start         Length     Name                   Class
 0001:00000000 0000061dH .edata                  CODE
 0001:00000620 00003a28H .rdata                  CODE
 0001:00004048 00000050H .rdata$debug            CODE
 0001:000040a0 0001eb58H .text                   CODE
 0001:00022c00 000037e0H PAGER32C                CODE
 0001:000263e0 00001020H PAGER32R                CODE
 0002:00000000 000035ccH KDCODE                  CODE
 0002:000035cc 00000063H KDDATA_RD               CODE
 0003:00000000 00000a90H .data                   DATA
 0003:00000a90 00000275H KDDATA_RW               DATA
 0003:00000d20 00004c40H .bss                    DATA
 0003:00005960 0000c299H KDDATA_URW              DATA
 0004:00000000 00000470H STICKY                  DATA
 0005:00000000 00000108H IDEXPRDT                DATA
 0006:00000000 00000020H .XBLD$V                 CODE
 0006:00000020 0000cd0cH D3D                     CODE
 0006:0000cd30 000011c0H D3D_RD                  CODE
 0006:0000def0 00000070H D3D_RW                  CODE
 0006:0000df60 00003254H D3D_URW                 CODE
 0006:000111b4 00005709H DSOUND                  CODE
 0006:000168c0 000000e2H DSOUND_RD               CODE
 0006:000169a8 00001938H DSOUND_RW               CODE
 0006:000182e0 000000a4H DSOUND_URW              CODE
 0006:00018390 0000ecd5H INIT                    CODE
 0006:00027070 0000b320H INIT_RD                 CODE
 0006:00032390 00038c28H INIT_RW                 CODE
 0006:0006afb8 000011a4H XGRPH                   CODE
 0006:0006c160 00000042H XGRPH_RD                CODE

  Address         Publics by Value              Rva+Base     Lib:Object

 0000:00000000       __except_list              00000000     <absolute>
 0000:00000038       _KiGDTLEN                  00000038     <absolute>
 0000:00000200       _KiIDTLEN                  00000200     <absolute>
 0001:0000063c       _ExEventObjectType         8001093c     ex:event.obj
 0001:00000658       _ExMutantObjectType        80010958     ex:mutant.obj
 0001:00000688       _FactorySettingsInfo       80010988     ex:settings.obj
 0001:000006a0       _UserSettingsInfo          800109a0     ex:settings.obj
 0001:000006f0       ??_C@_0BN@OGMPKPAN@?2Device?2Harddisk0?2partition0?$AA@ 800109f0     ex:settings.obj
 0001:00000710       _ExSemaphoreObjectType     80010a10     ex:semphore.obj
 0001:0000073c       _ExTimerObjectType         80010a3c     ex:timer.obj
 0001:00000758       _HalpPCISpaceReaders       80010a58     halx:pcispace.obj
 0001:00000764       _HalpPCISpaceWriters       80010a64     halx:pcispace.obj
 0001:00000770       _HalpPCISpaceAccessMatrix  80010a70     halx:pcispace.obj
 0001:00000780       ??_C@_07MAKLLIO@?1DBBOOT?$AA@ 80010a80     init:xboxkrnl.obj
 0001:00000788       ??_C@_07BPPEGGBN@?1CDBOOT?$AA@ 80010a88     init:xboxkrnl.obj
 0001:00000790       ??_C@_07BNPDDCOH@?1HDBOOT?$AA@ 80010a90     init:xboxkrnl.obj
 0001:00000798       ??_C@_06GMHMOEFH@SHADOW?$AA@ 80010a98     init:xboxkrnl.obj
 0001:000007a0       _ExpDVDXbdmDLLBuffer       80010aa0     init:init.obj
 0001:000007b8       _ExpDVDXbdmDLL             80010ab8     init:init.obj
 0001:000007c0       _ExpHDXbdmDLLBuffer        80010ac0     init:init.obj
 0001:000007e8       _ExpHDXbdmDLL              80010ae8     init:init.obj
 0001:000007f0       _ExpCdRomBootROMStringBuffer 80010af0     init:init.obj
 0001:0000080c       _ExpCdRomBootROMString     80010b0c     init:init.obj
 0001:00000814       _ExpHardDiskBootROMStringBuffer 80010b14     init:init.obj
 0001:00000840       _ExpHardDiskBootROMString  80010b40     init:init.obj
 0001:00000848       _XboxKrnlVersion           80010b48     init:init.obj
 0001:00000850       ??_C@_0CG@JNONFOAK@INIT?3?5Failed?5to?5read?5ROM?5from?5me@ 80010b50     init:init.obj
 0001:00000878       ??_C@_08NNAPCOK@?5?1DBBOOT?$AA@ 80010b78     init:init.obj
 0001:00000884       ??_C@_0CL@CNDJBANC@INIT?3?5Loaded?5kernel?5image?5from?5h@ 80010b84     init:init.obj
 0001:000008b0       ??_C@_0BB@CELLGDBI@?5?1SHADOW?5?1HDBOOT?$AA@ 80010bb0     init:init.obj
 0001:000008c4       ??_C@_0CI@DKMHFBMA@INIT?3?5Loaded?5kernel?5image?5from?5C@ 80010bc4     init:init.obj
 0001:000008ec       ??_C@_0BB@CGLMDHOC@?5?1SHADOW?5?1CDBOOT?$AA@ 80010bec     init:init.obj
 0001:00000900       ??_C@_0DM@LHHMEIO@INIT?3?5Failed?5to?5load?5ROM?5from?5me@ 80010c00     init:init.obj
 0001:0000093c       ??_C@_0CN@OMGKJDNM@INIT?3?5Failed?5to?5allocate?5shadow?5@ 80010c3c     init:init.obj
 0001:0000096c       ??_C@_0CO@MLIGBLFG@INIT?3?5Failed?5to?5allocate?5boot?5lo@ 80010c6c     init:init.obj
 0001:0000099c       ??_C@_0BO@KLIPEJFL@Failed?5to?5load?5any?5xbdm?4dll?$CB?6?$AA@ 80010c9c     init:init.obj
 0001:000009bc       ??_C@_04PONNOKHC@xbdm?$AA@ 80010cbc     init:init.obj
 0001:000009d4       __real@3f000000            80010cd4     init:fatal.obj
 0001:000009d8       __real@3d888889            80010cd8     init:fatal.obj
 0001:000009dc       __real@4f800000            80010cdc     init:fatal.obj
 0001:000009e0       __real@40000000            80010ce0     init:fatal.obj
 0001:000009e4       _IoCompletionObjectType    80010ce4     io:iodata.obj
 0001:00000a00       _IoDeviceObjectType        80010d00     io:iodata.obj
 0001:00000a1c       _IoFileObjectType          80010d1c     io:iodata.obj
 0001:00000a38       _IopFileMapping            80010d38     io:iodata.obj
 0001:00000a48       _IopQueryOperationLength   80010d48     io:iodata.obj
 0001:00000a70       _IopSetOperationLength     80010d70     io:iodata.obj
 0001:00000a98       _IopQueryOperationAccess   80010d98     io:iodata.obj
 0001:00000b30       _IopSetOperationAccess     80010e30     io:iodata.obj
 0001:00000bc8       _IopQueryFsOperationLength 80010ec8     io:iodata.obj
 0001:00000bd4       _IopQueryFsOperationAccess 80010ed4     io:iodata.obj
 0001:00000c38       ??_C@_0FA@NGBMEEAN@?6?$CK?$CK?$CK?5Fatal?5System?5Error?3?50x?$CF08lx@ 80010f38     ke:bugcheck.obj
 0001:00000c88       _KeTimeIncrement           80010f88     ke:kernldat.obj
 0001:00000c8c       _KiFindLeftNibbleBitTable  80010f8c     ke:kernldat.obj
 0001:00000ca0       _KiTimeIncrementReciprocal 80010fa0     ke:kernldat.obj
 0001:00000ca8       _KiTimeIncrementShiftCount 80010fa8     ke:kernldat.obj
 0001:00000ccc       _MmProtectToPteProtectionMask 80010fcc     mmcon:mmsup.obj
 0001:00000cdc       _MmGlobalData              80010fdc     mmcon:mminit.obj
 0001:00000d0c       _ObDirectoryObjectType     8001100c     ob:obdir.obj
 0001:00000d28       _ObSymbolicLinkObjectType  80011028     ob:oblink.obj
 0001:00000d8c       _ObpDosDevicesStringBuffer 8001108c     ob:obmanage.obj
 0001:00000d90       _ObpDosDevicesString       80011090     ob:obmanage.obj
 0001:00000d98       _ObpIoDevicesStringBuffer  80011098     ob:obmanage.obj
 0001:00000da0       _ObpIoDevicesString        800110a0     ob:obmanage.obj
 0001:00000da8       _ObpWin32NamedObjectsStringBuffer 800110a8     ob:obmanage.obj
 0001:00000dbc       _ObpWin32NamedObjectsString 800110bc     ob:obmanage.obj
 0001:00000de4       _PsThreadObjectType        800110e4     ps:psinit.obj
 0001:00000e00       ??_C@_0CD@CPBMMNLE@Execute?5?8?$CBcxr?5?$CFp?8?5to?5dump?5contex@ 80011100     ntosrtl:assert.obj
 0001:00000e24       ??_C@_0DO@CDJIIIPD@?6?$CK?$CK?$CK?5Assertion?5failed?3?5?$CFs?$CFs?6?$CK?$CK?$CK?5@ 80011124     ntosrtl:assert.obj
 0001:00000e62       ??_C@_00CNPNBAHC@?$AA@     80011162     ntosrtl:assert.obj
 0001:00000e64       ??_C@_0P@MBLIGIDD@?$CFs?$CFc?5?$CFc?$CFs?$CFc?5?$CFs?$AA@ 80011164     ntosrtl:assert.obj
 0001:00000e74       ??_C@_0BD@MCACFPA@unexpected?5failure?$AA@ 80011174     ntosrtl:assert.obj
 0001:00000e88       ??_C@_06ODACHPEO@failed?$AA@ 80011188     ntosrtl:assert.obj
 0001:00000e9c       _RtlpIntegerChars          8001119c     ntosrtl:cnvint.obj
 0001:00000eac       _RtlpIntegerWChars         800111ac     ntosrtl:cnvint.obj
 0001:00000f00       _Nls844UnicodeCaseTableLevel1 80011200     ntosrtl:nlsxlat.obj
 0001:00001000       _Nls844UnicodeUpcaseTableLevel2 80011300     ntosrtl:nlsxlat.obj
 0001:000010d0       _Nls844UnicodeLowercaseTableLevel2 800113d0     ntosrtl:nlsxlat.obj
 0001:000011a0       _Nls844UnicodeCaseTableLevel3 800114a0     ntosrtl:nlsxlat.obj
 0001:00001960       _RtlpStatusTable           80011c60     ntosrtl:error.obj
 0001:00001f60       _RtlpRunTable              80012260     ntosrtl:error.obj
 0001:00002298       _LeapYearDaysPrecedingMonth 80012598     ntosrtl:time.obj
 0001:000022b4       _NormalYearDaysPrecedingMonth 800125b4     ntosrtl:time.obj
 0001:000022d0       _Magic10000                800125d0     ntosrtl:time.obj
 0001:000022d8       _Magic10000000             800125d8     ntosrtl:time.obj
 0001:000022e0       _Magic86400000             800125e0     ntosrtl:time.obj
 0001:000022e8       _IdexDiskDirectoryNameBuffer 800125e8     idexcon:disk.obj
 0001:000022fc       _IdexDiskDirectoryName     800125fc     idexcon:disk.obj
 0001:00002304       _IdexDiskPartitionPrefixBuffer 80012604     idexcon:disk.obj
 0001:00002310       _IdexDiskPartitionPrefix   80012610     idexcon:disk.obj
 0001:00002318       _HalDiskCachePartitionCount 80012618     idexcon:disk.obj
 0001:00002320       _IdexDiskDriverObject      80012620     idexcon:disk.obj
 0001:00002364       _IdexDiskDirectoryObjectType 80012664     idexcon:disk.obj
 0001:00002380       _IdexCdRomDeviceNameBuffer 80012680     idexcon:cdrom.obj
 0001:00002390       _IdexCdRomDeviceName       80012690     idexcon:cdrom.obj
 0001:00002398       _IdexCdRomDosDevicesNameBuffer 80012698     idexcon:cdrom.obj
 0001:000023a4       _IdexCdRomDosDevicesName   800126a4     idexcon:cdrom.obj
 0001:000023b0       _IdexCdRomDriverObject     800126b0     idexcon:cdrom.obj
 0001:000023f4       _IdexCdRomSpindleSpeedupTable 800126f4     idexcon:cdrom.obj
 0001:00002400       _RawxDriverObject          80012700     raw:driver.obj
 0001:00002448       _FatxDriverObject          80012748     fatx:driver.obj
 0001:0000248c       _FatxFatIllegalTable       8001278c     fatx:fatsup.obj
 0001:000024ac       _GdfxVolumeDescriptorSignature 800127ac     gdfx:mountvol.obj
 0001:000024c8       _GdfxDriverObject          800127c8     gdfx:driver.obj
 0001:00002510       _UdfxVsdIdentLookupTable   80012810     udfx:mountvol.obj
 0001:00002548       _UdfxNSR02Regid            80012848     udfx:mountvol.obj
 0001:00002560       _UdfxOSTAUdfRegid          80012860     udfx:mountvol.obj
 0001:00002578       _UdfxCS0Identifier         80012878     udfx:mountvol.obj
 0001:000025b8       _UdfxDriverObject          800128b8     udfx:driver.obj
 0001:00002600       ___lookuptable             80012900     libcntpr:output.obj
 0001:0000265c       ___nullstring              8001295c     libcntpr:output.obj
 0001:00002664       ___wnullstring             80012964     libcntpr:output.obj
 0001:00002678       _XePublicKeyData           80012978     ldrcon:loader.obj
 0001:00002794       _XepCdRomDosDeviceBuffer   80012a94     ldrcon:loader.obj
 0001:0000279c       _XepCdRomDosDevice         80012a9c     ldrcon:loader.obj
 0001:000027a4       _XepDashboardRedirectionPathBuffer 80012aa4     ldrcon:loader.obj
 0001:000027d0       _XepDashboardRedirectionPath 80012ad0     ldrcon:loader.obj
 0001:000027d8       _XepDefaultImagePath       80012ad8     ldrcon:loader.obj
 0001:000027f4       _XepDashboardImagePath1    80012af4     ldrcon:loader.obj
 0001:00002820       _XepDashboardImagePath2    80012b20     ldrcon:loader.obj
 0001:0000284c       _XepDashboardImagePath3    80012b4c     ldrcon:loader.obj
 0001:00002878       ??_C@_0DO@JMGMPGO@This?5XBE?5was?5linked?5with?5?$CF8?48s?4L@ 80012b78     ldrcon:loader.obj
 0001:000028b8       ??_C@_08OPCEOJFP@?5?$CIDebug?$CJ?$AA@ 80012bb8     ldrcon:loader.obj
 0001:000028c4       ??_C@_0BH@GLNPJGJE@Xbox?5image?5loaded?3?5?$CFZ?6?$AA@ 80012bc4     ldrcon:loader.obj
 0001:000028e0       _originalCryptoVector      80012be0     xcryptk:xcbase.obj
 0001:00002920       ??_C@_01A@?$AA?$AA@        80012c20     xcryptk:xcbase.obj
 0001:00002924       ??_C@_0P@EMGP@?$AN?$BE?$AE?$BK?$AC?$AD?$AO?$CL?$AF?$AG?$AH0?$BP0?$AA@ 80012c24     xcryptk:xcbase.obj
 0001:00002934       ??_C@_0BB@JDMG@?$AP?$BE?$AE?$AA?$AF?$BK?$AC?$AD?$AO?$CL?$AF?$AG?70?$CB0?$AA@ 80012c34     xcryptk:xcbase.obj
 0001:00002948       __real@40c90fdb            80012c48     ani:xbs_app.obj
 0001:0000294c       __real@bdcccccd            80012c4c     ani:xbs_app.obj
 0001:00002950       __real@3dcccccd            80012c50     ani:xbs_app.obj
 0001:00002954       __real@3fc90fdb            80012c54     ani:xbs_app.obj
 0001:00002958       __real@3f800000            80012c58     ani:xbs_app.obj
 0001:0000295c       __real@bfc90fdb            80012c5c     ani:xbs_app.obj
 0001:00002960       __real@bf800000            80012c60     ani:xbs_app.obj
 0001:00002964       __real@3f400000            80012c64     ani:xbs_app.obj
 0001:00002968       __real@3e800000            80012c68     ani:xbs_app.obj
 0001:0000296c       __real@3a83126f            80012c6c     ani:xbs_app.obj
 0001:00002970       __real@3e051eb8            80012c70     ani:xbs_app.obj
 0001:00002974       __real@40400000            80012c74     ani:xbs_app.obj
 0001:00002978       __real@40a00000            80012c78     ani:xbs_app.obj
 0001:0000297c       __real@3e4ccccd            80012c7c     ani:xbs_app.obj
 0001:00002980       __real@3d4ccccd            80012c80     ani:xbs_app.obj
 0001:00002984       __real@3f99999a            80012c84     ani:xbs_app.obj
 0001:00002988       __real@3d9d89d9            80012c88     ani:xbs_app.obj
 0001:0000298c       __real@3cf5c28f            80012c8c     ani:xbs_app.obj
 0001:00002990       __real@447a0000            80012c90     ani:xbs_app.obj
 0001:00002994       __real@3e910cb3            80012c94     ani:xbs_app.obj
 0001:00002998       __real@3e2aaaab            80012c98     ani:xbs_app.obj
 0001:0000299c       __real@41200000            80012c9c     ani:xbs_app.obj
 0001:000029a0       __real@3e79c190            80012ca0     ani:xbs_app.obj
 0001:000029a4       __real@3f8ccccd            80012ca4     ani:xbs_app.obj
 0001:000029a8       __real@3f490fdb            80012ca8     ani:xbs_app.obj
 0001:000029ac       __real@3ecccccd            80012cac     ani:xbs_app.obj
 0001:000029b0       __real@44480000            80012cb0     ani:xbs_app.obj
 0001:000029b4       __real@3f100000            80012cb4     ani:xbs_app.obj
 0001:000029b8       __real@3b000000            80012cb8     ani:xbs_app.obj
 0001:000029bc       __real@00000000            80012cbc     ani:fastmath.obj
 0001:000029c0       __real@40490fdb            80012cc0     ani:fastmath.obj
 0001:000029c4       __real@3f858dc1            80012cc4     ani:vblob.obj
 0001:000029c8       __real@3eb00000            80012cc8     ani:vblob.obj
 0001:000029cc       __real@358637bd            80012ccc     ani:vblob.obj
 0001:000029d0       __real@40800000            80012cd0     ani:vblob.obj
 0001:000029d4       __real@3f4ccccd            80012cd4     ani:vblob.obj
 0001:000029d8       __real@40a66666            80012cd8     ani:vblob.obj
 0001:000029dc       __real@437f0000            80012cdc     ani:vblob.obj
 0001:000029e0       __real@3fa66666            80012ce0     ani:vblob.obj
 0001:000029e4       __real@c0800000            80012ce4     ani:vblob.obj
 0001:000029e8       __real@3f13cd36            80012ce8     ani:vblob.obj
 0001:000029ec       __real@bf13cd36            80012cec     ani:vblob.obj
 0001:000029f0       __real@3fb33333            80012cf0     ani:vblob.obj
 0001:000029f4       __real@3f866666            80012cf4     ani:vblob.obj
 0001:000029f8       __real@3f733333            80012cf8     ani:vblob.obj
 0001:000029fc       __real@c0490fdb            80012cfc     ani:vblob.obj
 0001:00002a00       __real@3fd55555            80012d00     ani:vblob.obj
 0001:00002a04       __real@be99999a            80012d04     ani:vblob.obj
 0001:00002a08       __real@3f666666            80012d08     ani:vblob.obj
 0001:00002a0c       __real@3ea8f5c3            80012d0c     ani:greenfog.obj
 0001:00002a10       __real@41055555            80012d10     ani:greenfog.obj
 0001:00002a14       __real@3df5c290            80012d14     ani:greenfog.obj
 0001:00002a18       __real@40555555            80012d18     ani:greenfog.obj
 0001:00002a1c       __real@40966666            80012d1c     ani:greenfog.obj
 0001:00002a20       __real@3eaaaaab            80012d20     ani:greenfog.obj
 0001:00002a24       __real@40200000            80012d24     ani:greenfog.obj
 0001:00002a28       __real@3ff00000            80012d28     ani:greenfog.obj
 0001:00002a2c       __real@3b23d70a            80012d2c     ani:greenfog.obj
 0001:00002a30       __real@3f200000            80012d30     ani:greenfog.obj
 0001:00002a34       __real@3f333333            80012d34     ani:greenfog.obj
 0001:00002a38       __real@3c4ccccd            80012d38     ani:greenfog.obj
 0001:00002a3c       __real@bff00000            80012d3c     ani:greenfog.obj
 0001:00002a40       __real@c0200000            80012d40     ani:greenfog.obj
 0001:00002a44       __real@430423d7            80012d44     ani:camcontrol.obj
 0001:00002a48       __real@c30423d7            80012d48     ani:camcontrol.obj
 0001:00002a4c       __real@42be0000            80012d4c     ani:camcontrol.obj
 0001:00002a50       __real@43430000            80012d50     ani:camcontrol.obj
 0001:00002a54       __real@c2be0000            80012d54     ani:camcontrol.obj
 0001:00002a58       __real@3dea0ea1            80012d58     ani:camcontrol.obj
 0001:00002a5c       __real@40c00000            80012d5c     ani:camcontrol.obj
 0001:00002a60       __real@3d54fdf3            80012d60     ani:camcontrol.obj
 0001:00002a64       __real@3c23d70a            80012d64     ani:camcontrol.obj
 0001:00002a68       __real@3c21cef2            80012d68     ani:logo_renderer.obj
 0001:00002a6c       __real@4321b722            80012d6c     ani:logo_renderer.obj
 0001:00002a70       __real@38734507            80012d70     ani:logo_renderer.obj
 0001:00002a74       __real@3f7299e9            80012d74     ani:logo_renderer.obj
 0001:00002a78       __real@3f0786c2            80012d78     ani:logo_renderer.obj
 0001:00002a7c       __real@3f1793de            80012d7c     ani:logo_renderer.obj
 0001:00002a80       __real@3f50d068            80012d80     ani:logo_renderer.obj
 0001:00002a84       __real@3fc4ec4f            80012d84     ani:logo_renderer.obj
 0001:00002a88       __real@40c80000            80012d88     ani:logo_renderer.obj
 0001:00002a8c       __real@3727c5ac            80012d8c     ani:scene_renderer.obj
 0001:00002a90       __real@3e22f983            80012d90     ani:scene_renderer.obj
 0001:00002a94       __real@3ea2f983            80012d94     ani:scene_renderer.obj
 0001:00002a98       __real@42000000            80012d98     ani:scene_renderer.obj
 0001:00002a9c       __real@bf000000            80012d9c     ani:scene_renderer.obj
 0001:00002aa0       __real@3e6a37ef            80012da0     ani:scene_renderer.obj
 0001:00002aa4       __real@41dec287            80012da4     ani:scene_renderer.obj
 0001:00002aa8       __real@38001203            80012da8     ani:scene_renderer.obj
 0001:00002aac       __real@3f3dda38            80012dac     ani:scene_renderer.obj
 0001:00002ab0       __real@3e22dcf4            80012db0     ani:scene_renderer.obj
 0001:00002ab4       __real@3e54e3bd            80012db4     ani:scene_renderer.obj
 0001:00002ab8       __real@41e00000            80012db8     ani:scene_renderer.obj
 0001:00002abc       __real@3e638e39            80012dbc     ani:scene_renderer.obj
 0001:00002ac0       __real@3f59999a            80012dc0     ani:scene_renderer.obj
 0001:00002ac4       __real@43804000            80012dc4     ani:scene_renderer.obj
 0001:00002ac8       __real@40060a92            80012dc8     ani:scene_renderer.obj
 0001:00002acc       __real@43fa0000            80012dcc     ani:scene_renderer.obj
 0001:00002ad0       __real@42ff0000            80012dd0     ani:tex_gen.obj
 0001:00002ad4       __real@43800000            80012dd4     ani:tex_gen.obj
 0001:00002ad8       __real@3b800000            80012dd8     ani:tex_gen.obj
 0001:00002adc       __real@3b808081            80012ddc     ani:tex_gen.obj
 0001:00002ae0       __real@40ab3333            80012de0     ani:tex_gen.obj
 0001:00002ae4       __real@43c80000            80012de4     ani:tex_gen.obj
 0001:00002ae8       __real@40f0000000000000    80012de8     ani:dev.obj
 0001:00002af0       __real@3f80000000000000    80012df0     ani:dev.obj
 0001:00002af8       __real@3fc921f9f01b866e    80012df8     ani:dev.obj
 0001:00002b00       __real@3f10000000000000    80012e00     ani:dev.obj
 0001:00002b08       __real@3fb921f9f01b866e    80012e08     ani:dev.obj
 0001:00002b10       __real@3fa921f9f01b866e    80012e10     ani:dev.obj
 0001:00002b18       __real@40dfffc000000000    80012e18     ani:dev.obj
 0001:00002b20       _AvpARXRegisters           80012e20     av:modeset.obj
 0001:00002b38       _AvpGRXRegisters           80012e38     av:modeset.obj
 0001:00002b44       _AvpSRXRegisters           80012e44     av:modeset.obj
 0001:00002b50       _AvpFpDebug0               80012e50     av:modeset.obj
 0001:00002ba0       _AvpCRTCRegisters          80012ea0     av:modeset.obj
 0001:00002de8       _AvpRegisters              800130e8     av:modeset.obj
 0001:000035a0       _AvpMacrovisionPAL         800138a0     av:modeset.obj
 0001:000035a4       _AvpMacrovisionEnable      800138a4     av:modeset.obj
 0001:000035ac       _AvpMacrovision            800138ac     av:modeset.obj
 0001:000035d0       _AvpCCRegisters            800138d0     av:modeset.obj
 0001:00003620       _AvpSCARTEnable            80013920     av:modeset.obj
 0001:00003788       _AvpHDTVRegisters          80013a88     av:modeset.obj
 0001:000037c0       _AvpTVRegisters            80013ac0     av:modeset.obj
 0001:00003f24       _AvpCommonTVRegisters      80014224     av:modeset.obj
 0001:00003f50       __real@41000000            80014250     d3d8ntpr:state.obj
 0001:00003f58       __real@46293e5939a08cea    80014258     d3d8ntpr:clear.obj
 0001:00003f60       __real@407fff0000000000    80014260     d3d8ntpr:clear.obj
 0001:00003f68       __real@4b7fffff            80014268     d3d8ntpr:clear.obj
 0001:00003f6c       __real@477fff00            8001426c     d3d8ntpr:clear.obj
 0001:00003f70       __real@42800000            80014270     d3d8ntpr:lazy.obj
 0001:00003f74       __real@be596d0b            80014274     d3d8ntpr:lazy.obj
 0001:00003f78       __real@bdb8aa0a            80014278     d3d8ntpr:lazy.obj
 0001:00003f7c       ??_7CRefCount@@6B@         8001427c     bootsnd:bootsnd.obj
 0001:00003f7c       ??_7CDirectSoundSettings@@6B@ 8001427c     bootsnd:bootsnd.obj
 0001:00003f88       ??_7CDirectSoundVoiceSettings@@6B@ 80014288     bootsnd:bootsnd.obj
 0001:00003f94       __real@37aec33e            80014294     bootsnd:bootsnd.obj
 0001:00003f98       __real@473b8000            80014298     bootsnd:bootsnd.obj
 0001:00003f9c       ??_7?$CHeap@U_SGEHEAPRUNMARKER@@@@6B@ 8001429c     bootsnd:bootsnd.obj
 0001:00003fb0       ??_7CDirectSound@@6B@      800142b0     bootsnd:bootsnd.obj
 0001:00003fbc       ??_7CDirectSoundVoice@@6B@ 800142bc     bootsnd:bootsnd.obj
 0001:00003fc8       ??_7CDirectSoundBuffer@@6B@ 800142c8     bootsnd:bootsnd.obj
 0001:00003fd4       ??_7CMcpxVoiceClient@@6B@  800142d4     bootsnd:bootsnd.obj
 0001:00003ff0       ??_7CMcpxBufferSgeHeap@@6B@ 800142f0     bootsnd:bootsnd.obj
 0001:00004008       ??_7CDirectSoundBufferSettings@@6B@ 80014308     bootsnd:bootsnd.obj
 0001:00004014       ??_7CMcpxBuffer@@6B@       80014314     bootsnd:bootsnd.obj
 0001:00004030       ??_7CMcpxCore@@6B@         80014330     bootsnd:bootsnd.obj
 0001:00004034       __real@42c80000            80014334     bootsnd:bootsnd.obj
 0001:00004038       ??_7CMcpxAPU@@6BCMcpxCore@@@ 80014338     bootsnd:bootsnd.obj
 0001:0000403c       ??_7CMcpxAPU@@6BCRefCount@@@ 8001433c     bootsnd:bootsnd.obj
 0001:000040a0       @ExInterlockedAddLargeStatistic@8 800143a0 f   ex:intrlfst.obj
 0001:000040a8       @ExfInterlockedInsertHeadList@8 800143a8 f   ex:intrlfst.obj
 0001:000040c0       @ExfInterlockedInsertTailList@8 800143c0 f   ex:intrlfst.obj
 0001:000040d8       @ExfInterlockedRemoveHeadList@4 800143d8 f   ex:intrlfst.obj
 0001:000040f0       @InterlockedPopEntrySList@4 800143f0 f   ex:intrlfst.obj
 0001:000040f4       ExpInterlockedPopEntrySListResume 800143f4     ex:intrlfst.obj
 0001:00004106       ExpInterlockedPopEntrySListFault 80014406     ex:intrlfst.obj
 0001:00004114       @InterlockedPushEntrySList@8 80014414 f   ex:intrlfst.obj
 0001:00004134       @InterlockedFlushSList@4   80014434 f   ex:intrlfst.obj
 0001:00004158       @InterlockedExchange@8     80014458 f   ex:intrlfst.obj
 0001:00004160       @InterlockedIncrement@4    80014460 f   ex:intrlfst.obj
 0001:0000416c       @InterlockedDecrement@4    8001446c f   ex:intrlfst.obj
 0001:00004178       @InterlockedCompareExchange@12 80014478 f   ex:intrlfst.obj
 0001:00004184       @ExInterlockedCompareExchange64@12 80014484 f   ex:intrlfst.obj
 0001:000041a0       @InterlockedExchangeAdd@8  800144a0 f   ex:intrlfst.obj
 0001:000041a8       _ExAcquireReadWriteLockExclusive@4 800144a8 f   ex:rwlocka.obj
 0001:000041cc       _ExAcquireReadWriteLockShared@4 800144cc f   ex:rwlocka.obj
 0001:000041fc       _ExReleaseReadWriteLock@4  800144fc f   ex:rwlocka.obj
 0001:00004252       _InitializePool@0          80014552 f   ex:pool.obj
 0001:000042a1       _ExAllocatePoolWithTag@8   800145a1 f   ex:pool.obj
 0001:00004458       _ExFreePool@4              80014758 f   ex:pool.obj
 0001:000045b5       _ExQueryPoolBlockSize@4    800148b5 f   ex:pool.obj
 0001:000045d4       _ExAllocatePool@4          800148d4 f   ex:pool.obj
 0001:000045e5       _NtClearEvent@4            800148e5 f   ex:event.obj
 0001:00004616       _NtCreateEvent@16          80014916 f   ex:event.obj
 0001:00004681       _NtPulseEvent@8            80014981 f   ex:event.obj
 0001:000046c4       _NtQueryEvent@8            800149c4 f   ex:event.obj
 0001:00004700       _NtSetEvent@8              80014a00 f   ex:event.obj
 0001:00004743       _ExInitializeReadWriteLock@4 80014a43 f   ex:rwlock.obj
 0001:0000477c       _ExInterlockedAddLargeInteger@16 80014a7c f   ex:intrlock.obj
 0001:000047b0       _ExInterlockedExchangeAddLargeInteger@16 80014ab0 f   ex:intrlock.obj
 0001:000047d3       _ExpDeleteMutant@4         80014ad3 f   ex:mutant.obj
 0001:000047e5       _NtCreateMutant@12         80014ae5 f   ex:mutant.obj
 0001:0000481f       _NtReleaseMutant@8         80014b1f f   ex:mutant.obj
 0001:00004899       _NtQueryMutant@8           80014b99 f   ex:mutant.obj
 0001:000048e9       _XConfigChecksum@8         80014be9 f i ex:settings.obj
 0001:00004913       _ExpReadEEPROMIntoCache@0  80014c13 f   ex:settings.obj
 0001:00004966       _ExpReadEEPROMSection@16   80014c66 f   ex:settings.obj
 0001:000049c7       _ExpWriteEEPROM@12         80014cc7 f   ex:settings.obj
 0001:00004a30       _ExpFindSettingInfo@12     80014d30 f   ex:settings.obj
 0001:00004a53       _ExQueryNonVolatileSetting@20 80014d53 f   ex:settings.obj
 0001:00004bdd       _ExSaveNonVolatileSetting@16 80014edd f   ex:settings.obj
 0001:00004df3       _ExReadWriteRefurbInfo@12  800150f3 f   ex:settings.obj
 0001:00004efc       _ExRaiseException@4        800151fc f   ex:raisests.obj
 0001:00004f94       _ExRaiseStatus@4           80015294 f   ex:raisests.obj
 0001:00005046       _NtCreateSemaphore@16      80015346 f   ex:semphore.obj
 0001:0000509b       _NtQuerySemaphore@8        8001539b f   ex:semphore.obj
 0001:000050d7       _NtReleaseSemaphore@12     800153d7 f   ex:semphore.obj
 0001:0000515f       _ExpTimerDpcRoutine@16     8001545f f   ex:timer.obj
 0001:0000518f       _ExpDeleteTimer@4          8001548f f   ex:timer.obj
 0001:00005194       _NtCreateTimer@12          80015494 f   ex:timer.obj
 0001:000051fd       _NtCancelTimer@8           800154fd f   ex:timer.obj
 0001:00005299       _NtQueryTimer@8            80015599 f   ex:timer.obj
 0001:000052fd       _ExpTimerApcRoutine@20     800155fd f   ex:timer.obj
 0001:0000535b       _ExTimerRundown@0          8001565b f   ex:timer.obj
 0001:00005406       _NtSetTimerEx@32           80015706 f   ex:timer.obj
 0001:00005574       _NtSetSystemTime@8         80015874 f   ex:systime.obj
 0001:000055f4       @HalRequestSoftwareInterrupt@4 800158f4 f   halx:ixswint.obj
 0001:00005628       @HalClearSoftwareInterrupt@4 80015928 f   halx:ixswint.obj
 0001:00005638       _HalpDispatchInterrupt     80015938 f   halx:ixswint.obj
 0001:00005667       _HalpDispatchInterrupt2ndEntry 80015967     halx:ixswint.obj
 0001:0000568c       _HalpApcInterrupt          8001598c f   halx:ixswint.obj
 0001:000056bb       _HalpApcInterrupt2ndEntry  800159bb     halx:ixswint.obj
 0001:000056f0       KiI8259MaskTable           800159f0     halx:ixirql.obj
 0001:00005770       FindHigherIrqlMask         80015a70     halx:ixirql.obj
 0001:000057f0       SWInterruptHandlerTable2   80015af0     halx:ixirql.obj
 0001:000057fc       SWInterruptLookUpTable     80015afc     halx:ixirql.obj
 0001:00005804       @KfRaiseIrql@4             80015b04 f   halx:ixirql.obj
 0001:00005814       _KeRaiseIrqlToDpcLevel@0   80015b14 f   halx:ixirql.obj
 0001:00005824       _KeRaiseIrqlToSynchLevel@0 80015b24 f   halx:ixirql.obj
 0001:00005834       @KfLowerIrql@4             80015b34 f   halx:ixirql.obj
 0001:000058a0       @HalEndSystemLevelInterrupt@4 80015ba0 f   halx:ixirql.obj
 0001:000058b0       @HalEndSystemInterrupt@4   80015bb0 f   halx:ixirql.obj
 0001:000058cc       Kei386EoiHelper@0          80015bcc f   halx:ixirql.obj
 0001:000059cc       _HalpEndSoftwareInterrupt@4 80015ccc f   halx:ixirql.obj
 0001:00005a50       _HalpDispatchInterrupt2@0  80015d50 f   halx:ixirql.obj
 0001:00005ab4       _KeGetCurrentIrql@0        80015db4 f   halx:ixirql.obj
 0001:00005abc       _HalpHardwareInterruptTable@0 80015dbc f   halx:ixirql.obj
 0001:00005abc       HalpHardwareInterrupt00    80015dbc     halx:ixirql.obj
 0001:00005abf       HalpHardwareInterrupt01    80015dbf     halx:ixirql.obj
 0001:00005ac2       HalpHardwareInterrupt02    80015dc2     halx:ixirql.obj
 0001:00005ac5       HalpHardwareInterrupt03    80015dc5     halx:ixirql.obj
 0001:00005ac8       HalpHardwareInterrupt04    80015dc8     halx:ixirql.obj
 0001:00005acb       HalpHardwareInterrupt05    80015dcb     halx:ixirql.obj
 0001:00005ace       HalpHardwareInterrupt06    80015dce     halx:ixirql.obj
 0001:00005ad1       HalpHardwareInterrupt07    80015dd1     halx:ixirql.obj
 0001:00005ad4       HalpHardwareInterrupt08    80015dd4     halx:ixirql.obj
 0001:00005ad7       HalpHardwareInterrupt09    80015dd7     halx:ixirql.obj
 0001:00005ada       HalpHardwareInterrupt10    80015dda     halx:ixirql.obj
 0001:00005add       HalpHardwareInterrupt11    80015ddd     halx:ixirql.obj
 0001:00005ae0       HalpHardwareInterrupt12    80015de0     halx:ixirql.obj
 0001:00005ae3       HalpHardwareInterrupt13    80015de3     halx:ixirql.obj
 0001:00005ae6       HalpHardwareInterrupt14    80015de6     halx:ixirql.obj
 0001:00005ae9       HalpHardwareInterrupt15    80015de9     halx:ixirql.obj
 0001:00005aec       _HalpInitializePICs@0      80015dec f   halx:ixirql.obj
 0001:00005b1c       _HalpKickoffReadSMBus@12   80015e1c f   halx:smbussci.obj
 0001:00005b55       _HalReadSMBusValue@16      80015e55 f   halx:smbussci.obj
 0001:00005bec       _HalpKickoffWriteSMBus@16  80015eec f   halx:smbussci.obj
 0001:00005c30       _HalWriteSMBusValue@16     80015f30 f   halx:smbussci.obj
 0001:00005cb2       _HalpWriteSMCResetOrShutdownComplete@4 80015fb2 f   halx:smbussci.obj
 0001:00005ce5       _HalMustCompletePacketsFinished@0 80015fe5 f   halx:smbussci.obj
 0001:00005d5c       _HalpWriteSMCAudioClampComplete@4 8001605c f   halx:smbussci.obj
 0001:00005d7d       _HalpCommonResetOrShutdown@0 8001607d f   halx:smbussci.obj
 0001:00005d99       _HalpCommonResetOrShutdownComplete@4 80016099 f   halx:smbussci.obj
 0001:00005d9f       _HalpReadSMCVideoModeComplete@4 8001609f f   halx:smbussci.obj
 0001:00005e17       _HalpTrayEjectWriteSMCNonSecureComplete@4 80016117 f   halx:smbussci.obj
 0001:00005e40       _HalpTrayEjectWriteSMCResumeComplete@4 80016140 f   halx:smbussci.obj
 0001:00005ed2       _HalpTrayOpenWriteSMCResumeComplete@4 800161d2 f   halx:smbussci.obj
 0001:00005f2c       _HalpHandleNextSMCInterruptReason@4 8001622c f   halx:smbussci.obj
 0001:000060a6       _HalpReadSMCInterruptReasonComplete@4 800163a6 f   halx:smbussci.obj
 0001:000060c1       _HalpReadSMCInterruptReason@0 800163c1 f   halx:smbussci.obj
 0001:000060d7       _HalpReleaseSMBusLock@0    800163d7 f   halx:smbussci.obj
 0001:0000611b       _HalpDpcForSMBusInterrupt@16 8001641b f   halx:smbussci.obj
 0001:000061bd       _HalpDpcForSMBusRetry@16   800164bd f   halx:smbussci.obj
 0001:000061c9       _HalpDpcForSystemControlInterrupt@16 800164c9 f   halx:smbussci.obj
 0001:000061ea       _HalEnableTrayEjectRequiresReboot@4 800164ea f   halx:smbussci.obj
 0001:000062a4       _HalReadSMCTrayState@8     800165a4 f   halx:smbussci.obj
 0001:00006328       _HalWriteSMCLEDStates@4    80016628 f   halx:smbussci.obj
 0001:00006347       _HalIsResetOrShutdownPending@0 80016647 f   halx:smbussci.obj
 0001:00006352       _HalInitiateShutdown@0     80016652 f   halx:smbussci.obj
 0001:00006380       _HalWriteSMCScratchRegister@4 80016680 f   halx:smbussci.obj
 0001:00006398       _HalEnableSecureTrayEject@0 80016698 f   halx:smbussci.obj
 0001:000063bc       HalpSpecialDismissLevelTable 800166bc     halx:ixsysint.obj
 0001:000063fc       @HalBeginSystemInterrupt@8 800166fc f   halx:ixsysint.obj
 0001:00006430       @HalBeginClockInterrupt@8  80016730     halx:ixsysint.obj
 0001:00006430       @HalBeginProfileInterrupt@8 80016730     halx:ixsysint.obj
 0001:000064b4       @HalBeginSMBusInterrupt@8  800167b4     halx:ixsysint.obj
 0001:000064b4       @HalBeginSystemControlInterrupt@8 800167b4     halx:ixsysint.obj
 0001:000064d8       _HalDisableSystemInterrupt@4 800167d8 f   halx:ixsysint.obj
 0001:00006504       _HalEnableSystemInterrupt@8 80016804 f   halx:ixsysint.obj
 0001:00006564       _HalGetInterruptVector@8   80016864 f   halx:ixsysbus.obj
 0001:00006586       _HalpReadPCISpaceUchar@12  80016886 f   halx:pcispace.obj
 0001:000065b5       _HalpReadPCISpaceUshort@12 800168b5 f   halx:pcispace.obj
 0001:000065e6       _HalpReadPCISpaceUlong@12  800168e6 f   halx:pcispace.obj
 0001:0000660d       _HalpWritePCISpaceUchar@12 8001690d f   halx:pcispace.obj
 0001:0000663e       _HalpWritePCISpaceUshort@12 8001693e f   halx:pcispace.obj
 0001:00006671       _HalpWritePCISpaceUlong@12 80016971 f   halx:pcispace.obj
 0001:00006698       _HalReadWritePCISpace@24   80016998 f   halx:pcispace.obj
 0001:0000670d       _HalHaltSystem@0           80016a0d f   halx:ixreboot.obj
 0001:00006711       _HalRegisterShutdownNotification@8 80016a11 f   halx:ixreboot.obj
 0001:00006798       _HalpReboot@0              80016a98 f   halx:ixreboot.obj
 0001:000067b9       _HalReturnToFirmware@4     80016ab9 f   halx:ixreboot.obj
 0001:00006874       _KeQueryPerformanceCounter@0 80016b74 f   halx:pmtimer.obj
 0001:000068b0       _KeQueryPerformanceFrequency@0 80016bb0 f   halx:pmtimer.obj
 0001:000068b8       _HalpAcpiTimerCarry@0      80016bb8 f   halx:pmtimer.obj
 0001:00006900       _KeStallExecutionProcessor@4 80016c00 f   halx:ixstall.obj
 0001:00006938       _READ_PORT_BUFFER_UCHAR@12 80016c38 f   halx:xxioacc.obj
 0001:00006950       _READ_PORT_BUFFER_USHORT@12 80016c50 f   halx:xxioacc.obj
 0001:00006968       _READ_PORT_BUFFER_ULONG@12 80016c68 f   halx:xxioacc.obj
 0001:00006980       _WRITE_PORT_BUFFER_UCHAR@12 80016c80 f   halx:xxioacc.obj
 0001:00006998       _WRITE_PORT_BUFFER_USHORT@12 80016c98 f   halx:xxioacc.obj
 0001:000069b0       _WRITE_PORT_BUFFER_ULONG@12 80016cb0 f   halx:xxioacc.obj
 0001:000069c8       _HalQueryRealTimeClock@4   80016cc8 f   halx:ixcmos.obj
 0001:00006ae0       _HalSetRealTimeClock@4     80016de0 f   halx:ixcmos.obj
 0001:00006bf4       @HalpIsCmosSubrangeValid@8 80016ef4 f   halx:ixcmos.obj
 0001:00006c08       _HalIsCmosValid@0          80016f08 f   halx:ixcmos.obj
 0001:00006c34       @HalpMarkCmosSubrangeValid@0 80016f34 f   halx:ixcmos.obj
 0001:00006c48       _HalMarkCmosValid@0        80016f48 f   halx:ixcmos.obj
 0001:00006c70       _HalpAcquireCmosSpinLock@0 80016f70 f   halx:ixcmos.obj
 0001:00006c7c       _HalpReleaseCmosSpinLock@0 80016f7c f   halx:ixcmos.obj
 0001:00006c84       _ExpInitializeExecutive@0  80016f84 f   init:init.obj
 0001:00006cc8       _ExpStartDebugMonitor@0    80016fc8 f   init:init.obj
 0001:00006e77       _Phase1Initialization@4    80017177 f   init:init.obj
 0001:00007048       _IoAllocateIrp@4           80017348 f   io:iosubs.obj
 0001:000070ba       @IofCallDriver@8           800173ba f   io:iosubs.obj
 0001:000070ed       _IoCancelThreadIo@4        800173ed f   io:iosubs.obj
 0001:00007158       _IoCheckShareAccess@20     80017458 f   io:iosubs.obj
 0001:00007285       _IoCreateDevice@24         80017585 f   io:iosubs.obj
 0001:000073f5       _IoCreateFile@40           800176f5 f   io:iosubs.obj
 0001:0000758f       _IoCreateSymbolicLink@8    8001788f f   io:iosubs.obj
 0001:000075cc       _IoDeleteDevice@4          800178cc f   io:iosubs.obj
 0001:00007608       _IoDeleteSymbolicLink@4    80017908 f   io:iosubs.obj
 0001:00007650       _IoDismountVolume@4        80017950 f   io:iosubs.obj
 0001:000076a1       _IoDismountVolumeByName@4  800179a1 f   io:iosubs.obj
 0001:000076d9       _IoFreeIrp@4               800179d9 f   io:iosubs.obj
 0001:00007701       _IoInitializeIrp@12        80017a01 f   io:iosubs.obj
 0001:00007754       _IoLockUserBuffer@8        80017a54 f   io:iosubs.obj
 0001:0000777b       _IoMarkIrpMustComplete@4   80017a7b f   io:iosubs.obj
 0001:00007797       _IoQueryFileInformation@20 80017a97 f   io:iosubs.obj
 0001:000077b4       _IoQueryVolumeInformation@20 80017ab4 f   io:iosubs.obj
 0001:000077d1       _IoQueueThreadIrp@4        80017ad1 f   io:iosubs.obj
 0001:00007804       _IoRemoveShareAccess@8     80017b04 f   io:iosubs.obj
 0001:0000784d       _IoSetShareAccess@16       80017b4d f   io:iosubs.obj
 0001:0000791b       _IopStartNextPacket@4      80017c1b f   io:iosubs.obj
 0001:0000794a       _IopStartNextPacketByKey@8 80017c4a f   io:iosubs.obj
 0001:0000797d       _IopStartNextPacketDeferred@4 80017c7d f   io:iosubs.obj
 0001:000079a7       _IoStartNextPacket@4       80017ca7 f   io:iosubs.obj
 0001:000079d2       _IoStartNextPacketByKey@8  80017cd2 f   io:iosubs.obj
 0001:00007a06       _IoStartPacket@12          80017d06 f   io:iosubs.obj
 0001:00007a6e       _IoBuildAsynchronousFsdRequest@24 80017d6e f   io:iosubs.obj
 0001:00007adf       _IoBuildDeviceIoControlRequest@36 80017ddf f   io:iosubs.obj
 0001:00007b87       _IoBuildSynchronousFsdRequest@28 80017e87 f   io:iosubs.obj
 0001:00007bdf       @IofCompleteRequest@8      80017edf f   io:iosubs.obj
 0001:00007dc9       _IoInvalidDeviceRequest@8  800180c9 f   io:iosubs.obj
 0001:00007de3       _IoSynchronousDeviceIoControlRequest@32 800180e3 f   io:iosubs.obj
 0001:00007e5e       _IoSynchronousFsdRequest@20 8001815e f   io:iosubs.obj
 0001:00007ec7       _NtCreateIoCompletion@16   800181c7 f   io:complete.obj
 0001:00007f0f       _NtQueryIoCompletion@8     8001820f f   io:complete.obj
 0001:00007f43       _NtRemoveIoCompletion@20   80018243 f   io:complete.obj
 0001:00007fea       _IoSetIoCompletion@20      800182ea f   io:complete.obj
 0001:00008032       _IopDeleteIoCompletion@4   80018332 f   io:complete.obj
 0001:00008069       _NtSetIoCompletion@20      80018369 f   io:complete.obj
 0001:000080a9       _NtCreateFile@36           800183a9 f   io:create.obj
 0001:000080d2       _NtOpenFile@24             800183d2 f   io:create.obj
 0001:000080f7       _NtDeleteFile@4            800183f7 f   io:misc.obj
 0001:00008165       _NtQueryFullAttributesFile@8 80018465 f   io:misc.obj
 0001:000081d2       _NtUserIoApcDispatcher@12  800184d2 f   io:misc.obj
 0001:00008200       _NtFlushBuffersFile@8      80018500 f   io:misc.obj
 0001:000082dd       _NtDeviceIoControlFile@40  800185dd f   io:devctrl.obj
 0001:00008309       _NtFsControlFile@40        80018609 f   io:devctrl.obj
 0001:00008335       _NtQueryDirectoryFile@40   80018635 f   io:dir.obj
 0001:0000844e       _IopGetModeInformation@4   8001874e f   io:qsinfo.obj
 0001:0000847c       _NtQueryInformationFile@20 8001877c f   io:qsinfo.obj
 0001:000086b7       _NtSetInformationFile@20   800189b7 f   io:qsinfo.obj
 0001:00008a6b       _NtQueryVolumeInformationFile@20 80018d6b f   io:qsfs.obj
 0001:00008bb7       _NtReadFile@32             80018eb7 f   io:read.obj
 0001:00008d83       _NtReadFileScatter@32      80019083 f   io:read.obj
 0001:00008f78       _NtWriteFile@32            80019278 f   io:write.obj
 0001:0000915a       _NtWriteFileGather@32      8001945a f   io:write.obj
 0001:00009365       _IopAllocateIrpCleanup@8   80019665 f   io:internal.obj
 0001:00009394       _IopAllocateIrpMustSucceed@4 80019694 f   io:internal.obj
 0001:000093c3       _IopCompleteUnloadOrDelete@8 800196c3 f   io:internal.obj
 0001:000093f1       _IopDropIrp@8              800196f1 f   io:internal.obj
 0001:0000942f       _IopExceptionCleanup@12    8001972f f   io:internal.obj
 0001:00009462       _IopDecrementDeviceObjectRef@4 80019762 f   io:internal.obj
 0001:00009492       _IopOpenRenameTarget@16    80019792 f   io:internal.obj
 0001:0000953d       _IopSynchronousApiServiceTail@20 8001983d f   io:internal.obj
 0001:00009570       _IopUserCompletion@20      80019870 f   io:internal.obj
 0001:00009580       _IopUserRundown@4          80019880 f   io:internal.obj
 0001:00009590       _IopCompleteRequest@20     80019890 f   io:internal.obj
 0001:00009765       _IopDisassociateThreadIrp@0 80019a65 f   io:internal.obj
 0001:000097cd       _IopQueryXxxInformation@24 80019acd f   io:internal.obj
 0001:00009908       _IopSynchronousServiceTail@20 80019c08 f   io:internal.obj
 0001:000099ac       _IopXxxControlFile@44      80019cac f   io:internal.obj
 0001:00009af0       _IopMountVolume@8          80019df0 f   io:parse.obj
 0001:00009b6a       _IoParseDevice@28          80019e6a f   io:parse.obj
 0001:00009f88       _IopParseFile@28           8001a288 f   io:parse.obj
 0001:00009fc8       _IopCloseFile@8            8001a2c8 f   io:objsup.obj
 0001:0000a0c6       _IopDeleteFile@4           8001a3c6 f   io:objsup.obj
 0001:0000a1dc       @IopAcquireFileObjectLock@4 8001a4dc f   io:filelock.obj
 0001:0000a1f4       @IopReleaseFileObjectLock@4 8001a4f4 f   io:filelock.obj
 0001:0000a210       @KiUnlockDispatcherDatabase@4 8001a510 f   ke:ctxswap.obj
 0001:0000a2a4       @KiSwapThread@0            8001a5a4 f   ke:ctxswap.obj
 0001:0000a3a0       _KiDispatchInterrupt@0     8001a6a0 f   ke:ctxswap.obj
 0001:0000a430       SwapContext                8001a730 f   ke:ctxswap.obj
 0001:0000a4c4       _KeFlushCurrentTb@0        8001a7c4 f   ke:ctxswap.obj
 0001:0000a4cc       _KeFlushCurrentTbAndInvalidateAllCaches@0 8001a7cc f   ke:ctxswap.obj
 0001:0000a4d4       _KeInvalidateAllCaches@0   8001a7d4 f   ke:ctxswap.obj
 0001:0000a4d7       _KeInitializeThread@32     8001a7d7 f   ke:thredobj.obj
 0001:0000a5d0       _KeAlertThread@8           8001a8d0 f   ke:thredobj.obj
 0001:0000a621       _KeAlertResumeThread@4     8001a921 f   ke:thredobj.obj
 0001:0000a688       _KeBoostPriorityThread@8   8001a988 f   ke:thredobj.obj
 0001:0000a6d1       _KeDisableApcQueuingThread@4 8001a9d1 f   ke:thredobj.obj
 0001:0000a6ef       _KeEnableApcQueuingThread@4 8001a9ef f   ke:thredobj.obj
 0001:0000a70d       _KeForceResumeThread@4     8001aa0d f   ke:thredobj.obj
 0001:0000a747       _KeQueryBasePriorityThread@4 8001aa47 f   ke:thredobj.obj
 0001:0000a778       _KeReadyThread@4           8001aa78 f   ke:thredobj.obj
 0001:0000a794       _KeResumeThread@4          8001aa94 f   ke:thredobj.obj
 0001:0000a7d3       _KeSetBasePriorityThread@8 8001aad3 f   ke:thredobj.obj
 0001:0000a8a1       _KeSetDisableBoostThread@8 8001aba1 f   ke:thredobj.obj
 0001:0000a8c3       _KeSetPriorityThread@8     8001abc3 f   ke:thredobj.obj
 0001:0000a8fc       _KeSuspendThread@4         8001abfc f   ke:thredobj.obj
 0001:0000a957       _KeTestAlertThread@4       8001ac57 f   ke:thredobj.obj
 0001:0000a999       _KeRundownThread@0         8001ac99 f   ke:thredobj.obj
 0001:0000a9ee       _KeTerminateThread@0       8001acee f   ke:thredobj.obj
 0001:0000aa88       _KiBugCheckDebugBreak@4    8001ad88 f   ke:bugcheck.obj
 0001:0000aace       _KeBugCheckEx@20           8001adce f   ke:bugcheck.obj
 0001:0000ab80       _KeEnterKernelDebugger@0   8001ae80 f   ke:bugcheck.obj
 0001:0000abb7       _KeBugCheck@4              8001aeb7 f   ke:bugcheck.obj
 0001:0000abc7       _KeInitializeTimerEx@8     8001aec7 f   ke:timerobj.obj
 0001:0000abf4       _KeCancelTimer@4           8001aef4 f   ke:timerobj.obj
 0001:0000ac23       _KeSetTimerEx@20           8001af23 f   ke:timerobj.obj
 0001:0000acdd       _KeSetTimer@16             8001afdd f   ke:timerobj.obj
 0001:0000acf7       _KeInitializeInterrupt@28  8001aff7 f   ke:intobj.obj
 0001:0000ad64       _KeConnectInterrupt@4      8001b064 f   ke:intobj.obj
 0001:0000ade4       _KeDisconnectInterrupt@4   8001b0e4 f   ke:intobj.obj
 0001:0000ae4c       @KiComputeWaitInterval@12  8001b14c f   ke:wait.obj
 0001:0000aea5       _KiAdjustQuantumThread@4   8001b1a5 f   ke:wait.obj
 0001:0000af0f       _KeDelayExecutionThread@12 8001b20f f   ke:wait.obj
 0001:0000b0e0       _KeWaitForMultipleObjects@32 8001b3e0 f   ke:wait.obj
 0001:0000b3e1       _KeWaitForSingleObject@20  8001b6e1 f   ke:wait.obj
 0001:0000b64c       _KeQueryInterruptTime@0    8001b94c f   ke:miscc.obj
 0001:0000b664       _KeQuerySystemTime@4       8001b964 f   ke:miscc.obj
 0001:0000b687       _KeSetSystemTime@8         8001b987 f   ke:miscc.obj
 0001:0000b7e1       _KeEnterCriticalRegion@0   8001bae1 f   ke:miscc.obj
 0001:0000b7ea       _KeLeaveCriticalRegion@0   8001baea f   ke:miscc.obj
 0001:0000b80c       _KeGetPcr@0                8001bb0c f   ke:i386pcr.obj
 0001:0000b814       _KeGetCurrentPrcb@0        8001bb14 f   ke:i386pcr.obj
 0001:0000b81c       _KeGetCurrentThread@0      8001bb1c f   ke:i386pcr.obj
 0001:0000b824       _KeIsExecutingDpc@0        8001bb24 f   ke:i386pcr.obj
 0001:0000b82a       _KeInitializeApc@28        8001bb2a f   ke:apcobj.obj
 0001:0000b86e       _KeFlushQueueApc@8         8001bb6e f   ke:apcobj.obj
 0001:0000b8b1       _KeInsertQueueApc@16       8001bbb1 f   ke:apcobj.obj
 0001:0000b8f0       _KeRemoveQueueApc@4        8001bbf0 f   ke:apcobj.obj
 0001:0000b94b       _KeInitializeDeviceQueue@4 8001bc4b f   ke:devquobj.obj
 0001:0000b967       _KeInsertDeviceQueue@8     8001bc67 f   ke:devquobj.obj
 0001:0000b995       _KeInsertByKeyDeviceQueue@12 8001bc95 f   ke:devquobj.obj
 0001:0000b9dd       _KeRemoveDeviceQueue@4     8001bcdd f   ke:devquobj.obj
 0001:0000ba02       _KeRemoveByKeyDeviceQueue@8 8001bd02 f   ke:devquobj.obj
 0001:0000ba51       _KeRemoveEntryDeviceQueue@8 8001bd51 f   ke:devquobj.obj
 0001:0000ba80       _KeInitializeDpc@12        8001bd80 f   ke:dpcobj.obj
 0001:0000ba9e       _KeRemoveQueueDpc@4        8001bd9e f   ke:dpcobj.obj
 0001:0000babf       _KeInsertQueueDpc@12       8001bdbf f   ke:dpcobj.obj
 0001:0000bb37       _KeInitializeEvent@12      8001be37 f   ke:eventobj.obj
 0001:0000bb58       _KeResetEvent@4            8001be58 f   ke:eventobj.obj
 0001:0000bb76       _KeSetEventBoostPriority@8 8001be76 f   ke:eventobj.obj
 0001:0000bbbe       _KePulseEvent@12           8001bebe f   ke:eventobj.obj
 0001:0000bc14       _KeSetEvent@12             8001bf14 f   ke:eventobj.obj
 0001:0000bc8b       _KeInitializeMutant@8      8001bf8b f   ke:mutntobj.obj
 0001:0000bce8       _KeReleaseMutant@16        8001bfe8 f   ke:mutntobj.obj
 0001:0000bd8d       _KeInitializeQueue@8       8001c08d f   ke:queueobj.obj
 0001:0000bdcf       _KeRundownQueue@4          8001c0cf f   ke:queueobj.obj
 0001:0000be18       @KiActivateWaiterQueue@4   8001c118 f   ke:queueobj.obj
 0001:0000be55       _KeRemoveQueue@12          8001c155 f   ke:queueobj.obj
 0001:0000c01d       @KiInsertQueue@12          8001c31d f   ke:queueobj.obj
 0001:0000c0bf       _KeInsertQueue@8           8001c3bf f   ke:queueobj.obj
 0001:0000c0e7       _KeInsertHeadQueue@8       8001c3e7 f   ke:queueobj.obj
 0001:0000c10f       _KeInitializeSemaphore@12  8001c40f f   ke:semphobj.obj
 0001:0000c133       _KeReleaseSemaphore@16     8001c433 f   ke:semphobj.obj
 0001:0000c1a8       _KeSaveFloatingPointState@4 8001c4a8 f   ke:misc.obj
 0001:0000c2f8       _KeRestoreFloatingPointState@4 8001c5f8 f   ke:misc.obj
 0001:0000c404       _KeInitializeProcess@8     8001c704 f   ke:procobj.obj
 0001:0000c426       _KeSetPriorityProcess@8    8001c726 f   ke:procobj.obj
 0001:0000c520       _KeSynchronizeExecution@12 8001c820 f   ke:intsup.obj
 0001:0000c550       _KiInterruptDispatch@0     8001c850 f   ke:intsup.obj
 0001:0000c580       _KiLevelInterruptDispatch@0 8001c880 f   ke:intsup.obj
 0001:0000c5a6       _KiInterruptTemplate       8001c8a6     ke:intsup.obj
 0001:0000c5d1       _KiInterruptTemplate2ndDispatch 8001c8d1     ke:intsup.obj
 0001:0000c5d6       _KiInterruptTemplateObject 8001c8d6     ke:intsup.obj
 0001:0000c5db       _KiInterruptTemplateDispatch 8001c8db     ke:intsup.obj
 0001:0000c5db       _KiUnexpectedInterrupt     8001c8db f   ke:intsup.obj
 0001:0000c5e3       _NtYieldExecution@0        8001c8e3 f   ke:yield.obj
 0001:0000c68c       _KeQuickRebootSystem@0     8001c98c f   ke:newsysbg.obj
 0001:0000c715       KiIdleLoop                 8001ca15 f   ke:newsysbg.obj
 0001:0000c758       _KeRetireDpcListLoop@0     8001ca58 f   ke:newsysbg.obj
 0001:0000c77f       KiRetireDpcList            8001ca7f f   ke:newsysbg.obj
 0001:0000c7f0       _KiStartUnexpectedRange@0  8001caf0     ke:trap.obj
 0001:0000c7f0       _KiUnexpectedInterrupt0    8001caf0 f   ke:trap.obj
 0001:0000c7fa       _KiUnexpectedInterrupt1    8001cafa f   ke:trap.obj
 0001:0000c804       _KiUnexpectedInterrupt2    8001cb04 f   ke:trap.obj
 0001:0000c80e       _KiUnexpectedInterrupt3    8001cb0e f   ke:trap.obj
 0001:0000c818       _KiUnexpectedInterrupt4    8001cb18 f   ke:trap.obj
 0001:0000c822       _KiUnexpectedInterrupt5    8001cb22 f   ke:trap.obj
 0001:0000c82c       _KiUnexpectedInterrupt6    8001cb2c f   ke:trap.obj
 0001:0000c836       _KiUnexpectedInterrupt7    8001cb36 f   ke:trap.obj
 0001:0000c840       _KiUnexpectedInterrupt8    8001cb40 f   ke:trap.obj
 0001:0000c84a       _KiUnexpectedInterrupt9    8001cb4a f   ke:trap.obj
 0001:0000c854       _KiUnexpectedInterrupt10   8001cb54 f   ke:trap.obj
 0001:0000c85e       _KiUnexpectedInterrupt11   8001cb5e f   ke:trap.obj
 0001:0000c868       _KiUnexpectedInterrupt12   8001cb68 f   ke:trap.obj
 0001:0000c872       _KiUnexpectedInterrupt13   8001cb72 f   ke:trap.obj
 0001:0000c87c       _KiUnexpectedInterrupt14   8001cb7c f   ke:trap.obj
 0001:0000c886       _KiUnexpectedInterrupt15   8001cb86 f   ke:trap.obj
 0001:0000c890       _KiEndUnexpectedRange@0    8001cb90     ke:trap.obj
 0001:0000c890       _KiContinueService         8001cb90 f   ke:trap.obj
 0001:0000c8c0       _KiRaiseExceptionService   8001cbc0 f   ke:trap.obj
 0001:0000c8e5       _KiServiceExit             8001cbe5     ke:trap.obj
 0001:0000c95e       _KiServiceExit2            8001cc5e     ke:trap.obj
 0001:0000c9f0       _KiExceptionExit           8001ccf0 f   ke:trap.obj
 0001:0000ca7f       _KiUnexpectedInterruptTail 8001cd7f f   ke:trap.obj
 0001:0000cae4       CommonDispatchException    8001cde4 f   ke:trap.obj
 0001:0000cb24       _KiTrap00                  8001ce24 f   ke:trap.obj
 0001:0000cb50       _KiTrap01                  8001ce50 f   ke:trap.obj
 0001:0000cb84       _KiTrap02                  8001ce84 f   ke:trap.obj
 0001:0000cbac       _KiDebugService            8001ceac f   ke:trap.obj
 0001:0000cbd8       _KiTrap03                  8001ced8 f   ke:trap.obj
 0001:0000cc1c       _KiTrap04                  8001cf1c f   ke:trap.obj
 0001:0000cc48       _KiTrap05                  8001cf48 f   ke:trap.obj
 0001:0000cc74       _KiTrap06                  8001cf74 f   ke:trap.obj
 0001:0000cca0       _KiTrap07                  8001cfa0 f   ke:trap.obj
 0001:0000ce08       _KiTrap08                  8001d108 f   ke:trap.obj
 0001:0000ce60       _KiTrap09                  8001d160 f   ke:trap.obj
 0001:0000ce88       _KiTrap0A                  8001d188 f   ke:trap.obj
 0001:0000ceb0       _KiTrap0B                  8001d1b0 f   ke:trap.obj
 0001:0000cedc       _KiTrap0E                  8001d1dc f   ke:trap.obj
 0001:0000cfd8       _KiTrap0F                  8001d2d8 f   ke:trap.obj
 0001:0000d000       _KiTrap10                  8001d300 f   ke:trap.obj
 0001:0000d044       _KiTrap11                  8001d344 f   ke:trap.obj
 0001:0000d06c       _KiTrap13                  8001d36c f   ke:trap.obj
 0001:0000d168       _KiFlushNPXState@0         8001d468 f   ke:trap.obj
 0001:0000d1ac       _KiSetHardwareTrigger@0    8001d4ac f   ke:trap.obj
 0001:0000d1b4       _KiSystemFatalException    8001d4b4 f   ke:trap.obj
 0001:0000d1c4       _NtContinue@8              8001d4c4 f   ke:trap.obj
 0001:0000d1f8       _ZwContinue@8              8001d4f8 f   ke:trap.obj
 0001:0000d208       _NtRaiseException@12       8001d508 f   ke:trap.obj
 0001:0000d234       _ZwRaiseException@12       8001d534 f   ke:trap.obj
 0001:0000d245       @KiInsertQueueApc@8        8001d545 f   ke:apcsup.obj
 0001:0000d311       _KiDeliverApc@0            8001d611 f   ke:apcsup.obj
 0001:0000d3ff       _KiDeliverUserApc@0        8001d6ff f   ke:apcsup.obj
 0001:0000d494       _KiDisableInterrupts@0     8001d794 f   ke:int.obj
 0001:0000d4a0       _KiRestoreInterrupts@4     8001d7a0 f   ke:int.obj
 0001:0000d4b4       @RDMSR@4                   8001d7b4 f   ke:cpu.obj
 0001:0000d4b8       _WRMSR@12                  8001d7b8 f   ke:cpu.obj
 0001:0000d4c9       _KiSuspendNop@20           8001d7c9 f   ke:thredsup.obj
 0001:0000d4cc       @KiFindReadyThread@4       8001d7cc f   ke:thredsup.obj
 0001:0000d554       @KiReadyThread@4           8001d854 f   ke:thredsup.obj
 0001:0000d60f       @KiSetPriorityThread@8     8001d90f f   ke:thredsup.obj
 0001:0000d6cd       _KiSuspendThread@12        8001d9cd f   ke:thredsup.obj
 0001:0000d6e7       @KiUnwaitThread@12         8001d9e7 f   ke:waitsup.obj
 0001:0000d7a2       @KiWaitSatisfyAll@4        8001daa2 f   ke:waitsup.obj
 0001:0000d81f       @KiWaitTest@8              8001db1f f   ke:waitsup.obj
 0001:0000d8f9       @KiTimerListExpire@8       8001dbf9 f   ke:dpcsup.obj
 0001:0000da08       _KiQuantumEnd@0            8001dd08 f   ke:dpcsup.obj
 0001:0000da86       _KiTimerExpiration@16      8001dd86 f   ke:dpcsup.obj
 0001:0000db32       _KiInitializeContextThread@20 8001de32 f   ke:thredini.obj
 0001:0000dbb7       @KiInsertTimerTable@20     8001deb7 f   ke:timersup.obj
 0001:0000dc67       @KiInsertTreeTimer@12      8001df67 f   ke:timersup.obj
 0001:0000dce7       @KiReinsertTreeTimer@12    8001dfe7 f   ke:timersup.obj
 0001:0000dd44       _KiPreInitializeKernel@0   8001e044 f   ke:kernlini.obj
 0001:0000dd94       _KiSwapIDT@0               8001e094 f   ke:kernlini.obj
 0001:0000ddc7       _KiInitializeKernel@0      8001e0c7 f   ke:kernlini.obj
 0001:0000defa       _KiEspFromTrapFrame@4      8001e1fa f   ke:exceptn.obj
 0001:0000df11       _KiEspToTrapFrame@8        8001e211 f   ke:exceptn.obj
 0001:0000df4c       _KeContextFromKframes@8    8001e24c f   ke:exceptn.obj
 0001:0000e026       _KeContextToKframes@12     8001e326 f   ke:exceptn.obj
 0001:0000e0f1       _KiDispatchException@16    8001e3f1 f   ke:exceptn.obj
 0001:0000e1a1       _KiRaiseException@20       8001e4a1 f   ke:raisexcp.obj
 0001:0000e1ce       _KiContinue@12             8001e4ce f   ke:raisexcp.obj
 0001:0000e20a       _Ki386CheckDivideByZeroTrap@4 8001e50a f   ke:trapc.obj
 0001:0000e3e0       _KiThreadStartup@4         8001e6e0 f   ke:threadbg.obj
 0001:0000e414       _KiComputeTimerTableIndex@20 8001e714 f   ke:timindex.obj
 0001:0000e49c       _KiInitSystem@0            8001e79c f   ke:kiinit.obj
 0001:0000e4e3       _FscBuildElementLruList@0  8001e7e3 f   mmcon:fscache.obj
 0001:0000e53e       _FscGrowCacheSize@4        8001e83e f   mmcon:fscache.obj
 0001:0000e632       _FscGetCacheSize@0         8001e932 f   mmcon:fscache.obj
 0001:0000e638       _FscLookupElement@8        8001e938 f   mmcon:fscache.obj
 0001:0000e690       _FscElementFromCacheBuffer@4 8001e990 f   mmcon:fscache.obj
 0001:0000e6c3       _FscTestForFullyCachedIo@16 8001e9c3 f   mmcon:fscache.obj
 0001:0000e731       _FscInvalidateBlocks@12    8001ea31 f   mmcon:fscache.obj
 0001:0000e7be       _FscInvalidateDevice@4     8001eabe f   mmcon:fscache.obj
 0001:0000e7ce       _FscInvalidateByteRange@16 8001eace f   mmcon:fscache.obj
 0001:0000e806       _FscInvalidateIdleBlocks@0 8001eb06 f   mmcon:fscache.obj
 0001:0000e87f       _FscShrinkCacheSize@4      8001eb7f f   mmcon:fscache.obj
 0001:0000ea1a       _FscSetCacheSize@4         8001ed1a f   mmcon:fscache.obj
 0001:0000ea80       _FscAllocateElement@0      8001ed80 f   mmcon:fscache.obj
 0001:0000eae1       @FscSetCacheBufferProtection@8 8001ede1 f   mmcon:fscache.obj
 0001:0000eb0f       _FscMapEmptyBuffer@16      8001ee0f f   mmcon:fscache.obj
 0001:0000ebaf       _FscUnmapBuffer@4          8001eeaf f   mmcon:fscache.obj
 0001:0000ec17       _FscDiscardBuffer@4        8001ef17 f   mmcon:fscache.obj
 0001:0000ec89       _FscWriteFFs@20            8001ef89 f   mmcon:fscache.obj
 0001:0000ee02       _FscMapBuffer@24           8001f102 f   mmcon:fscache.obj
 0001:0000f019       _FscWriteBuffer@24         8001f319 f   mmcon:fscache.obj
 0001:0000f10d       _FscPartiallyCachedRead@28 8001f40d f   mmcon:fscache.obj
 0001:0000f20b       _FscCachedRead@24          8001f50b f   mmcon:fscache.obj
 0001:0000f36f       _MmGetPhysicalAddress@4    8001f66f f   mmcon:physical.obj
 0001:0000f3bd       _MmAllocateContiguousMemoryEx@20 8001f6bd f   mmcon:physical.obj
 0001:0000f57f       _MmQueryAllocationSize@4   8001f87f f   mmcon:physical.obj
 0001:0000f5bc       _MmPersistContiguousMemory@12 8001f8bc f   mmcon:physical.obj
 0001:0000f61c       _MmMapIoSpace@12           8001f91c f   mmcon:physical.obj
 0001:0000f6e5       _MmUnmapIoSpace@8          8001f9e5 f   mmcon:physical.obj
 0001:0000f738       _MmLockUnlockBufferPages@12 8001fa38 f   mmcon:physical.obj
 0001:0000f7c7       _MmLockUnlockPhysicalPage@8 8001fac7 f   mmcon:physical.obj
 0001:0000f805       _MmLockSelectedIoPages@16  8001fb05 f   mmcon:physical.obj
 0001:0000f907       _MmUnlockSelectedIoPages@4 8001fc07 f   mmcon:physical.obj
 0001:0000f9b2       _MmAllocateContiguousMemory@4 8001fcb2 f   mmcon:physical.obj
 0001:0000f9c6       _MmFreeContiguousMemory@4  8001fcc6 f   mmcon:physical.obj
 0001:0000fa29       _MmClaimGpuInstanceMemory@8 8001fd29 f   mmcon:physical.obj
 0001:0000fb1d       _MmIsAddressValid@4        8001fe1d f   mmcon:mmsup.obj
 0001:0000fb6d       @MiMakePteProtectionMask@8 8001fe6d f   mmcon:mmsup.obj
 0001:0000fbf5       @MiMakeSystemPteProtectionMask@8 8001fef5 f   mmcon:mmsup.obj
 0001:0000fc39       @MiDecodePteProtectionMask@4 8001ff39 f   mmcon:mmsup.obj
 0001:0000fc71       _MmQueryAddressProtect@4   8001ff71 f   mmcon:mmsup.obj
 0001:0000fcd2       _MmQueryStatistics@4       8001ffd2 f   mmcon:mmsup.obj
 0001:0000fd48       _MiAllocateMappedMemory@24 80020048 f   mmcon:mmsup.obj
 0001:0000fe35       _MiFreeMappedMemory@12     80020135 f   mmcon:mmsup.obj
 0001:0000feef       _MmSetAddressProtect@12    800201ef f   mmcon:mmsup.obj
 0001:0000ff72       _MmAllocateSystemMemory@8  80020272 f   mmcon:mmsup.obj
 0001:0000ff90       _MmFreeSystemMemory@8      80020290 f   mmcon:mmsup.obj
 0001:0000ffa5       _MmAllocatePoolPages@4     800202a5 f   mmcon:mmsup.obj
 0001:0000ffc1       _MmFreePoolPages@4         800202c1 f   mmcon:mmsup.obj
 0001:0000ffd4       _MmCreateKernelStack@8     800202d4 f   mmcon:mmsup.obj
 0001:00010016       _MmDeleteKernelStack@8     80020316 f   mmcon:mmsup.obj
 0001:0001004d       _MmDbgAllocateMemory@8     8002034d f   mmcon:debugsup.obj
 0001:0001006c       _MmDbgFreeMemory@8         8002036c f   mmcon:debugsup.obj
 0001:00010081       _MmDbgQueryAvailablePages@0 80020381 f   mmcon:debugsup.obj
 0001:00010089       _MmDbgWriteCheck@8         80020389 f   mmcon:debugsup.obj
 0001:000100ed       _MmDbgReleaseAddress@8     800203ed f   mmcon:debugsup.obj
 0001:00010136       _MmDbgTranslatePhysicalAddress64@8 80020436 f   mmcon:debugsup.obj
 0001:00010163       _MmInitSystem@0            80020463 f   mmcon:mminit.obj
 0001:000102a4       _MmDiscardInitSection@0    800205a4 f   mmcon:mminit.obj
 0001:00010327       _MmRelocatePersistentMemory@0 80020627 f   mmcon:mminit.obj
 0001:000103ee       _MmPrepareToQuickRebootSystem@0 800206ee f   mmcon:mminit.obj
 0001:00010484       _NtQueryVirtualMemory@8    80020784 f   mmcon:virtual.obj
 0001:00010688       _NtProtectVirtualMemory@16 80020988 f   mmcon:virtual.obj
 0001:0001080b       _NtAllocateVirtualMemory@20 80020b0b f   mmcon:virtual.obj
 0001:00010c3f       _NtFreeVirtualMemory@12    80020f3f f   mmcon:virtual.obj
 0001:00010eeb       @MiInsertPageInFreeList@8  800211eb f   mmcon:pfnsup.obj
 0001:00010f91       _MiInsertPhysicalMemoryInFreeList@8 80021291 f   mmcon:pfnsup.obj
 0001:00010fb2       @MiRemovePageFromFreeList@4 800212b2 f   mmcon:pfnsup.obj
 0001:0001103c       @MiRemoveAnyPageFromFreeList@0 8002133c f   mmcon:pfnsup.obj
 0001:000110ca       @MiRemoveAnyPage@8         800213ca f   mmcon:pfnsup.obj
 0001:000110fb       @MiReleasePageOwnership@4  800213fb f   mmcon:pfnsup.obj
 0001:00011115       _MmReleaseDeveloperKitMemory@0 80021415 f   mmcon:pfnsup.obj
 0001:00011134       @MiRemoveDebuggerPage@8    80021434 f   mmcon:pfnsup.obj
 0001:000111c3       _MiReinitializePfnDatabase@0 800214c3 f   mmcon:pfnsup.obj
 0001:0001120f       @MiRemoveZeroPage@8        8002150f f   mmcon:pfnsup.obj
 0001:00011287       @MiRelocateBusyPage@4      80021587 f   mmcon:pfnsup.obj
 0001:00011431       _MmAccessFault@12          80021731 f   mmcon:mmfault.obj
 0001:00011509       _MiReleaseSystemPtes@12    80021809 f   mmcon:sysptes.obj
 0001:000115ea       _MiReserveSystemPtes@8     800218ea f   mmcon:sysptes.obj
 0001:00011740       @MiZeroAndFlushPtes@8      80021a40 f   mmcon:mmsupa.obj
 0001:0001175c       _MiRelocateBusyPageHelper@20 80021a5c f   mmcon:mmsupa.obj
 0001:00011794       _MiReorderTree@8           80021a94 f   mmcon:addrsup.obj
 0001:00011933       @MiGetNextNode@4           80021c33 f   mmcon:addrsup.obj
 0001:0001195d       @MiGetPreviousNode@4       80021c5d f   mmcon:addrsup.obj
 0001:00011983       @MiInsertNode@8            80021c83 f   mmcon:addrsup.obj
 0001:000119df       @MiRemoveNode@8            80021cdf f   mmcon:addrsup.obj
 0001:00011b71       @MiLocateAddressInTree@8   80021e71 f   mmcon:addrsup.obj
 0001:00011bac       _MiCheckForConflictingNode@12 80021eac f   mmcon:addrsup.obj
 0001:00011bd2       _MiFindEmptyAddressRangeInTree@16 80021ed2 f   mmcon:addrsup.obj
 0001:00011cbc       _MiFindEmptyAddressRangeDownTree@16 80021fbc f   mmcon:addrsup.obj
 0001:00011dcb       _MiInsertVad@4             800220cb f   mmcon:vadtree.obj
 0001:00011dfb       _MiRemoveVad@4             800220fb f   mmcon:vadtree.obj
 0001:00011e36       @MiLocateAddress@4         80022136 f   mmcon:vadtree.obj
 0001:00011e60       _MiFindEmptyAddressRange@12 80022160 f   mmcon:vadtree.obj
 0001:00011edd       _ObReferenceObjectByName@20 800221dd f   ob:obref.obj
 0001:00011efa       @ObfReferenceObject@4      800221fa f   ob:obref.obj
 0001:00011f0f       _ObReferenceObjectByPointer@8 8002220f f   ob:obref.obj
 0001:00011f3c       @ObfDereferenceObject@4    8002223c f   ob:obref.obj
 0001:00011f7a       _ObOpenObjectByPointer@12  8002227a f   ob:obref.obj
 0001:00011fca       _ObReferenceObjectByHandle@12 800222ca f   ob:obref.obj
 0001:00012041       _ObOpenObjectByName@16     80022341 f   ob:obref.obj
 0001:000120a2       _ObpDetachNamedObject@8    800223a2 f   ob:obhandle.obj
 0001:0001213c       _NtClose@4                 8002243c f   ob:obhandle.obj
 0001:000121c4       _NtDuplicateObject@12      800224c4 f   ob:obhandle.obj
 0001:00012211       _ObMakeTemporaryObject@4   80022511 f   ob:obhandle.obj
 0001:00012249       _NtMakeTemporaryObject@4   80022549 f   ob:obhandle.obj
 0001:00012278       _NtCreateDirectoryObject@8 80022578 f   ob:obdir.obj
 0001:000122b2       _NtOpenDirectoryObject@8   800225b2 f   ob:obdir.obj
 0001:000122c9       _NtQueryDirectoryObject@24 800225c9 f   ob:obdir.obj
 0001:000123b8       @ObpComputeHashIndex@4     800226b8 f   ob:obdir.obj
 0001:000123f2       _ObpLookupElementNameInDirectory@16 800226f2 f   ob:obdir.obj
 0001:00012496       _ObpReferenceObjectByName@24 80022796 f   ob:obdir.obj
 0001:0001268c       _ObpResolveLinkTarget@8    8002298c f   ob:oblink.obj
 0001:000127bd       _NtCreateSymbolicLinkObject@12 80022abd f   ob:oblink.obj
 0001:0001284f       _NtOpenSymbolicLinkObject@8 80022b4f f   ob:oblink.obj
 0001:00012866       _NtQuerySymbolicLinkObject@12 80022b66 f   ob:oblink.obj
 0001:000128dd       _ObpDeleteSymbolicLink@4   80022bdd f   ob:oblink.obj
 0001:000128eb       _NtSignalAndWaitForSingleObjectEx@20 80022beb f   ob:obwait.obj
 0001:00012a00       _NtWaitForSingleObjectEx@16 80022d00 f   ob:obwait.obj
 0001:00012a75       _NtWaitForMultipleObjectsEx@24 80022d75 f   ob:obwait.obj
 0001:00012bd6       _NtWaitForSingleObject@12  80022ed6 f   ob:obwait.obj
 0001:00012bec       _ObCreateObject@16         80022eec f   ob:obcreate.obj
 0001:00012cfa       _ObInsertObject@16         80022ffa f   ob:obcreate.obj
 0001:00012eea       _ObpExtendObjectHandleTable@0 800231ea f   ob:obtable.obj
 0001:00012fbc       _ObpCreateObjectHandle@4   800232bc f   ob:obtable.obj
 0001:0001300d       _ObpGetObjectHandleReference@4 8002330d f   ob:obtable.obj
 0001:00013058       _ObpGetObjectHandleContents@4 80023358 f   ob:obtable.obj
 0001:0001308a       _ObpDestroyObjectHandle@4  8002338a f   ob:obtable.obj
 0001:000130d9       _ObpCreatePermanentDirectoryObject@8 800233d9 f   ob:obmanage.obj
 0001:00013127       _ObInitSystem@0            80023427 f   ob:obmanage.obj
 0001:0001319d       _ObDissectName@16          8002349d f   ob:obmanage.obj
 0001:00013212       _PspQueueApcSpecialApc@20  80023512 f   ps:psctx.obj
 0001:0001321e       _NtQueueApcThread@20       8002351e f   ps:psctx.obj
 0001:00013298       _NtResumeThread@8          80023598 f   ps:psspnd.obj
 0001:000132d3       _NtSuspendThread@8         800235d3 f   ps:psspnd.obj
 0001:00013378       _PspSystemThreadStartup@8  80023678 f   ps:create.obj
 0001:000133a2       _PsCreateSystemThreadEx@40 800236a2 f   ps:create.obj
 0001:00013542       _PsSetCreateThreadNotifyRoutine@4 80023842 f   ps:create.obj
 0001:00013571       _PsCreateSystemThread@20   80023871 f   ps:create.obj
 0001:0001359b       _PsQueryStatistics@4       8002389b f   ps:psquery.obj
 0001:000135c8       _PspReaper@16              800238c8 f   ps:psdelete.obj
 0001:0001360c       _PsTerminateSystemThread@4 8002390c f   ps:psdelete.obj
 0001:00013726       _PsInitSystem@0            80023a26 f   ps:psinit.obj
 0001:00013770       @RtlUshortByteSwap@4       80023a70 f   ntosrtl:byteswap.obj
 0001:00013780       @RtlUlongByteSwap@4        80023a80 f   ntosrtl:byteswap.obj
 0001:00013788       _DbgBreakPoint@0           80023a88 f   ntosrtl:debug2.obj
 0001:0001378c       _DbgBreakPointWithStatus@4 80023a8c f   ntosrtl:debug2.obj
 0001:00013790       _RtlpBreakWithStatusInstruction@0 80023a90     ntosrtl:debug2.obj
 0001:00013794       _DbgPrint                  80023a94 f   ntosrtl:debug.obj
 0001:000137ee       _DbgPrompt@12              80023aee f   ntosrtl:debug.obj
 0001:0001382d       _DbgLoadImageSymbols@12    80023b2d f   ntosrtl:debug.obj
 0001:0001386f       _DbgUnLoadImageSymbols@12  80023b6f f   ntosrtl:debug.obj
 0001:00013899       _RtlAnsiStringToUnicodeString@12 80023b99 f   ntosrtl:nls.obj
 0001:00013937       _RtlUnicodeStringToAnsiString@12 80023c37 f   ntosrtl:nls.obj
 0001:000139ea       _RtlUpcaseUnicodeString@12 80023cea f   ntosrtl:nls.obj
 0001:00013abd       _RtlDowncaseUnicodeString@12 80023dbd f   ntosrtl:nls.obj
 0001:00013b8e       _RtlUpcaseUnicodeChar@4    80023e8e f   ntosrtl:nls.obj
 0001:00013bd9       _RtlDowncaseUnicodeChar@4  80023ed9 f   ntosrtl:nls.obj
 0001:00013c27       _RtlFreeAnsiString@4       80023f27 f   ntosrtl:nls.obj
 0001:00013c27       _RtlFreeUnicodeString@4    80023f27 f   ntosrtl:nls.obj
 0001:00013c41       _RtlCompareUnicodeString@12 80023f41 f   ntosrtl:nls.obj
 0001:00013d8f       _RtlEqualUnicodeString@12  8002408f f   ntosrtl:nls.obj
 0001:00013e93       _RtlCopyUnicodeString@8    80024193 f   ntosrtl:nls.obj
 0001:00013ef1       _RtlAppendUnicodeToString@8 800241f1 f   ntosrtl:nls.obj
 0001:00013f62       _RtlAppendUnicodeStringToString@8 80024262 f   ntosrtl:nls.obj
 0001:00013fc8       _RtlCreateUnicodeString@8  800242c8 f   ntosrtl:nls.obj
 0001:00014012       _RtlCopyString@8           80024312 f   ntosrtl:string.obj
 0001:00014054       _RtlUpperChar@4            80024354 f   ntosrtl:string.obj
 0001:000140b0       _RtlLowerChar@4            800243b0 f   ntosrtl:string.obj
 0001:0001410c       _RtlCompareString@12       8002440c f   ntosrtl:string.obj
 0001:00014198       _RtlEqualString@12         80024498 f   ntosrtl:string.obj
 0001:0001420b       _RtlPrefixString@12        8002450b f   ntosrtl:string.obj
 0001:00014291       _RtlUpperString@8          80024591 f   ntosrtl:string.obj
 0001:000142d1       _RtlAppendStringToString@8 800245d1 f   ntosrtl:string.obj
 0001:0001431d       _RtlAssert@16              8002461d f   ntosrtl:assert.obj
 0001:000143bb       _RtlRip@12                 800246bb f   ntosrtl:assert.obj
 0001:00014454       _RtlpExecuteHandlerForException@20 80024754 f   ntosrtl:xcptmisc.obj
 0001:0001445c       _RtlpExecuteHandlerForUnwind@20 8002475c f   ntosrtl:xcptmisc.obj
 0001:00014464       ExecuteHandler@20          80024764 f   ntosrtl:xcptmisc.obj
 0001:000144ec       _RtlpUnlinkHandler@4       800247ec f   ntosrtl:xcptmisc.obj
 0001:000144fc       _RtlCaptureContext@4       800247fc f   ntosrtl:xcptmisc.obj
 0001:0001452c       _RtlpCaptureContext@4      8002482c f   ntosrtl:xcptmisc.obj
 0001:000145a0       _RtlpGetStackLimits@8      800248a0 f   ntosrtl:xcptmisc.obj
 0001:000145bc       _RtlpGetRegistrationHead@0 800248bc f   ntosrtl:xcptmisc.obj
 0001:000145c4       _RtlpGetReturnAddress@0    800248c4 f   ntosrtl:xcptmisc.obj
 0001:000145c8       _RtlWalkFrameChain@12      800248c8 f   ntosrtl:stktrace.obj
 0001:00014670       _RtlCaptureStackBackTrace@16 80024970 f   ntosrtl:stktrace.obj
 0001:000146e0       _RtlIntegerToChar@16       800249e0 f   ntosrtl:cnvint.obj
 0001:000147d0       _RtlCharToInteger@12       80024ad0 f   ntosrtl:cnvint.obj
 0001:000148f2       _RtlUnicodeStringToInteger@12 80024bf2 f   ntosrtl:cnvint.obj
 0001:00014a72       _RtlIntegerToUnicodeString@12 80024d72 f   ntosrtl:cnvint.obj
 0001:00014ac0       _RtlCompareMemory@12       80024dc0 f   ntosrtl:movemem.obj
 0001:00014b10       _RtlCompareMemoryUlong@12  80024e10 f   ntosrtl:movemem.obj
 0001:00014b40       _RtlFillMemory@12          80024e40 f   ntosrtl:movemem.obj
 0001:00014b80       _RtlFillMemoryUlong@12     80024e80 f   ntosrtl:movemem.obj
 0001:00014ba0       _RtlZeroMemory@8           80024ea0 f   ntosrtl:movemem.obj
 0001:00014bd0       _RtlMoveMemory@12          80024ed0 f   ntosrtl:movemem.obj
 0001:00014c20       _RtlEnterCriticalSectionAndRegion@4 80024f20 f   ntosrtl:critsect.obj
 0001:00014c40       _RtlEnterCriticalSection@4 80024f40 f   ntosrtl:critsect.obj
 0001:00014c90       _RtlLeaveCriticalSectionAndRegion@4 80024f90 f   ntosrtl:critsect.obj
 0001:00014cf0       _RtlLeaveCriticalSection@4 80024ff0 f   ntosrtl:critsect.obj
 0001:00014d28       _RtlTryEnterCriticalSection@4 80025028 f   ntosrtl:critsect.obj
 0001:00014d70       _RtlExtendedLargeIntegerDivide@16 80025070 f   ntosrtl:largeint.obj
 0001:00014dcc       _RtlExtendedMagicDivide@20 800250cc f   ntosrtl:largeint.obj
 0001:00014e5c       _RtlExtendedIntegerMultiply@12 8002515c f   ntosrtl:largeint.obj
 0001:00014eb4       _RtlGetCallersAddress@8    800251b4 f   ntosrtl:stkwalk.obj
 0001:00014f4c       _RtlInitAnsiString@8       8002524c f   ntosrtl:stringsp.obj
 0001:00014f78       _RtlInitUnicodeString@8    80025278 f   ntosrtl:stringsp.obj
 0001:00014fa7       _RtlInitializeCriticalSection@4 800252a7 f   ntosrtl:resource.obj
 0001:00014fcc       _RtlMapGenericMask@8       800252cc f   ntosrtl:sertl.obj
 0001:0001501c       _RtlMultiByteToUnicodeN@20 8002531c f   ntosrtl:nlsxlat.obj
 0001:00015059       _RtlMultiByteToUnicodeSize@12 80025359 f   ntosrtl:nlsxlat.obj
 0001:0001506a       _RtlUnicodeToMultiByteSize@12 8002536a f   ntosrtl:nlsxlat.obj
 0001:0001507b       _RtlUnicodeToMultiByteN@20 8002537b f   ntosrtl:nlsxlat.obj
 0001:000150bf       _RtlUpcaseUnicodeToMultiByteN@20 800253bf f   ntosrtl:nlsxlat.obj
 0001:00015173       _RtlNtStatusToDosError@4   80025473 f   ntosrtl:error.obj
 0001:0001524c       _RtlRaiseException@4       8002554c f   ntosrtl:raise.obj
 0001:000152e6       _RtlRaiseStatus@4          800255e6 f   ntosrtl:raisests.obj
 0001:0001530e       _ElapsedDaysToYears@4      8002560e f   ntosrtl:time.obj
 0001:0001537e       _DaysAndFractionToTime@12  8002567e f   ntosrtl:time.obj
 0001:000153b6       _RtlTimeToTimeFields@8     800256b6 f   ntosrtl:time.obj
 0001:000154ec       _RtlTimeFieldsToTime@8     800257ec f   ntosrtl:time.obj
 0001:0001567b       _RtlDispatchException@8    8002597b f   ntosrtl:exdsptch.obj
 0001:00015772       _RtlUnwind@16              80025a72 f   ntosrtl:exdsptch.obj
 0001:00015916       _RtlImageNtHeader@4        80025c16 f   ntosrtl:imagedir.obj
 0001:00015955       _RtlSectionTableFromVirtualAddress@12 80025c55 f   ntosrtl:imagedir.obj
 0001:00015990       _RtlAddressInSectionTable@12 80025c90 f   ntosrtl:imagedir.obj
 0001:000159bb       _RtlpImageDirectoryEntryToData32@20 80025cbb f   ntosrtl:imagedir.obj
 0001:00015a17       _RtlImageDirectoryEntryToData@16 80025d17 f   ntosrtl:imagedir.obj
 0001:00015a55       _LdrProcessRelocationBlock@16 80025d55 f   ntosrtl:ldrreloc.obj
 0001:00015ad1       _LdrRelocateImage@20       80025dd1 f   ntosrtl:ldrreloc.obj
 0001:00015b3c       _DebugService@12           80025e3c f   ntosrtl:debug3.obj
 0001:00015b56       _DebugUnLoadImageSymbols@8 80025e56 f   ntosrtl:debug3.obj
 0001:00015b76       _DebugPrint@4              80025e76 f   ntosrtl:debug3.obj
 0001:00015b9a       _DebugPrompt@8             80025e9a f   ntosrtl:debug3.obj
 0001:00015bbc       _DebugLoadImageSymbols@8   80025ebc f   ntosrtl:debug3.obj
 0001:00015bdc       _IdexDiskPollResetComplete@0 80025edc f   idexcon:disk.obj
 0001:00015bfd       _IdexDiskResetDevice@0     80025efd f   idexcon:disk.obj
 0001:00015c6c       _IdexDiskSelectDeviceAndSpinWhileBusy@0 80025f6c f   idexcon:disk.obj
 0001:00015cab       _IdexDiskNoTransferInterrupt@0 80025fab f   idexcon:disk.obj
 0001:00015cd9       _IdexDiskTransferInterrupt@0 80025fd9 f   idexcon:disk.obj
 0001:00015d57       _IdexDiskFinishGeneric@0   80026057 f   idexcon:disk.obj
 0001:00015d83       @IdexDiskStartVerify@4     80026083 f   idexcon:disk.obj
 0001:00015df8       _IdexDiskVerify@8          800260f8 f   idexcon:disk.obj
 0001:00015e64       _IdexDiskFinishReadWrite@0 80026164 f   idexcon:disk.obj
 0001:00015ed2       @IdexDiskStartReadWrite@4  800261d2 f   idexcon:disk.obj
 0001:00015f9c       _IdexDiskReadWrite@8       8002629c f   idexcon:disk.obj
 0001:0001606f       @IdexDiskStartFlushBuffers@4 8002636f f   idexcon:disk.obj
 0001:000160b8       _IdexDiskFlushBuffers@8    800263b8 f   idexcon:disk.obj
 0001:000160d6       _IdexDiskGetDriveGeometry@8 800263d6 f   idexcon:disk.obj
 0001:0001611c       _IdexDiskGetPartitionInfo@8 8002641c f   idexcon:disk.obj
 0001:00016150       _IdexDiskDeviceControl@8   80026450 f   idexcon:disk.obj
 0001:000161d4       _IdexDiskStartIo@8         800264d4 f   idexcon:disk.obj
 0001:0001625c       _IdexDiskShutdownSystem@0  8002655c f   idexcon:disk.obj
 0001:0001629a       _IdexDiskPartitionCreate@4 8002659a f   idexcon:disk.obj
 0001:000163b9       _IdexDiskParseDirectory@28 800266b9 f   idexcon:disk.obj
 0001:000164dc       _IdexDiskCreateQuick@0     800267dc f   idexcon:disk.obj
 0001:000165a8       @IdexChannelSpinWhileBusy@4 800268a8 f   idexcon:channel.obj
 0001:000165cf       @IdexChannelSpinWhileBusyAndNotDrq@4 800268cf f   idexcon:channel.obj
 0001:000165fa       _IdexChannelSetTimerPeriod@4 800268fa f   idexcon:channel.obj
 0001:0001661d       @IdexChannelPrepareBufferTransfer@8 8002691d f   idexcon:channel.obj
 0001:000166cc       _IdexChannelPrepareScatterGatherTransfer@12 800269cc f   idexcon:channel.obj
 0001:00016767       _IdexChannelInterrupt@8    80026a67 f   idexcon:channel.obj
 0001:0001677e       _IdexChannelDpcForIsr@16   80026a7e f   idexcon:channel.obj
 0001:00016787       _IdexChannelStartNextPacketStock@0 80026a87 f   idexcon:channel.obj
 0001:000167ee       _IdexChannelStartPacketStock@8 80026aee f   idexcon:channel.obj
 0001:00016856       _IdexChannelRestartCurrentPacket@0 80026b56 f   idexcon:channel.obj
 0001:0001686f       _IdexChannelAbortCurrentPacket@0 80026b6f f   idexcon:channel.obj
 0001:00016889       @IdexChannelInvalidParameterRequest@4 80026b89 f   idexcon:channel.obj
 0001:0001689d       _IdexChannelIdePassThroughInterrupt@0 80026b9d f   idexcon:channel.obj
 0001:00016921       _IdexChannelFinishIdePassThrough@0 80026c21 f   idexcon:channel.obj
 0001:00016934       _IdexChannelStartIdePassThrough@12 80026c34 f   idexcon:channel.obj
 0001:00016a23       _IdexChannelIssueImmediateCommand@8 80026d23 f   idexcon:channel.obj
 0001:00016a6c       _IdexChannelPollResetComplete@0 80026d6c f   idexcon:channel.obj
 0001:00016acd       _IdexChannelTimer@16       80026dcd f   idexcon:channel.obj
 0001:00016b63       _IdexChannelCreate@0       80026e63 f   idexcon:channel.obj
 0001:00016c34       _IdexCdRomPollResetComplete@0 80026f34 f   idexcon:cdrom.obj
 0001:00016c46       _IdexCdRomResetDevice@0    80026f46 f   idexcon:cdrom.obj
 0001:00016c85       _IdexCdRomSelectDeviceAndSpinWhileBusy@0 80026f85 f   idexcon:cdrom.obj
 0001:00016cc0       _IdexCdRomWritePacket@4    80026fc0 f   idexcon:cdrom.obj
 0001:00016d11       _IdexCdRomNoTransferInterrupt@0 80027011 f   idexcon:cdrom.obj
 0001:00016d4d       _IdexCdRomTransferInterrupt@0 8002704d f   idexcon:cdrom.obj
 0001:00016dd3       _IdexCdRomIssueAtapiRequest@20 800270d3 f   idexcon:cdrom.obj
 0001:00016e63       _IdexCdRomSetSpindleSpeed@8 80027163 f   idexcon:cdrom.obj
 0001:00016ee4       _IdexCdRomFinishSpeedReduction@0 800271e4 f   idexcon:cdrom.obj
 0001:00016efd       _IdexCdRomSpeedReductionRequested@0 800271fd f   idexcon:cdrom.obj
 0001:00016f2e       _IdexCdRomFinishSpindleSpeedRestore@0 8002722e f   idexcon:cdrom.obj
 0001:00016f41       _IdexCdRomCheckForRestoreSpindleSpeed@8 80027241 f   idexcon:cdrom.obj
 0001:00016fa2       _IdexCdRomFinishRequestSense@0 800272a2 f   idexcon:cdrom.obj
 0001:00017158       _IdexCdRomFinishGeneric@0  80027458 f   idexcon:cdrom.obj
 0001:000171c2       _IdexCdRomFinishGenericWithOverrun@0 800274c2 f   idexcon:cdrom.obj
[...]
 0006:00026cd4       _HalpSetupPCIDevices@0     80073bf4 f   halx:pcisetup.obj
 0006:0002704c       _HalpInitializeClock@0     80073f6c f   halx:ixclock.obj
 0006:00027070       _g_Image                   80073f90     init:fatal.obj
 0006:00028770       _Verts                     80075690     init:fatal.obj
 0006:00028800       _D3DSIMPLERENDERSTATEENCODE 80075720     init:fatal.obj
 0006:00028948       _D3DPRIMITIVETOVERTEXCOUNT 80075868     init:fatal.obj
 0006:00029d68       _event_fcns                80076c88     ani:sos.obj
 0006:00029e00       _call_fcns                 80076d20     ani:sos.obj
 0006:00029e48       _pitch_table_dsp           80076d68     ani:dev.obj
 0006:00029e50       _ThunEl16Data              80076d70     ani:dev.obj
 0006:0002f398       _GlockData                 8007c2b8     ani:dev.obj
 0006:00030258       _BubbleData                8007d178     ani:dev.obj
 0006:00031c98       _max_processes             8007ebb8     ani:dev.obj
 0006:00031c9a       _max_tracks                8007ebba     ani:dev.obj
 0006:00031ca0       _filter_functions          8007ebc0     ani:dev.obj
 0006:00031ce0       _silence_functions         8007ec00     ani:dev.obj
 0006:00031d20       _note_on_functions         8007ec40     ani:dev.obj
 0006:00031d60       _slur_functions            8007ec80     ani:dev.obj
 0006:00031da0       _note_off_functions        8007ecc0     ani:dev.obj
 0006:00031de0       _patch_functions           8007ed00     ani:dev.obj
 0006:00031e20       _volume_functions          8007ed40     ani:dev.obj
 0006:00031e60       _pan_functions             8007ed80     ani:dev.obj
 0006:00031ea0       _user_1_var_evf_functions  8007edc0     ani:dev.obj
 0006:00031ea4       _user_2_var_evf_functions  8007edc4     ani:dev.obj
 0006:00031ea8       _PatchSin                  8007edc8     ani:stboot.obj
 0006:00031ebc       _PatchSaw1                 8007eddc     ani:stboot.obj
 0006:00031ed0       _PatchSaw2                 8007edf0     ani:stboot.obj
 0006:00031ee4       _PatchSaw3                 8007ee04     ani:stboot.obj
 0006:00031ef8       _PatchSquare               8007ee18     ani:stboot.obj
 0006:00031f0c       _PatchEnvNoise1            8007ee2c     ani:stboot.obj
 0006:00031f20       _PatchFM                   8007ee40     ani:stboot.obj
 0006:00031f34       _PatchGlock                8007ee54     ani:stboot.obj
 0006:00031f48       _PatchThunEl16             8007ee68     ani:stboot.obj
 0006:00031f5c       _PatchRevThun              8007ee7c     ani:stboot.obj
 0006:00031f70       _PatchBubble               8007ee90     ani:stboot.obj
 0006:00031f88       _Boot0                     8007eea8     ani:stboot.obj
 0006:00032008       _Boot1                     8007ef28     ani:stboot.obj
 0006:00032058       _Boot2                     8007ef78     ani:stboot.obj
 0006:00032098       _Boot3                     8007efb8     ani:stboot.obj
 0006:000320e0       _Boot4                     8007f000     ani:stboot.obj
 0006:00032180       _Boot5                     8007f0a0     ani:stboot.obj
 0006:000321e8       _Boot6                     8007f108     ani:stboot.obj
 0006:000321f4       _Boot8                     8007f114     ani:stboot.obj
 0006:00032210       _Boot7                     8007f130     ani:stboot.obj
 0006:00032270       _Boot9                     8007f190     ani:stboot.obj
 0006:000322a8       _BootA                     8007f1c8     ani:stboot.obj
 0006:000322dc       _BootB                     8007f1fc     ani:stboot.obj
 0006:00032310       _Tune0                     8007f230     ani:stboot.obj
 0006:00032364       _Tune1                     8007f284     ani:stboot.obj
 0006:00032370       _sound_calls               8007f290     ani:stboot.obj
 0006:00032390       _ExpBldrEncryptionKey      8007f2b0     init:init.obj
 0006:000323a0       _LEDSegmentDef             8007f2c0     init:fatal.obj
 0006:000323a8       _LEDCharDef                8007f2c8     init:fatal.obj
 0006:000323b4       _gBootAnimation_DoAnimation 8007f2d4     ani:animate.obj
 0006:000323b8       _gBootAnimation_DoSound    8007f2d8     ani:animate.obj
 0006:000323bc       ?g_ImageLogo@@3PAEA        8007f2dc     ani:mslogo.obj
 0006:000323c0       ?g_pTexMicrosoftLogo@@3PAUD3DTexture@@A 8007f2e0     ani:mslogo.obj
 0006:000323c4       ?g_pVBMicrosoftLogo@@3PAUD3DVertexBuffer@@A 8007f2e4     ani:mslogo.obj
 0006:000323c8       ?g_ImageLogoSize@@3IA      8007f2e8     ani:mslogo.obj
 0006:000323cc       _g_EventLogo               8007f2ec     ani:mslogo.obj
 0006:000323dc       _g_EventLogoWaiting        8007f2fc     ani:mslogo.obj
 0006:000323f0       ?gApp@@3VXBoxStartupApp@@A 8007f310     ani:xbs_app.obj
 0006:00033c10       ?g_NVCLKSpeed@@3KA         80080b30     ani:xbs_app.obj
 0006:00033c14       ?mul@?1??fRand01@XBoxStartupApp@@QAEMXZ@4MA 80080b34     ani:xbs_app.obj
 0006:00033c18       ?mul@?1??fRand11@XBoxStartupApp@@QAEMXZ@4MA 80080b38     ani:xbs_app.obj
 0006:00033c1c       ?gpd3dDev@@3PAUD3DDevice@@A 80080b3c     ani:renderer.obj
 0006:00033c20       ?pam_0@@3PBU__m128@@B      80080b40     ani:fastmath.obj
 0006:00033c24       ?pam_1@@3PBU__m128@@B      80080b44     ani:fastmath.obj
 0006:00033c28       ?pam_minus_1@@3PBU__m128@@B 80080b48     ani:fastmath.obj
 0006:00033c2c       ?pam_0p5@@3PBU__m128@@B    80080b4c     ani:fastmath.obj
 0006:00033c30       ?pam_1p5@@3PBU__m128@@B    80080b50     ani:fastmath.obj
 0006:00033c34       ?pam_3_over_2@@3PBU__m128@@B 80080b54     ani:fastmath.obj
 0006:00033c38       ?pam_pi@@3PBU__m128@@B     80080b58     ani:fastmath.obj
 0006:00033c3c       ?pam_pi_over_2@@3PBU__m128@@B 80080b5c     ani:fastmath.obj
 0006:00033c40       ?pam_2_over_pi@@3PBU__m128@@B 80080b60     ani:fastmath.obj
 0006:00033c44       ?pam_sign_mask@@3PBU__m128@@B 80080b64     ani:fastmath.obj
 0006:00033c48       ?pam_inv_sign_mask@@3PBU__m128@@B 80080b68     ani:fastmath.obj
 0006:00033c4c       ?pam_min_pos_norm@@3PBU__m128@@B 80080b6c     ani:fastmath.obj
 0006:00033c50       ?pam_mant_mask@@3PBU__m128@@B 80080b70     ani:fastmath.obj
 0006:00033c54       ?pam_inv_mant_mask@@3PBU__m128@@B 80080b74     ani:fastmath.obj
 0006:00033c58       ?gpVBlob@@3PAVVBlob@@A     80080b78     ani:vblob.obj
 0006:00033c5c       ?m_QRand@VBlob@@1VQRand@@A 80080b7c     ani:vblob.obj
 0006:00033c60       ?mul@?1??fRand01@VBlob@@SGMXZ@4MA 80080b80     ani:vblob.obj
 0006:00033c64       ?mul@?1??fRand11@VBlob@@SGMXZ@4MA 80080b84     ani:vblob.obj
 0006:00033c68       ?svCameraList@CameraController@@1PAUCamControlNode@@A 80080b88     ani:camcontrol.obj
 0006:00034158       ?svCameraListData@CameraController@@1PAUCamControlNodeData@@A 80081078     ani:camcontrol.obj
 0006:000343a8       ?verts_xboxlogointerior_0C@@3PAFA 800812c8     ani:logo_renderer.obj
 0006:00035740       ?indices_xboxlogointerior_0C@@3PADA 80082660     ani:logo_renderer.obj
 0006:00035e40       ?verts_xboxlogolip_0C@@3PAFA 80082d60     ani:logo_renderer.obj
 0006:00036678       ?indices_xboxlogolip_0C@@3PADA 80083598     ani:logo_renderer.obj
 0006:000367c8       ?verts_xboxlogosurfacetop_0C@@3PAFA 800836e8     ani:logo_renderer.obj
 0006:00036920       ?indices_xboxlogosurfacetop_0C@@3PADA 80083840     ani:logo_renderer.obj
 0006:00036990       ?verts_xboxlogosurface_0C@@3PAFA 800838b0     ani:logo_renderer.obj
 0006:00036c98       ?indices_xboxlogosurface_0C@@3PADA 80083bb8     ani:logo_renderer.obj
 0006:00036d7c       ?verts_tm_slash_0C@@3PAFA  80083c9c     ani:logo_renderer.obj
 0006:00036da4       ?indices_tm_slash_0C@@3PADA 80083cc4     ani:logo_renderer.obj
 0006:00036dac       ?verts_tm_wordmark_0C@@3PAFA 80083ccc     ani:logo_renderer.obj
 0006:00036dd4       ?indices_tm_wordmark_0C@@3PADA 80083cf4     ani:logo_renderer.obj
 0006:00036de0       ?verts_text_0C@@3PAFA      80083d00     ani:logo_renderer.obj
 0006:00037188       ?indices_text_0C@@3PADA    800840a8     ani:logo_renderer.obj
 0006:00037358       ?pos_anim_text@@3PAU_D3DVECTOR@@A 80084278     ani:logo_renderer.obj
 0006:00037370       ?tm_pixels@@3PAKA          80084290     ani:logo_renderer.obj
 0006:00037770       ?theRotAnimSeq@@3PAURotAnimSeq@@A 80084690     ani:scene_renderer.obj
 0006:000381a8       ?thePosAnimSeq@@3PAUPosAnimSeq@@A 800850c8     ani:scene_renderer.obj
 0006:00038ce8       ?numPos@@3FA               80085c08     ani:scene_renderer.obj
 0006:00038cf0       ?thePos@@3PAFA             80085c10     ani:scene_renderer.obj
 0006:00039470       ?numQuats@@3FA             80086390     ani:scene_renderer.obj
 0006:00039478       ?theQuats@@3PAFA           80086398     ani:scene_renderer.obj
 0006:00039e28       ?theQuatSigns@@3PAKA       80086d48     ani:scene_renderer.obj
 0006:00039e60       ?theSphereInsts@@3PAUSphereInst@@A 80086d80     ani:scene_renderer.obj
 0006:0003a020       ?theSphereVers@@3PAUSphereVers@@A 80086f40     ani:scene_renderer.obj
 0006:0003a028       ?theCylinderInsts@@3PAUCylinderInst@@A 80086f48     ani:scene_renderer.obj
 0006:0003a3d4       ?theCylinderVers@@3PAUCylinderVers@@A 800872f4     ani:scene_renderer.obj
 0006:0003a3e0       ?theBoxInsts@@3PAUBoxInst@@A 80087300     ani:scene_renderer.obj
 0006:0003aaa0       ?theTorusInsts@@3PAUTorusInst@@A 800879c0     ani:scene_renderer.obj
 0006:0003afe0       ?theTorusVers@@3PAUTorusVers@@A 80087f00     ani:scene_renderer.obj
 0006:0003b018       ?theConeInsts@@3PAUConeInst@@A 80087f38     ani:scene_renderer.obj
 0006:0003b1b0       ?theConeVers@@3PAUConeVers@@A 800880d0     ani:scene_renderer.obj
 0006:0003b1e0       ?theSurfOfRevInsts@@3PAUSurfOfRevInst@@A 80088100     ani:scene_renderer.obj
 0006:0003b228       ?theSurfOfRevVers@@3PAUSurfOfRevVers@@A 80088148     ani:scene_renderer.obj
 0006:0003b8a4       _sound_call                800887c4     ani:sos.obj
 0006:0003b8a8       ?g_BootSoundTimer@@3U_KTIMER@@A 800887c8     ani:bootsound.obj
 0006:0003b8d0       ?g_BootSoundDpc@@3U_KDPC@@A 800887f0     ani:bootsound.obj
 0006:0003b8f0       _queue_list                80088810     ani:dev.obj
 0006:0003bc38       _ThunEl16                  80088b58     ani:dev.obj
 0006:000466b8       _channel_level             800935d8     ani:dev.obj
 0006:000466c8       _Saw128                    800935e8     ani:dev.obj
 0006:000467c8       _track_status              800936e8     ani:dev.obj
 0006:00046ec8       _m_pDSBuffer               80093de8     ani:dev.obj
 0006:00046f08       _dsp_data                  80093e28     ani:dev.obj
 0006:00046f10       _FM32768                   80093e30     ani:dev.obj
 0006:00056f10       _m_pDSound                 800a3e30     ani:dev.obj
 0006:00056f18       _Sin128                    800a3e38     ani:dev.obj
 0006:00057018       _Bubble                    800a3f38     ani:dev.obj
 0006:0005a498       _ReverseThunEl16           800a73b8     ani:dev.obj
 0006:00064f18       _Noise8192                 800b1e38     ani:dev.obj
 0006:00068f18       _dsp_address               800b5e38     ani:dev.obj
 0006:00068f20       _Glock                     800b5e40     ani:dev.obj
 0006:0006ac94       _pan_table                 800b7bb4     ani:dev.obj
 0006:0006ac9c       _un_char                   800b7bbc     ani:evf.obj
 0006:0006aca0       _un_int                    800b7bc0     ani:evf.obj
 0006:0006aca4       _ptr                       800b7bc4     ani:evf.obj
 0006:0006aca8       _master_music_volume       800b7bc8     ani:globals.obj
 0006:0006acac       _global_music_xpose        800b7bcc     ani:globals.obj
 0006:0006acb0       _fifo                      800b7bd0     ani:globals.obj
 0006:0006acc4       _current_call              800b7be4     ani:globals.obj
 0006:0006acc8       _sos_only                  800b7be8     ani:globals.obj
 0006:0006acc9       _current_channel           800b7be9     ani:globals.obj
 0006:0006accc       _process_queue             800b7bec     ani:globals.obj
 0006:0006acd0       _clock_cntr_value          800b7bf0     ani:globals.obj
 0006:0006acd2       _last_music_call           800b7bf2     ani:globals.obj
 0006:0006acd3       _system_clock_fxlow        800b7bf3     ani:globals.obj
 0006:0006acd4       _music_atten               800b7bf4     ani:globals.obj
 0006:0006acd8       _ti                        800b7bf8     ani:globals.obj
 0006:0006acdc       _sound_call_table          800b7bfc     ani:globals.obj
 0006:0006acdd       _clock_cntr_save           800b7bfd     ani:globals.obj
 0006:0006ace0       _dp_word1                  800b7c00     ani:globals.obj
 0006:0006ace2       _gtifbtmp                  800b7c02     ani:globals.obj
 0006:0006ace3       _marker                    800b7c03     ani:globals.obj
 0006:0006ace4       _a_value                   800b7c04     ani:globals.obj
 0006:0006ace8       _global_effect_xpose       800b7c08     ani:globals.obj
 0006:0006acea       _system_clock_mlow         800b7c0a     ani:globals.obj
 0006:0006acec       _global_fxpose             800b7c0c     ani:globals.obj
 0006:0006acf0       _system_clock_fx           800b7c10     ani:globals.obj
 0006:0006acf2       _b_value                   800b7c12     ani:globals.obj
 0006:0006acf4       _value_16_bit              800b7c14     ani:globals.obj
 0006:0006acf8       _system_clock_music        800b7c18     ani:globals.obj
 0006:0006acfc       _clock_cntr                800b7c1c     ani:globals.obj
 0006:0006acfe       _current_timer_priority    800b7c1e     ani:globals.obj
 0006:0006ad00       _current_process           800b7c20     ani:globals.obj
 0006:0006ad04       _current_level             800b7c24     ani:globals.obj
 0006:0006ad05       _master_effect_volume      800b7c25     ani:globals.obj
 0006:0006ad08       _pp                        800b7c28     ani:proc.obj
 0006:0006ad10       _sound_calls2              800b7c30     ani:stboot.obj
 0006:0006ad20       _Env1a                     800b7c40     ani:stboot.obj
 0006:0006ad48       _Env1m                     800b7c68     ani:stboot.obj
 0006:0006ad70       _Env2a                     800b7c90     ani:stboot.obj
 0006:0006ad98       _Env2m                     800b7cb8     ani:stboot.obj
 0006:0006adc0       _Env3a                     800b7ce0     ani:stboot.obj
 0006:0006ade8       _Env3m                     800b7d08     ani:stboot.obj
 0006:0006ae10       _OpenEnva                  800b7d30     ani:stboot.obj
 0006:0006ae38       _OpenEnvm                  800b7d58     ani:stboot.obj
 0006:0006ae60       _SawEnv1a                  800b7d80     ani:stboot.obj
 0006:0006ae88       _SawEnv1m                  800b7da8     ani:stboot.obj
 0006:0006aeb0       _SawEnv2a                  800b7dd0     ani:stboot.obj
 0006:0006aed8       _SawEnv2m                  800b7df8     ani:stboot.obj
 0006:0006af00       _NoiseEnv1a                800b7e20     ani:stboot.obj
 0006:0006af28       _NoiseEnv1m                800b7e48     ani:stboot.obj
 0006:0006af50       _Patches                   800b7e70     ani:stboot.obj
 0006:0006af7c       _Boot                      800b7e9c     ani:stboot.obj
 0006:0006afac       _Tune                      800b7ecc     ani:stboot.obj
 0006:0006afb0       _max_sound_call            800b7ed0     ani:stboot.obj
 0006:0006afb4       _default_clock_value       800b7ed4     ani:stboot.obj
 0006:0006afb8       ??0Swizzler@@QAE@XZ        800b7ed8 f i xgraphics:swizzler.obj
 0006:0006afd7       ?Init@Swizzler@@QAEXKKK@Z  800b7ef7 f i xgraphics:swizzler.obj
 0006:0006b038       ?SwizzleU@Swizzler@@QAEKK@Z 800b7f58 f i xgraphics:swizzler.obj
 0006:0006b061       ?SwizzleV@Swizzler@@QAEKK@Z 800b7f81 f i xgraphics:swizzler.obj
 0006:0006b08a       ?Log2@XGRAPHICS@@YIKK@Z    800b7faa f i xgraphics:swizzler.obj
 0006:0006b096       ?GetMasks2@XGRAPHICS@@YGXHHPAK0@Z 800b7fb6 f i xgraphics:swizzler.obj
 0006:0006b10a       ?swiz2d_8bit@XGRAPHICS@@YGXPBXPAXHH@Z 800b802a f   xgraphics:swizzler.obj
 0006:0006b20a       ?swiz2d_16bit@XGRAPHICS@@YGXPBXPAXHH@Z 800b812a f   xgraphics:swizzler.obj
 0006:0006b308       ?swiz2d_32bit@XGRAPHICS@@YGXPBXPAXHH@Z 800b8228 f   xgraphics:swizzler.obj
 0006:0006b401       ?Swizzle1x1Column@?$XGInternalSwizzler@K@XGRAPHICS@@SGXPAUXGINTERNALSWIZZLE@2@@Z 800b8321 f i xgraphics:swizzler.obj
 0006:0006b482       ?Swizzle2x1@?$XGInternalSwizzler@K@XGRAPHICS@@SGXPAUXGINTERNALSWIZZLE@2@@Z 800b83a2 f i xgraphics:swizzler.obj
 0006:0006b556       ?Swizzle1x1Column@?$XGInternalSwizzler@G@XGRAPHICS@@SGXPAUXGINTERNALSWIZZLE@2@@Z 800b8476 f i xgraphics:swizzler.obj
 0006:0006b5d9       ?Swizzle2x1@?$XGInternalSwizzler@G@XGRAPHICS@@SGXPAUXGINTERNALSWIZZLE@2@@Z 800b84f9 f i xgraphics:swizzler.obj
 0006:0006b6a5       ?Swizzle1x1Column@?$XGInternalSwizzler@E@XGRAPHICS@@SGXPAUXGINTERNALSWIZZLE@2@@Z 800b85c5 f i xgraphics:swizzler.obj
 0006:0006b720       ?Swizzle2x1@?$XGInternalSwizzler@_J@XGRAPHICS@@SGXPAUXGINTERNALSWIZZLE@2@@Z 800b8640 f i xgraphics:swizzler.obj
 0006:0006b7fc       _XGSwizzleRect@32          800b871c f   xgraphics:swizzler.obj
 0006:0006bf4d       ?IsCompressedD3DFORMAT@XGRAPHICS@@YG_NK@Z 800b8e6d f i xgraphics:header.obj
 0006:0006bf69       ?MinimumTextureSizeOfD3DFORMAT@XGRAPHICS@@YGKK@Z 800b8e89 f i xgraphics:header.obj
 0006:0006bf7c       ?EncodeFormat@XGRAPHICS@@YGKKKKKW4_D3DFORMAT@@K_N1PAK2@Z 800b8e9c f   xgraphics:header.obj
 0006:0006c11b       _XGSetSurfaceHeader@24     800b903b f   xgraphics:header.obj
 0006:0006c160       ?g_TextureFormat@XGRAPHICS@@3QBEB 800b9080     xgraphics:header.obj

 entry point at        0006:0001854c

 Static symbols

 0001:0000c5a6       _KiShutUpAssembler         8001c8a6 f   ke:intsup.obj
 0001:0001449e       ExceptionHandler@16        8002479e f   ntosrtl:xcptmisc.obj
 0001:000144c5       UnwindHandler@16           800247c5 f   ntosrtl:xcptmisc.obj
 0001:0001fdcb       _write_char                800300cb f   libcntpr:output.obj
 0001:0001fdfe       _write_multi_char          800300fe f   libcntpr:output.obj
 0001:0001fe22       _write_string              80030122 f   libcntpr:output.obj
 0001:000204e0       __unwind_handler           800307e0 f   libcntpr:exsup.obj
 0006:0000a570       ?nvKelvinACSelect2@D3DK@@YGJPAVCDevice@1@KK@Z 80057490 f   d3d8ntpr:combiner.obj
 0006:0000a5b0       ?nvKelvinACAdd@D3DK@@YGJPAVCDevice@1@KK@Z 800574d0 f   d3d8ntpr:combiner.obj
 0006:0000a610       ?nvKelvinACSub@D3DK@@YGJPAVCDevice@1@KK@Z 80057530 f   d3d8ntpr:combiner.obj
 0006:0000a670       ?nvKelvinACAddSmooth@D3DK@@YGJPAVCDevice@1@KK@Z 80057590 f   d3d8ntpr:combiner.obj
 0006:0000a6d0       ?nvKelvinACBlendAlpha@D3DK@@YGJPAVCDevice@1@KKK@Z 800575f0 f   d3d8ntpr:combiner.obj
 0006:0000a7b0       ?nvKelvinACPremodulate@D3DK@@YGJPAVCDevice@1@KK@Z 800576d0 f   d3d8ntpr:combiner.obj
 0006:0000a870       ?nvKelvinACMultiplyAdd@D3DK@@YGJPAVCDevice@1@HH@Z 80057790 f   d3d8ntpr:combiner.obj
 0006:0000a8d0       ?nvKelvinACLerp@D3DK@@YGJPAVCDevice@1@HH@Z 800577f0 f   d3d8ntpr:combiner.obj
 0006:0000ad70       ?nvKelvinCCSelect2@D3DK@@YGJPAVCDevice@1@KK@Z 80057c90 f   d3d8ntpr:combiner.obj
 0006:0000adb0       ?nvKelvinCCAdd@D3DK@@YGJPAVCDevice@1@KK@Z 80057cd0 f   d3d8ntpr:combiner.obj
 0006:0000ae10       ?nvKelvinCCSub@D3DK@@YGJPAVCDevice@1@KK@Z 80057d30 f   d3d8ntpr:combiner.obj
 0006:0000ae70       ?nvKelvinCCAddSmooth@D3DK@@YGJPAVCDevice@1@KK@Z 80057d90 f   d3d8ntpr:combiner.obj
 0006:0000aed0       ?nvKelvinCCBlendAlpha@D3DK@@YGJPAVCDevice@1@KKK@Z 80057df0 f   d3d8ntpr:combiner.obj
 0006:0000afc0       ?nvKelvinCCPremodulate@D3DK@@YGJPAVCDevice@1@KK@Z 80057ee0 f   d3d8ntpr:combiner.obj
 0006:0000b080       ?nvKelvinCCModulateAlpha@D3DK@@YGJPAVCDevice@1@KKH@Z 80057fa0 f   d3d8ntpr:combiner.obj
 0006:0000b0f0       ?nvKelvinCCModulateColor@D3DK@@YGJPAVCDevice@1@KKH@Z 80058010 f   d3d8ntpr:combiner.obj
 0006:0000b160       ?nvKelvinBumpMap@D3DK@@YGJPAVCDevice@1@KK@Z 80058080 f   d3d8ntpr:combiner.obj
 0006:0000b1c0       ?nvKelvinCCMultiplyAdd@D3DK@@YGJPAVCDevice@1@HH@Z 800580e0 f   d3d8ntpr:combiner.obj
 0006:0000b220       ?nvKelvinCCLerp@D3DK@@YGJPAVCDevice@1@HH@Z 80058140 f   d3d8ntpr:combiner.obj
