 xboxkrnl

 Timestamp is 3dcc89dd (Fri Nov 08 23:06:53 2002)

 Preferred load address is 80010000

 Start         Length     Name                   Class
 0001:00000000 0000061dH .edata                  CODE
 0001:00000620 00003980H .rdata                  CODE
 0001:00003fa0 00000048H .rdata$debug            CODE
 0001:00003ff0 0001eee8H .text                   CODE
 0001:00022ee0 000037e0H PAGER32C                CODE
 0001:000266c0 00001020H PAGER32R                CODE
 0002:00000000 000035d8H KDCODE                  CODE
 0002:000035d8 00000063H KDDATA_RD               CODE
 0003:00000000 00000a90H .data                   DATA
 0003:00000a90 00000275H KDDATA_RW               DATA
 0003:00000d20 00004c40H .bss                    DATA
 0003:00005960 0000c299H KDDATA_URW              DATA
 0004:00000000 00000470H STICKY                  DATA
 0005:00000000 00000108H IDEXPRDT                DATA
 0006:00000000 00000020H .XBLD$V                 CODE
 0006:00000020 0000cd0cH D3D                     CODE
 0006:0000cd30 000011c0H D3D_RD                  CODE
 0006:0000def0 00000070H D3D_RW                  CODE
 0006:0000df60 00003254H D3D_URW                 CODE
 0006:000111b4 00005709H DSOUND                  CODE
 0006:000168c0 000000e2H DSOUND_RD               CODE
 0006:000169a8 00001938H DSOUND_RW               CODE
 0006:000182e0 000000a4H DSOUND_URW              CODE
 0006:00018390 0000efc9H INIT                    CODE
 0006:00027360 0000b320H INIT_RD                 CODE
 0006:00032680 00038c28H INIT_RW                 CODE
 0006:0006b2a8 000011a4H XGRPH                   CODE
 0006:0006c450 00000042H XGRPH_RD                CODE

  Address         Publics by Value              Rva+Base     Lib:Object

 0000:00000000       __except_list              00000000     <absolute>
 0000:00000038       _KiGDTLEN                  00000038     <absolute>
 0000:00000200       _KiIDTLEN                  00000200     <absolute>
 0001:0000063c       _ExEventObjectType         8001091c     ex:event.obj
 0001:00000658       _ExMutantObjectType        80010938     ex:mutant.obj
 0001:00000688       _FactorySettingsInfo       80010968     ex:settings.obj
 0001:000006a0       _UserSettingsInfo          80010980     ex:settings.obj
 0001:000006f0       ??_C@_0BN@OGMPKPAN@?2Device?2Harddisk0?2partition0?$AA@ 800109d0     ex:settings.obj
 0001:00000710       _ExSemaphoreObjectType     800109f0     ex:semphore.obj
 0001:0000073c       _ExTimerObjectType         80010a1c     ex:timer.obj
 0001:00000758       _HalpPCISpaceReaders       80010a38     halx:pcispace.obj
 0001:00000764       _HalpPCISpaceWriters       80010a44     halx:pcispace.obj
 0001:00000770       _HalpPCISpaceAccessMatrix  80010a50     halx:pcispace.obj
 0001:00000780       ??_C@_07MAKLLIO@?1DBBOOT?$AA@ 80010a60     init:xboxkrnl.obj
 0001:00000788       ??_C@_07BPPEGGBN@?1CDBOOT?$AA@ 80010a68     init:xboxkrnl.obj
 0001:00000790       ??_C@_07BNPDDCOH@?1HDBOOT?$AA@ 80010a70     init:xboxkrnl.obj
 0001:00000798       ??_C@_06GMHMOEFH@SHADOW?$AA@ 80010a78     init:xboxkrnl.obj
 0001:000007a0       _ExpDVDXbdmDLLBuffer       80010a80     init:init.obj
 0001:000007b8       _ExpDVDXbdmDLL             80010a98     init:init.obj
 0001:000007c0       _ExpHDXbdmDLLBuffer        80010aa0     init:init.obj
 0001:000007e8       _ExpHDXbdmDLL              80010ac8     init:init.obj
 0001:000007f0       _ExpCdRomBootROMStringBuffer 80010ad0     init:init.obj
 0001:0000080c       _ExpCdRomBootROMString     80010aec     init:init.obj
 0001:00000814       _ExpHardDiskBootROMStringBuffer 80010af4     init:init.obj
 0001:00000840       _ExpHardDiskBootROMString  80010b20     init:init.obj
 0001:00000848       _XboxKrnlVersion           80010b28     init:init.obj
 0001:00000850       ??_C@_0CG@JNONFOAK@INIT?3?5Failed?5to?5read?5ROM?5from?5me@ 80010b30     init:init.obj
 0001:00000878       ??_C@_08NNAPCOK@?5?1DBBOOT?$AA@ 80010b58     init:init.obj
 0001:00000884       ??_C@_0CL@CNDJBANC@INIT?3?5Loaded?5kernel?5image?5from?5h@ 80010b64     init:init.obj
 0001:000008b0       ??_C@_0BB@CELLGDBI@?5?1SHADOW?5?1HDBOOT?$AA@ 80010b90     init:init.obj
 0001:000008c4       ??_C@_0CI@DKMHFBMA@INIT?3?5Loaded?5kernel?5image?5from?5C@ 80010ba4     init:init.obj
 0001:000008ec       ??_C@_0BB@CGLMDHOC@?5?1SHADOW?5?1CDBOOT?$AA@ 80010bcc     init:init.obj
 0001:00000900       ??_C@_0DM@LHHMEIO@INIT?3?5Failed?5to?5load?5ROM?5from?5me@ 80010be0     init:init.obj
 0001:0000093c       ??_C@_0CN@OMGKJDNM@INIT?3?5Failed?5to?5allocate?5shadow?5@ 80010c1c     init:init.obj
 0001:0000096c       ??_C@_0CO@MLIGBLFG@INIT?3?5Failed?5to?5allocate?5boot?5lo@ 80010c4c     init:init.obj
 0001:0000099c       ??_C@_0BO@KLIPEJFL@Failed?5to?5load?5any?5xbdm?4dll?$CB?6?$AA@ 80010c7c     init:init.obj
 0001:000009bc       ??_C@_04PONNOKHC@xbdm?$AA@ 80010c9c     init:init.obj
 0001:000009d4       __real@3f000000            80010cb4     init:fatal.obj
 0001:000009d8       __real@3d888889            80010cb8     init:fatal.obj
 0001:000009dc       __real@4f800000            80010cbc     init:fatal.obj
 0001:000009e0       __real@40000000            80010cc0     init:fatal.obj
 0001:000009e4       _IoCompletionObjectType    80010cc4     io:iodata.obj
 0001:00000a00       _IoDeviceObjectType        80010ce0     io:iodata.obj
 0001:00000a1c       _IoFileObjectType          80010cfc     io:iodata.obj
 0001:00000a38       _IopFileMapping            80010d18     io:iodata.obj
 0001:00000a48       _IopQueryOperationLength   80010d28     io:iodata.obj
 0001:00000a70       _IopSetOperationLength     80010d50     io:iodata.obj
 0001:00000a98       _IopQueryOperationAccess   80010d78     io:iodata.obj
 0001:00000b30       _IopSetOperationAccess     80010e10     io:iodata.obj
 0001:00000bc8       _IopQueryFsOperationLength 80010ea8     io:iodata.obj
 0001:00000bd4       _IopQueryFsOperationAccess 80010eb4     io:iodata.obj
 0001:00000c38       ??_C@_0FA@NGBMEEAN@?6?$CK?$CK?$CK?5Fatal?5System?5Error?3?50x?$CF08lx@ 80010f18     ke:bugcheck.obj
 0001:00000c88       _KeTimeIncrement           80010f68     ke:kernldat.obj
 0001:00000c8c       _KiFindLeftNibbleBitTable  80010f6c     ke:kernldat.obj
 0001:00000ca0       _KiTimeIncrementReciprocal 80010f80     ke:kernldat.obj
 0001:00000ca8       _KiTimeIncrementShiftCount 80010f88     ke:kernldat.obj
 0001:00000ccc       _MmProtectToPteProtectionMask 80010fac     mmcon:mmsup.obj
 0001:00000cdc       _MmGlobalData              80010fbc     mmcon:mminit.obj
 0001:00000d0c       _ObDirectoryObjectType     80010fec     ob:obdir.obj
 0001:00000d28       _ObSymbolicLinkObjectType  80011008     ob:oblink.obj
 0001:00000d8c       _ObpDosDevicesStringBuffer 8001106c     ob:obmanage.obj
 0001:00000d90       _ObpDosDevicesString       80011070     ob:obmanage.obj
 0001:00000d98       _ObpIoDevicesStringBuffer  80011078     ob:obmanage.obj
 0001:00000da0       _ObpIoDevicesString        80011080     ob:obmanage.obj
 0001:00000da8       _ObpWin32NamedObjectsStringBuffer 80011088     ob:obmanage.obj
 0001:00000dbc       _ObpWin32NamedObjectsString 8001109c     ob:obmanage.obj
 0001:00000de4       _PsThreadObjectType        800110c4     ps:psinit.obj
 0001:00000e00       ??_C@_0CD@CPBMMNLE@Execute?5?8?$CBcxr?5?$CFp?8?5to?5dump?5contex@ 800110e0     ntosrtl:assert.obj
 0001:00000e24       ??_C@_0DO@CDJIIIPD@?6?$CK?$CK?$CK?5Assertion?5failed?3?5?$CFs?$CFs?6?$CK?$CK?$CK?5@ 80011104     ntosrtl:assert.obj
 0001:00000e62       ??_C@_00CNPNBAHC@?$AA@     80011142     ntosrtl:assert.obj
 0001:00000e64       ??_C@_0P@MBLIGIDD@?$CFs?$CFc?5?$CFc?$CFs?$CFc?5?$CFs?$AA@ 80011144     ntosrtl:assert.obj
 0001:00000e74       ??_C@_0BD@MCACFPA@unexpected?5failure?$AA@ 80011154     ntosrtl:assert.obj
 0001:00000e88       ??_C@_06ODACHPEO@failed?$AA@ 80011168     ntosrtl:assert.obj
 0001:00000e9c       _RtlpIntegerChars          8001117c     ntosrtl:cnvint.obj
 0001:00000eac       _RtlpIntegerWChars         8001118c     ntosrtl:cnvint.obj
 0001:00000f00       _Nls844UnicodeCaseTableLevel1 800111e0     ntosrtl:nlsxlat.obj
 0001:00001000       _Nls844UnicodeUpcaseTableLevel2 800112e0     ntosrtl:nlsxlat.obj
 0001:000010d0       _Nls844UnicodeLowercaseTableLevel2 800113b0     ntosrtl:nlsxlat.obj
 0001:000011a0       _Nls844UnicodeCaseTableLevel3 80011480     ntosrtl:nlsxlat.obj
 0001:00001960       _RtlpStatusTable           80011c40     ntosrtl:error.obj
 0001:00001f60       _RtlpRunTable              80012240     ntosrtl:error.obj
 0001:00002298       _LeapYearDaysPrecedingMonth 80012578     ntosrtl:time.obj
 0001:000022b4       _NormalYearDaysPrecedingMonth 80012594     ntosrtl:time.obj
 0001:000022d0       _Magic10000                800125b0     ntosrtl:time.obj
 0001:000022d8       _Magic10000000             800125b8     ntosrtl:time.obj
 0001:000022e0       _Magic86400000             800125c0     ntosrtl:time.obj
 0001:000022e8       _IdexDiskDirectoryNameBuffer 800125c8     idexcon:disk.obj
 0001:000022fc       _IdexDiskDirectoryName     800125dc     idexcon:disk.obj
 0001:00002304       _IdexDiskPartitionPrefixBuffer 800125e4     idexcon:disk.obj
 0001:00002310       _IdexDiskPartitionPrefix   800125f0     idexcon:disk.obj
 0001:00002318       _HalDiskCachePartitionCount 800125f8     idexcon:disk.obj
 0001:00002320       _IdexDiskDriverObject      80012600     idexcon:disk.obj
 0001:00002364       _IdexDiskDirectoryObjectType 80012644     idexcon:disk.obj
 0001:00002380       _IdexCdRomDeviceNameBuffer 80012660     idexcon:cdrom.obj
 0001:00002390       _IdexCdRomDeviceName       80012670     idexcon:cdrom.obj
 0001:00002398       _IdexCdRomDosDevicesNameBuffer 80012678     idexcon:cdrom.obj
 0001:000023a4       _IdexCdRomDosDevicesName   80012684     idexcon:cdrom.obj
 0001:000023b0       _IdexCdRomDriverObject     80012690     idexcon:cdrom.obj
 0001:000023f4       _IdexCdRomSpindleSpeedupTable 800126d4     idexcon:cdrom.obj
 0001:00002400       _RawxDriverObject          800126e0     raw:driver.obj
 0001:00002448       _FatxDriverObject          80012728     fatx:driver.obj
 0001:0000248c       _FatxFatIllegalTable       8001276c     fatx:fatsup.obj
 0001:000024ac       _GdfxVolumeDescriptorSignature 8001278c     gdfx:mountvol.obj
 0001:000024c8       _GdfxDriverObject          800127a8     gdfx:driver.obj
 0001:00002510       _UdfxVsdIdentLookupTable   800127f0     udfx:mountvol.obj
 0001:00002548       _UdfxNSR02Regid            80012828     udfx:mountvol.obj
 0001:00002560       _UdfxOSTAUdfRegid          80012840     udfx:mountvol.obj
 0001:00002578       _UdfxCS0Identifier         80012858     udfx:mountvol.obj
 0001:000025b8       _UdfxDriverObject          80012898     udfx:driver.obj
 0001:00002600       ___lookuptable             800128e0     libcntpr:output.obj
 0001:0000265c       ___nullstring              8001293c     libcntpr:output.obj
 0001:00002664       ___wnullstring             80012944     libcntpr:output.obj
 0001:00002678       _XePublicKeyData           80012958     ldrcon:loader.obj
 0001:00002794       _XepCdRomDosDeviceBuffer   80012a74     ldrcon:loader.obj
 0001:0000279c       _XepCdRomDosDevice         80012a7c     ldrcon:loader.obj
 0001:000027a4       _XepDashboardRedirectionPathBuffer 80012a84     ldrcon:loader.obj
 0001:000027d0       _XepDashboardRedirectionPath 80012ab0     ldrcon:loader.obj
 0001:000027d8       _XepDefaultImagePath       80012ab8     ldrcon:loader.obj
 0001:000027f4       _XepDashboardImagePath     80012ad4     ldrcon:loader.obj
 0001:00002820       ??_C@_0DO@JMGMPGO@This?5XBE?5was?5linked?5with?5?$CF8?48s?4L@ 80012b00     ldrcon:loader.obj
 0001:00002860       ??_C@_08OPCEOJFP@?5?$CIDebug?$CJ?$AA@ 80012b40     ldrcon:loader.obj
 0001:0000286c       ??_C@_0BH@GLNPJGJE@Xbox?5image?5loaded?3?5?$CFZ?6?$AA@ 80012b4c     ldrcon:loader.obj
 0001:00002888       _originalCryptoVector      80012b68     xcryptk:xcbase.obj
 0001:000028c8       ??_C@_01A@?$AA?$AA@        80012ba8     xcryptk:xcbase.obj
 0001:000028cc       ??_C@_0P@EMGP@?$AN?$BE?$AE?$BK?$AC?$AD?$AO?$CL?$AF?$AG?$AH0?$BP0?$AA@ 80012bac     xcryptk:xcbase.obj
 0001:000028dc       ??_C@_0BB@JDMG@?$AP?$BE?$AE?$AA?$AF?$BK?$AC?$AD?$AO?$CL?$AF?$AG?70?$CB0?$AA@ 80012bbc     xcryptk:xcbase.obj
 0001:000028f0       __real@00000000            80012bd0     ani:xbs_app.obj
 0001:000028f4       __real@bdcccccd            80012bd4     ani:xbs_app.obj
 0001:000028f8       __real@3dcccccd            80012bd8     ani:xbs_app.obj
 0001:000028fc       __real@3f800000            80012bdc     ani:xbs_app.obj
 0001:00002900       __real@bf000000            80012be0     ani:xbs_app.obj
 0001:00002904       __real@bf800000            80012be4     ani:xbs_app.obj
 0001:00002908       __real@3f400000            80012be8     ani:xbs_app.obj
 0001:0000290c       __real@3e800000            80012bec     ani:xbs_app.obj
 0001:00002910       __real@3a83126f            80012bf0     ani:xbs_app.obj
 0001:00002914       __real@3e051eb8            80012bf4     ani:xbs_app.obj
 0001:00002918       __real@40400000            80012bf8     ani:xbs_app.obj
 0001:0000291c       __real@3ecccccd            80012bfc     ani:xbs_app.obj
 0001:00002920       __real@3e4ccccd            80012c00     ani:xbs_app.obj
 0001:00002924       __real@3d4ccccd            80012c04     ani:xbs_app.obj
 0001:00002928       __real@3f99999a            80012c08     ani:xbs_app.obj
 0001:0000292c       __real@3d9d89d9            80012c0c     ani:xbs_app.obj
 0001:00002930       __real@3cf5c28f            80012c10     ani:xbs_app.obj
 0001:00002934       __real@447a0000            80012c14     ani:xbs_app.obj
 0001:00002938       __real@3fc90fdb            80012c18     ani:xbs_app.obj
 0001:0000293c       __real@3e910cb3            80012c1c     ani:xbs_app.obj
 0001:00002940       __real@3f4ccccd            80012c20     ani:xbs_app.obj
 0001:00002944       __real@3e2aaaab            80012c24     ani:xbs_app.obj
 0001:00002948       __real@41200000            80012c28     ani:xbs_app.obj
 0001:0000294c       __real@44480000            80012c2c     ani:xbs_app.obj
 0001:00002950       __real@3f100000            80012c30     ani:xbs_app.obj
 0001:00002954       __real@3b000000            80012c34     ani:xbs_app.obj
 0001:00002958       __real@bfc90fdb            80012c38     ani:fastmath.obj
 0001:0000295c       __real@40490fdb            80012c3c     ani:fastmath.obj
 0001:00002960       __real@3f858dc1            80012c40     ani:vblob.obj
 0001:00002964       __real@3eb00000            80012c44     ani:vblob.obj
 0001:00002968       __real@358637bd            80012c48     ani:vblob.obj
 0001:0000296c       __real@3e99999a            80012c4c     ani:vblob.obj
 0001:00002970       __real@40800000            80012c50     ani:vblob.obj
 0001:00002974       __real@40a66666            80012c54     ani:vblob.obj
 0001:00002978       __real@437f0000            80012c58     ani:vblob.obj
 0001:0000297c       __real@3fa66666            80012c5c     ani:vblob.obj
 0001:00002980       __real@c0800000            80012c60     ani:vblob.obj
 0001:00002984       __real@3f13cd36            80012c64     ani:vblob.obj
 0001:00002988       __real@bf13cd36            80012c68     ani:vblob.obj
 0001:0000298c       __real@3fb33333            80012c6c     ani:vblob.obj
 0001:00002990       __real@3f866666            80012c70     ani:vblob.obj
 0001:00002994       __real@3f733333            80012c74     ani:vblob.obj
 0001:00002998       __real@3fd55555            80012c78     ani:vblob.obj
 0001:0000299c       __real@be99999a            80012c7c     ani:vblob.obj
 0001:000029a0       __real@3f19999a            80012c80     ani:vblob.obj
 0001:000029a4       __real@40a00000            80012c84     ani:vblob.obj
 0001:000029a8       __real@3f666666            80012c88     ani:vblob.obj
 0001:000029ac       __real@41000000            80012c8c     ani:greenfog.obj
 0001:000029b0       __real@3ea8f5c3            80012c90     ani:greenfog.obj
 0001:000029b4       __real@40555555            80012c94     ani:greenfog.obj
 0001:000029b8       __real@3eaaaaab            80012c98     ani:greenfog.obj
 0001:000029bc       __real@40200000            80012c9c     ani:greenfog.obj
 0001:000029c0       __real@3ff00000            80012ca0     ani:greenfog.obj
 0001:000029c4       __real@3f200000            80012ca4     ani:greenfog.obj
 0001:000029c8       __real@3f333333            80012ca8     ani:greenfog.obj
 0001:000029cc       __real@bff00000            80012cac     ani:greenfog.obj
 0001:000029d0       __real@c0200000            80012cb0     ani:greenfog.obj
 0001:000029d4       __real@430423d7            80012cb4     ani:camcontrol.obj
 0001:000029d8       __real@c30423d7            80012cb8     ani:camcontrol.obj
 0001:000029dc       __real@42be0000            80012cbc     ani:camcontrol.obj
 0001:000029e0       __real@43430000            80012cc0     ani:camcontrol.obj
 0001:000029e4       __real@c2be0000            80012cc4     ani:camcontrol.obj
 0001:000029e8       __real@3e124925            80012cc8     ani:camcontrol.obj
 0001:000029ec       __real@c2b40000            80012ccc     ani:camcontrol.obj
 0001:000029f0       __real@3c23d70a            80012cd0     ani:camcontrol.obj
 0001:000029f4       __real@3c21cef2            80012cd4     ani:logo_renderer.obj
 0001:000029f8       __real@4321b722            80012cd8     ani:logo_renderer.obj
 0001:000029fc       __real@38734507            80012cdc     ani:logo_renderer.obj
 0001:00002a00       __real@3f7299e9            80012ce0     ani:logo_renderer.obj
 0001:00002a04       __real@3f0786c2            80012ce4     ani:logo_renderer.obj
 0001:00002a08       __real@3f1793de            80012ce8     ani:logo_renderer.obj
 0001:00002a0c       __real@3f50d068            80012cec     ani:logo_renderer.obj
 0001:00002a10       __real@3727c5ac            80012cf0     ani:scene_renderer.obj
 0001:00002a14       __real@42000000            80012cf4     ani:scene_renderer.obj
 0001:00002a18       __real@38001203            80012cf8     ani:scene_renderer.obj
 0001:00002a1c       __real@3e54e3bd            80012cfc     ani:scene_renderer.obj
 0001:00002a20       __real@41e00000            80012d00     ani:scene_renderer.obj
 0001:00002a24       __real@43804000            80012d04     ani:scene_renderer.obj
 0001:00002a28       __real@3f2aaaab            80012d08     ani:scene_renderer.obj
 0001:00002a2c       __real@43fa0000            80012d0c     ani:scene_renderer.obj
 0001:00002a30       __real@42ff0000            80012d10     ani:tex_gen.obj
 0001:00002a34       __real@43800000            80012d14     ani:tex_gen.obj
 0001:00002a38       __real@3b800000            80012d18     ani:tex_gen.obj
 0001:00002a3c       __real@3b808081            80012d1c     ani:tex_gen.obj
 0001:00002a40       __real@43c80000            80012d20     ani:tex_gen.obj
 0001:00002a48       __real@40f0000000000000    80012d28     ani:dev.obj
 0001:00002a50       __real@3f80000000000000    80012d30     ani:dev.obj
 0001:00002a58       __real@3fc921f9f01b866e    80012d38     ani:dev.obj
 0001:00002a60       __real@3f10000000000000    80012d40     ani:dev.obj
 0001:00002a68       __real@3fb921f9f01b866e    80012d48     ani:dev.obj
 0001:00002a70       __real@3fa921f9f01b866e    80012d50     ani:dev.obj
 0001:00002a78       __real@40dfffc000000000    80012d58     ani:dev.obj
 0001:00002a80       _AvpARXRegisters           80012d60     av:modeset.obj
 0001:00002a98       _AvpGRXRegisters           80012d78     av:modeset.obj
 0001:00002aa4       _AvpSRXRegisters           80012d84     av:modeset.obj
 0001:00002ab0       _AvpFpDebug0               80012d90     av:modeset.obj
 0001:00002b00       _AvpCRTCRegisters          80012de0     av:modeset.obj
 0001:00002d48       _AvpRegisters              80013028     av:modeset.obj
 0001:00003500       _AvpMacrovisionPAL         800137e0     av:modeset.obj
 0001:00003504       _AvpMacrovisionEnable      800137e4     av:modeset.obj
 0001:0000350c       _AvpMacrovision            800137ec     av:modeset.obj
 0001:00003530       _AvpCCRegisters            80013810     av:modeset.obj
 0001:00003580       _AvpSCARTEnable            80013860     av:modeset.obj
 0001:000036e8       _AvpHDTVRegisters          800139c8     av:modeset.obj
 0001:00003720       _AvpTVRegisters            80013a00     av:modeset.obj
 0001:00003e84       _AvpCommonTVRegisters      80014164     av:modeset.obj
 0001:00003eb0       __real@46293e5939a08cea    80014190     d3d8ntpr:clear.obj
 0001:00003eb8       __real@407fff0000000000    80014198     d3d8ntpr:clear.obj
 0001:00003ec0       __real@4b7fffff            800141a0     d3d8ntpr:clear.obj
 0001:00003ec4       __real@477fff00            800141a4     d3d8ntpr:clear.obj
 0001:00003ec8       __real@42800000            800141a8     d3d8ntpr:lazy.obj
 0001:00003ecc       __real@be596d0b            800141ac     d3d8ntpr:lazy.obj
 0001:00003ed0       __real@bdb8aa0a            800141b0     d3d8ntpr:lazy.obj
 0001:00003ed4       ??_7CDirectSoundSettings@@6B@ 800141b4     bootsnd:bootsnd.obj
 0001:00003ed4       ??_7CRefCount@@6B@         800141b4     bootsnd:bootsnd.obj
 0001:00003ee0       ??_7CDirectSoundVoiceSettings@@6B@ 800141c0     bootsnd:bootsnd.obj
 0001:00003eec       __real@37aec33e            800141cc     bootsnd:bootsnd.obj
 0001:00003ef0       __real@473b8000            800141d0     bootsnd:bootsnd.obj
 0001:00003ef4       ??_7?$CHeap@U_SGEHEAPRUNMARKER@@@@6B@ 800141d4     bootsnd:bootsnd.obj
 0001:00003f08       ??_7CDirectSound@@6B@      800141e8     bootsnd:bootsnd.obj
 0001:00003f14       ??_7CDirectSoundVoice@@6B@ 800141f4     bootsnd:bootsnd.obj
 0001:00003f20       ??_7CDirectSoundBuffer@@6B@ 80014200     bootsnd:bootsnd.obj
 0001:00003f2c       ??_7CMcpxVoiceClient@@6B@  8001420c     bootsnd:bootsnd.obj
 0001:00003f48       ??_7CMcpxBufferSgeHeap@@6B@ 80014228     bootsnd:bootsnd.obj
 0001:00003f60       ??_7CDirectSoundBufferSettings@@6B@ 80014240     bootsnd:bootsnd.obj
 0001:00003f6c       ??_7CMcpxBuffer@@6B@       8001424c     bootsnd:bootsnd.obj
 0001:00003f88       ??_7CMcpxCore@@6B@         80014268     bootsnd:bootsnd.obj
 0001:00003f8c       __real@42c80000            8001426c     bootsnd:bootsnd.obj
 0001:00003f90       ??_7CMcpxAPU@@6BCMcpxCore@@@ 80014270     bootsnd:bootsnd.obj
 0001:00003f94       ??_7CMcpxAPU@@6BCRefCount@@@ 80014274     bootsnd:bootsnd.obj
 0001:00003ff0       @ExInterlockedAddLargeStatistic@8 800142d0 f   ex:intrlfst.obj
 0001:00003ff8       @ExfInterlockedInsertHeadList@8 800142d8 f   ex:intrlfst.obj
 0001:00004010       @ExfInterlockedInsertTailList@8 800142f0 f   ex:intrlfst.obj
 0001:00004028       @ExfInterlockedRemoveHeadList@4 80014308 f   ex:intrlfst.obj
 0001:00004040       @InterlockedPopEntrySList@4 80014320 f   ex:intrlfst.obj
 0001:00004044       ExpInterlockedPopEntrySListResume 80014324     ex:intrlfst.obj
 0001:00004056       ExpInterlockedPopEntrySListFault 80014336     ex:intrlfst.obj
 0001:00004064       @InterlockedPushEntrySList@8 80014344 f   ex:intrlfst.obj
 0001:00004084       @InterlockedFlushSList@4   80014364 f   ex:intrlfst.obj
 0001:000040a8       @InterlockedExchange@8     80014388 f   ex:intrlfst.obj
 0001:000040b0       @InterlockedIncrement@4    80014390 f   ex:intrlfst.obj
 0001:000040bc       @InterlockedDecrement@4    8001439c f   ex:intrlfst.obj
 0001:000040c8       @InterlockedCompareExchange@12 800143a8 f   ex:intrlfst.obj
 0001:000040d4       @ExInterlockedCompareExchange64@12 800143b4 f   ex:intrlfst.obj
 0001:000040f0       @InterlockedExchangeAdd@8  800143d0 f   ex:intrlfst.obj
 0001:000040f8       _ExAcquireReadWriteLockExclusive@4 800143d8 f   ex:rwlocka.obj
 0001:0000411c       _ExAcquireReadWriteLockShared@4 800143fc f   ex:rwlocka.obj
 0001:0000414c       _ExReleaseReadWriteLock@4  8001442c f   ex:rwlocka.obj
 0001:000041a2       _InitializePool@0          80014482 f   ex:pool.obj
 0001:000041f1       _ExAllocatePoolWithTag@8   800144d1 f   ex:pool.obj
 0001:000043a8       _ExFreePool@4              80014688 f   ex:pool.obj
 0001:00004505       _ExQueryPoolBlockSize@4    800147e5 f   ex:pool.obj
 0001:00004524       _ExAllocatePool@4          80014804 f   ex:pool.obj
 0001:00004535       _NtClearEvent@4            80014815 f   ex:event.obj
 0001:00004566       _NtCreateEvent@16          80014846 f   ex:event.obj
 0001:000045d1       _NtPulseEvent@8            800148b1 f   ex:event.obj
 0001:00004614       _NtQueryEvent@8            800148f4 f   ex:event.obj
 0001:00004650       _NtSetEvent@8              80014930 f   ex:event.obj
 0001:00004693       _ExInitializeReadWriteLock@4 80014973 f   ex:rwlock.obj
 0001:000046cc       _ExInterlockedAddLargeInteger@16 800149ac f   ex:intrlock.obj
 0001:00004700       _ExInterlockedExchangeAddLargeInteger@16 800149e0 f   ex:intrlock.obj
 0001:00004723       _ExpDeleteMutant@4         80014a03 f   ex:mutant.obj
 0001:00004735       _NtCreateMutant@12         80014a15 f   ex:mutant.obj
 0001:0000476f       _NtReleaseMutant@8         80014a4f f   ex:mutant.obj
 0001:000047e9       _NtQueryMutant@8           80014ac9 f   ex:mutant.obj
 0001:00004839       _XConfigChecksum@8         80014b19 f i ex:settings.obj
 0001:00004863       _ExpReadEEPROMIntoCache@0  80014b43 f   ex:settings.obj
 0001:000048b6       _ExpReadEEPROMSection@16   80014b96 f   ex:settings.obj
 0001:00004917       _ExpWriteEEPROM@12         80014bf7 f   ex:settings.obj
 0001:00004980       _ExpFindSettingInfo@12     80014c60 f   ex:settings.obj
 0001:000049a3       _ExQueryNonVolatileSetting@20 80014c83 f   ex:settings.obj
 0001:00004b30       _ExSaveNonVolatileSetting@16 80014e10 f   ex:settings.obj
 0001:00004d48       _ExReadWriteRefurbInfo@12  80015028 f   ex:settings.obj
 0001:00004e50       _ExRaiseException@4        80015130 f   ex:raisests.obj
 0001:00004ee8       _ExRaiseStatus@4           800151c8 f   ex:raisests.obj
 0001:00004f9a       _NtCreateSemaphore@16      8001527a f   ex:semphore.obj
 0001:00004fef       _NtQuerySemaphore@8        800152cf f   ex:semphore.obj
 0001:0000502b       _NtReleaseSemaphore@12     8001530b f   ex:semphore.obj
 0001:000050b3       _ExpTimerDpcRoutine@16     80015393 f   ex:timer.obj
 0001:000050e3       _ExpDeleteTimer@4          800153c3 f   ex:timer.obj
 0001:000050e8       _NtCreateTimer@12          800153c8 f   ex:timer.obj
 0001:00005151       _NtCancelTimer@8           80015431 f   ex:timer.obj
 0001:000051ed       _NtQueryTimer@8            800154cd f   ex:timer.obj
 0001:00005251       _ExpTimerApcRoutine@20     80015531 f   ex:timer.obj
 0001:000052af       _ExTimerRundown@0          8001558f f   ex:timer.obj
 0001:0000535a       _NtSetTimerEx@32           8001563a f   ex:timer.obj
 0001:000054c8       _NtSetSystemTime@8         800157a8 f   ex:systime.obj
 0001:00005548       @HalRequestSoftwareInterrupt@4 80015828 f   halx:ixswint.obj
 0001:0000557c       @HalClearSoftwareInterrupt@4 8001585c f   halx:ixswint.obj
 0001:0000558c       _HalpDispatchInterrupt     8001586c f   halx:ixswint.obj
 0001:000055bb       _HalpDispatchInterrupt2ndEntry 8001589b     halx:ixswint.obj
 0001:000055e0       _HalpApcInterrupt          800158c0 f   halx:ixswint.obj
 0001:0000560f       _HalpApcInterrupt2ndEntry  800158ef     halx:ixswint.obj
 0001:00005644       KiI8259MaskTable           80015924     halx:ixirql.obj
 0001:000056c4       FindHigherIrqlMask         800159a4     halx:ixirql.obj
 0001:00005744       SWInterruptHandlerTable2   80015a24     halx:ixirql.obj
 0001:00005750       SWInterruptLookUpTable     80015a30     halx:ixirql.obj
 0001:00005758       @KfRaiseIrql@4             80015a38 f   halx:ixirql.obj
 0001:00005768       _KeRaiseIrqlToDpcLevel@0   80015a48 f   halx:ixirql.obj
 0001:00005778       _KeRaiseIrqlToSynchLevel@0 80015a58 f   halx:ixirql.obj
 0001:00005788       @KfLowerIrql@4             80015a68 f   halx:ixirql.obj
 0001:000057f4       @HalEndSystemLevelInterrupt@4 80015ad4 f   halx:ixirql.obj
 0001:00005804       @HalEndSystemInterrupt@4   80015ae4 f   halx:ixirql.obj
 0001:00005820       Kei386EoiHelper@0          80015b00 f   halx:ixirql.obj
 0001:00005920       _HalpEndSoftwareInterrupt@4 80015c00 f   halx:ixirql.obj
 0001:000059a4       _HalpDispatchInterrupt2@0  80015c84 f   halx:ixirql.obj
 0001:00005a08       _KeGetCurrentIrql@0        80015ce8 f   halx:ixirql.obj
 0001:00005a10       HalpHardwareInterrupt00    80015cf0     halx:ixirql.obj
 0001:00005a10       _HalpHardwareInterruptTable@0 80015cf0 f   halx:ixirql.obj
 0001:00005a13       HalpHardwareInterrupt01    80015cf3     halx:ixirql.obj
 0001:00005a16       HalpHardwareInterrupt02    80015cf6     halx:ixirql.obj
 0001:00005a19       HalpHardwareInterrupt03    80015cf9     halx:ixirql.obj
 0001:00005a1c       HalpHardwareInterrupt04    80015cfc     halx:ixirql.obj
 0001:00005a1f       HalpHardwareInterrupt05    80015cff     halx:ixirql.obj
 0001:00005a22       HalpHardwareInterrupt06    80015d02     halx:ixirql.obj
 0001:00005a25       HalpHardwareInterrupt07    80015d05     halx:ixirql.obj
 0001:00005a28       HalpHardwareInterrupt08    80015d08     halx:ixirql.obj
 0001:00005a2b       HalpHardwareInterrupt09    80015d0b     halx:ixirql.obj
 0001:00005a2e       HalpHardwareInterrupt10    80015d0e     halx:ixirql.obj
 0001:00005a31       HalpHardwareInterrupt11    80015d11     halx:ixirql.obj
 0001:00005a34       HalpHardwareInterrupt12    80015d14     halx:ixirql.obj
 0001:00005a37       HalpHardwareInterrupt13    80015d17     halx:ixirql.obj
 0001:00005a3a       HalpHardwareInterrupt14    80015d1a     halx:ixirql.obj
 0001:00005a3d       HalpHardwareInterrupt15    80015d1d     halx:ixirql.obj
 0001:00005a40       _HalpInitializePICs@0      80015d20 f   halx:ixirql.obj
 0001:00005a70       _HalpKickoffReadSMBus@12   80015d50 f   halx:smbussci.obj
 0001:00005aa9       _HalReadSMBusValue@16      80015d89 f   halx:smbussci.obj
 0001:00005b43       _HalpKickoffWriteSMBus@16  80015e23 f   halx:smbussci.obj
 0001:00005b87       _HalWriteSMBusValue@16     80015e67 f   halx:smbussci.obj
 0001:00005c0c       _HalpWriteSMCResetOrShutdownComplete@4 80015eec f   halx:smbussci.obj
 0001:00005c3f       _HalMustCompletePacketsFinished@0 80015f1f f   halx:smbussci.obj
 0001:00005cb6       _HalpWriteSMCAudioClampComplete@4 80015f96 f   halx:smbussci.obj
 0001:00005cd7       _HalpCommonResetOrShutdown@0 80015fb7 f   halx:smbussci.obj
 0001:00005cf3       _HalpCommonResetOrShutdownComplete@4 80015fd3 f   halx:smbussci.obj
 0001:00005cf9       _HalpReadSMCVideoModeComplete@4 80015fd9 f   halx:smbussci.obj
 0001:00005d71       _HalpTrayEjectWriteSMCNonSecureComplete@4 80016051 f   halx:smbussci.obj
 0001:00005d9a       _HalpTrayEjectWriteSMCResumeComplete@4 8001607a f   halx:smbussci.obj
 0001:00005e2c       _HalpTrayOpenWriteSMCResumeComplete@4 8001610c f   halx:smbussci.obj
 0001:00005e86       _HalpHandleNextSMCInterruptReason@4 80016166 f   halx:smbussci.obj
 0001:00006000       _HalpReadSMCInterruptReasonComplete@4 800162e0 f   halx:smbussci.obj
 0001:0000601b       _HalpReadSMCInterruptReason@0 800162fb f   halx:smbussci.obj
 0001:00006031       _HalpReleaseSMBusLock@0    80016311 f   halx:smbussci.obj
 0001:00006075       _HalpDpcForSMBusInterrupt@16 80016355 f   halx:smbussci.obj
 0001:00006117       _HalpDpcForSMBusRetry@16   800163f7 f   halx:smbussci.obj
 0001:00006123       _HalpDpcForSystemControlInterrupt@16 80016403 f   halx:smbussci.obj
 0001:00006144       _HalEnableTrayEjectRequiresReboot@4 80016424 f   halx:smbussci.obj
 0001:00006201       _HalReadSMCTrayState@8     800164e1 f   halx:smbussci.obj
 0001:00006285       _HalWriteSMCLEDStates@4    80016565 f   halx:smbussci.obj
 0001:000062a4       _HalIsResetOrShutdownPending@0 80016584 f   halx:smbussci.obj
 0001:000062af       _HalInitiateShutdown@0     8001658f f   halx:smbussci.obj
 0001:000062dd       _HalWriteSMCScratchRegister@4 800165bd f   halx:smbussci.obj
 0001:000062f5       _HalEnableSecureTrayEject@0 800165d5 f   halx:smbussci.obj
 0001:00006318       HalpSpecialDismissLevelTable 800165f8     halx:ixsysint.obj
 0001:00006358       @HalBeginSystemInterrupt@8 80016638 f   halx:ixsysint.obj
 0001:0000638c       @HalBeginClockInterrupt@8  8001666c     halx:ixsysint.obj
 0001:0000638c       @HalBeginProfileInterrupt@8 8001666c     halx:ixsysint.obj
 0001:00006410       @HalBeginSMBusInterrupt@8  800166f0     halx:ixsysint.obj
 0001:00006410       @HalBeginSystemControlInterrupt@8 800166f0     halx:ixsysint.obj
 0001:00006434       _HalDisableSystemInterrupt@4 80016714 f   halx:ixsysint.obj
 0001:00006460       _HalEnableSystemInterrupt@8 80016740 f   halx:ixsysint.obj
 0001:000064c0       _HalGetInterruptVector@8   800167a0 f   halx:ixsysbus.obj
 0001:000064e2       _HalpReadPCISpaceUchar@12  800167c2 f   halx:pcispace.obj
 0001:00006511       _HalpReadPCISpaceUshort@12 800167f1 f   halx:pcispace.obj
 0001:00006542       _HalpReadPCISpaceUlong@12  80016822 f   halx:pcispace.obj
 0001:00006569       _HalpWritePCISpaceUchar@12 80016849 f   halx:pcispace.obj
 0001:0000659a       _HalpWritePCISpaceUshort@12 8001687a f   halx:pcispace.obj
 0001:000065cd       _HalpWritePCISpaceUlong@12 800168ad f   halx:pcispace.obj
 0001:000065f4       _HalReadWritePCISpace@24   800168d4 f   halx:pcispace.obj
 0001:00006669       _HalHaltSystem@0           80016949 f   halx:ixreboot.obj
 0001:0000666d       _HalRegisterShutdownNotification@8 8001694d f   halx:ixreboot.obj
 0001:000066f4       _HalpReboot@0              800169d4 f   halx:ixreboot.obj
 0001:00006715       _HalReturnToFirmware@4     800169f5 f   halx:ixreboot.obj
 0001:000067d0       _KeQueryPerformanceCounter@0 80016ab0 f   halx:pmtimer.obj
 0001:0000680c       _KeQueryPerformanceFrequency@0 80016aec f   halx:pmtimer.obj
 0001:00006814       _HalpAcpiTimerCarry@0      80016af4 f   halx:pmtimer.obj
 0001:00006850       _KeStallExecutionProcessor@4 80016b30 f   halx:ixstall.obj
 0001:00006888       _READ_PORT_BUFFER_UCHAR@12 80016b68 f   halx:xxioacc.obj
 0001:000068a0       _READ_PORT_BUFFER_USHORT@12 80016b80 f   halx:xxioacc.obj
 0001:000068b8       _READ_PORT_BUFFER_ULONG@12 80016b98 f   halx:xxioacc.obj
 0001:000068d0       _WRITE_PORT_BUFFER_UCHAR@12 80016bb0 f   halx:xxioacc.obj
 0001:000068e8       _WRITE_PORT_BUFFER_USHORT@12 80016bc8 f   halx:xxioacc.obj
 0001:00006900       _WRITE_PORT_BUFFER_ULONG@12 80016be0 f   halx:xxioacc.obj
 0001:00006918       _HalQueryRealTimeClock@4   80016bf8 f   halx:ixcmos.obj
 0001:00006a30       _HalSetRealTimeClock@4     80016d10 f   halx:ixcmos.obj
 0001:00006b44       @HalpIsCmosSubrangeValid@8 80016e24 f   halx:ixcmos.obj
 0001:00006b58       _HalIsCmosValid@0          80016e38 f   halx:ixcmos.obj
 0001:00006b84       @HalpMarkCmosSubrangeValid@0 80016e64 f   halx:ixcmos.obj
 0001:00006b98       _HalMarkCmosValid@0        80016e78 f   halx:ixcmos.obj
 0001:00006bc0       _HalpAcquireCmosSpinLock@0 80016ea0 f   halx:ixcmos.obj
 0001:00006bcc       _HalpReleaseCmosSpinLock@0 80016eac f   halx:ixcmos.obj
 0001:00006bd4       _ExpInitializeExecutive@0  80016eb4 f   init:init.obj
 0001:00006c18       _ExpStartDebugMonitor@0    80016ef8 f   init:init.obj
 0001:00006dcd       _Phase1Initialization@4    800170ad f   init:init.obj
 0001:00006f9e       _IoAllocateIrp@4           8001727e f   io:iosubs.obj
 0001:00007010       @IofCallDriver@8           800172f0 f   io:iosubs.obj
 0001:00007043       _IoCancelThreadIo@4        80017323 f   io:iosubs.obj
 0001:000070ae       _IoCheckShareAccess@20     8001738e f   io:iosubs.obj
 0001:000071db       _IoCreateDevice@24         800174bb f   io:iosubs.obj
 0001:0000734b       _IoCreateFile@40           8001762b f   io:iosubs.obj
 0001:000074e5       _IoCreateSymbolicLink@8    800177c5 f   io:iosubs.obj
 0001:00007522       _IoDeleteDevice@4          80017802 f   io:iosubs.obj
 0001:0000755e       _IoDeleteSymbolicLink@4    8001783e f   io:iosubs.obj
 0001:000075a6       _IoDismountVolume@4        80017886 f   io:iosubs.obj
 0001:000075f7       _IoDismountVolumeByName@4  800178d7 f   io:iosubs.obj
 0001:0000762f       _IoFreeIrp@4               8001790f f   io:iosubs.obj
 0001:00007657       _IoInitializeIrp@12        80017937 f   io:iosubs.obj
 0001:000076aa       _IoLockUserBuffer@8        8001798a f   io:iosubs.obj
 0001:000076d1       _IoMarkIrpMustComplete@4   800179b1 f   io:iosubs.obj
 0001:000076ed       _IoQueryFileInformation@20 800179cd f   io:iosubs.obj
 0001:0000770a       _IoQueryVolumeInformation@20 800179ea f   io:iosubs.obj
 0001:00007727       _IoQueueThreadIrp@4        80017a07 f   io:iosubs.obj
 0001:0000775a       _IoRemoveShareAccess@8     80017a3a f   io:iosubs.obj
 0001:000077a3       _IoSetShareAccess@16       80017a83 f   io:iosubs.obj
 0001:00007871       _IopStartNextPacket@4      80017b51 f   io:iosubs.obj
 0001:000078a0       _IopStartNextPacketByKey@8 80017b80 f   io:iosubs.obj
 0001:000078d3       _IopStartNextPacketDeferred@4 80017bb3 f   io:iosubs.obj
 0001:000078fd       _IoStartNextPacket@4       80017bdd f   io:iosubs.obj
 0001:00007928       _IoStartNextPacketByKey@8  80017c08 f   io:iosubs.obj
 0001:0000795c       _IoStartPacket@12          80017c3c f   io:iosubs.obj
 0001:000079c4       _IoBuildAsynchronousFsdRequest@24 80017ca4 f   io:iosubs.obj
 0001:00007a35       _IoBuildDeviceIoControlRequest@36 80017d15 f   io:iosubs.obj
 0001:00007add       _IoBuildSynchronousFsdRequest@28 80017dbd f   io:iosubs.obj
 0001:00007b35       @IofCompleteRequest@8      80017e15 f   io:iosubs.obj
 0001:00007d1e       _IoInvalidDeviceRequest@8  80017ffe f   io:iosubs.obj
 0001:00007d38       _IoSynchronousDeviceIoControlRequest@32 80018018 f   io:iosubs.obj
 0001:00007db6       _IoSynchronousFsdRequest@20 80018096 f   io:iosubs.obj
 0001:00007e22       _NtCreateIoCompletion@16   80018102 f   io:complete.obj
 0001:00007e6a       _NtQueryIoCompletion@8     8001814a f   io:complete.obj
 0001:00007e9e       _NtRemoveIoCompletion@20   8001817e f   io:complete.obj
 0001:00007f45       _IoSetIoCompletion@20      80018225 f   io:complete.obj
 0001:00007f8d       _IopDeleteIoCompletion@4   8001826d f   io:complete.obj
 0001:00007fc4       _NtSetIoCompletion@20      800182a4 f   io:complete.obj
 0001:00008004       _NtCreateFile@36           800182e4 f   io:create.obj
 0001:0000802d       _NtOpenFile@24             8001830d f   io:create.obj
 0001:00008052       _NtDeleteFile@4            80018332 f   io:misc.obj
 0001:000080c0       _NtQueryFullAttributesFile@8 800183a0 f   io:misc.obj
 0001:0000812d       _NtUserIoApcDispatcher@12  8001840d f   io:misc.obj
 0001:0000815b       _NtFlushBuffersFile@8      8001843b f   io:misc.obj
 0001:0000823b       _NtDeviceIoControlFile@40  8001851b f   io:devctrl.obj
 0001:00008267       _NtFsControlFile@40        80018547 f   io:devctrl.obj
 0001:00008293       _NtQueryDirectoryFile@40   80018573 f   io:dir.obj
 0001:000083ac       _IopGetModeInformation@4   8001868c f   io:qsinfo.obj
 0001:000083da       _NtQueryInformationFile@20 800186ba f   io:qsinfo.obj
 0001:00008618       _NtSetInformationFile@20   800188f8 f   io:qsinfo.obj
 0001:000089cf       _NtQueryVolumeInformationFile@20 80018caf f   io:qsfs.obj
 0001:00008b1e       _NtReadFile@32             80018dfe f   io:read.obj
 0001:00008cea       _NtReadFileScatter@32      80018fca f   io:read.obj
 0001:00008edf       _NtWriteFile@32            800191bf f   io:write.obj
 0001:000090c1       _NtWriteFileGather@32      800193a1 f   io:write.obj
 0001:000092cc       _IopAllocateIrpCleanup@8   800195ac f   io:internal.obj
 0001:000092fb       _IopAllocateIrpMustSucceed@4 800195db f   io:internal.obj
 0001:0000932a       _IopCompleteUnloadOrDelete@8 8001960a f   io:internal.obj
 0001:00009358       _IopDropIrp@8              80019638 f   io:internal.obj
 0001:00009396       _IopExceptionCleanup@12    80019676 f   io:internal.obj
 0001:000093c9       _IopDecrementDeviceObjectRef@4 800196a9 f   io:internal.obj
 0001:000093f9       _IopOpenRenameTarget@16    800196d9 f   io:internal.obj
 0001:000094a4       _IopSynchronousApiServiceTail@20 80019784 f   io:internal.obj
 0001:000094d7       _IopUserCompletion@20      800197b7 f   io:internal.obj
 0001:000094e7       _IopUserRundown@4          800197c7 f   io:internal.obj
 0001:000094f7       _IopCompleteRequest@20     800197d7 f   io:internal.obj
 0001:000096cc       _IopDisassociateThreadIrp@0 800199ac f   io:internal.obj
 0001:00009734       _IopQueryXxxInformation@24 80019a14 f   io:internal.obj
 0001:00009872       _IopSynchronousServiceTail@20 80019b52 f   io:internal.obj
 0001:00009916       _IopXxxControlFile@44      80019bf6 f   io:internal.obj
 0001:00009a5a       _IopMountVolume@8          80019d3a f   io:parse.obj
 0001:00009ad4       _IoParseDevice@28          80019db4 f   io:parse.obj
 0001:00009ef2       _IopParseFile@28           8001a1d2 f   io:parse.obj
 0001:00009f32       _IopCloseFile@8            8001a212 f   io:objsup.obj
 0001:0000a033       _IopDeleteFile@4           8001a313 f   io:objsup.obj
 0001:0000a14c       @IopAcquireFileObjectLock@4 8001a42c f   io:filelock.obj
 0001:0000a164       @IopReleaseFileObjectLock@4 8001a444 f   io:filelock.obj
 0001:0000a180       @KiUnlockDispatcherDatabase@4 8001a460 f   ke:ctxswap.obj
 0001:0000a214       @KiSwapThread@0            8001a4f4 f   ke:ctxswap.obj
 0001:0000a310       _KiDispatchInterrupt@0     8001a5f0 f   ke:ctxswap.obj
 0001:0000a3a0       SwapContext                8001a680 f   ke:ctxswap.obj
 0001:0000a434       _KeFlushCurrentTb@0        8001a714 f   ke:ctxswap.obj
 0001:0000a43c       _KeFlushCurrentTbAndInvalidateAllCaches@0 8001a71c f   ke:ctxswap.obj
 0001:0000a444       _KeInvalidateAllCaches@0   8001a724 f   ke:ctxswap.obj
 0001:0000a447       _KeInitializeThread@32     8001a727 f   ke:thredobj.obj
 0001:0000a540       _KeAlertThread@8           8001a820 f   ke:thredobj.obj
 0001:0000a591       _KeAlertResumeThread@4     8001a871 f   ke:thredobj.obj
 0001:0000a5f8       _KeBoostPriorityThread@8   8001a8d8 f   ke:thredobj.obj
 0001:0000a641       _KeDisableApcQueuingThread@4 8001a921 f   ke:thredobj.obj
 0001:0000a65f       _KeEnableApcQueuingThread@4 8001a93f f   ke:thredobj.obj
 0001:0000a67d       _KeForceResumeThread@4     8001a95d f   ke:thredobj.obj
 0001:0000a6b7       _KeQueryBasePriorityThread@4 8001a997 f   ke:thredobj.obj
 0001:0000a6e8       _KeReadyThread@4           8001a9c8 f   ke:thredobj.obj
 0001:0000a704       _KeResumeThread@4          8001a9e4 f   ke:thredobj.obj
 0001:0000a743       _KeSetBasePriorityThread@8 8001aa23 f   ke:thredobj.obj
 0001:0000a811       _KeSetDisableBoostThread@8 8001aaf1 f   ke:thredobj.obj
 0001:0000a833       _KeSetPriorityThread@8     8001ab13 f   ke:thredobj.obj
 0001:0000a86c       _KeSuspendThread@4         8001ab4c f   ke:thredobj.obj
 0001:0000a8c7       _KeTestAlertThread@4       8001aba7 f   ke:thredobj.obj
 0001:0000a909       _KeRundownThread@0         8001abe9 f   ke:thredobj.obj
 0001:0000a95e       _KeTerminateThread@0       8001ac3e f   ke:thredobj.obj
 0001:0000a9f8       _KiBugCheckDebugBreak@4    8001acd8 f   ke:bugcheck.obj
 0001:0000aa3e       _KeBugCheckEx@20           8001ad1e f   ke:bugcheck.obj
 0001:0000aaf0       _KeEnterKernelDebugger@0   8001add0 f   ke:bugcheck.obj
 0001:0000ab27       _KeBugCheck@4              8001ae07 f   ke:bugcheck.obj
 0001:0000ab37       _KeInitializeTimerEx@8     8001ae17 f   ke:timerobj.obj
 0001:0000ab64       _KeCancelTimer@4           8001ae44 f   ke:timerobj.obj
 0001:0000ab93       _KeSetTimerEx@20           8001ae73 f   ke:timerobj.obj
 0001:0000ac4d       _KeSetTimer@16             8001af2d f   ke:timerobj.obj
 0001:0000ac67       _KeInitializeInterrupt@28  8001af47 f   ke:intobj.obj
 0001:0000acd4       _KeConnectInterrupt@4      8001afb4 f   ke:intobj.obj
 0001:0000ad54       _KeDisconnectInterrupt@4   8001b034 f   ke:intobj.obj
 0001:0000adbc       @KiComputeWaitInterval@12  8001b09c f   ke:wait.obj
 0001:0000ae17       _KiAdjustQuantumThread@4   8001b0f7 f   ke:wait.obj
 0001:0000ae81       _KeDelayExecutionThread@12 8001b161 f   ke:wait.obj
 0001:0000b052       _KeWaitForMultipleObjects@32 8001b332 f   ke:wait.obj
 0001:0000b353       _KeWaitForSingleObject@20  8001b633 f   ke:wait.obj
 0001:0000b5bf       _KeQueryInterruptTime@0    8001b89f f   ke:miscc.obj
 0001:0000b5d7       _KeQuerySystemTime@4       8001b8b7 f   ke:miscc.obj
 0001:0000b5fa       _KeSetSystemTime@8         8001b8da f   ke:miscc.obj
 0001:0000b75a       _KeEnterCriticalRegion@0   8001ba3a f   ke:miscc.obj
 0001:0000b763       _KeLeaveCriticalRegion@0   8001ba43 f   ke:miscc.obj
 0001:0000b788       _KeGetPcr@0                8001ba68 f   ke:i386pcr.obj
 0001:0000b790       _KeGetCurrentPrcb@0        8001ba70 f   ke:i386pcr.obj
 0001:0000b798       _KeGetCurrentThread@0      8001ba78 f   ke:i386pcr.obj
 0001:0000b7a0       _KeIsExecutingDpc@0        8001ba80 f   ke:i386pcr.obj
 0001:0000b7a6       _KeInitializeApc@28        8001ba86 f   ke:apcobj.obj
 0001:0000b7ea       _KeFlushQueueApc@8         8001baca f   ke:apcobj.obj
 0001:0000b82d       _KeInsertQueueApc@16       8001bb0d f   ke:apcobj.obj
 0001:0000b86c       _KeRemoveQueueApc@4        8001bb4c f   ke:apcobj.obj
 0001:0000b8c7       _KeInitializeDeviceQueue@4 8001bba7 f   ke:devquobj.obj
 0001:0000b8e3       _KeInsertDeviceQueue@8     8001bbc3 f   ke:devquobj.obj
 0001:0000b911       _KeInsertByKeyDeviceQueue@12 8001bbf1 f   ke:devquobj.obj
 0001:0000b959       _KeRemoveDeviceQueue@4     8001bc39 f   ke:devquobj.obj
 0001:0000b97e       _KeRemoveByKeyDeviceQueue@8 8001bc5e f   ke:devquobj.obj
 0001:0000b9cd       _KeRemoveEntryDeviceQueue@8 8001bcad f   ke:devquobj.obj
 0001:0000b9fc       _KeInitializeDpc@12        8001bcdc f   ke:dpcobj.obj
 0001:0000ba1a       _KeRemoveQueueDpc@4        8001bcfa f   ke:dpcobj.obj
 0001:0000ba3b       _KeInsertQueueDpc@12       8001bd1b f   ke:dpcobj.obj
 0001:0000bab3       _KeInitializeEvent@12      8001bd93 f   ke:eventobj.obj
 0001:0000bad4       _KeResetEvent@4            8001bdb4 f   ke:eventobj.obj
 0001:0000baf2       _KeSetEventBoostPriority@8 8001bdd2 f   ke:eventobj.obj
 0001:0000bb3a       _KePulseEvent@12           8001be1a f   ke:eventobj.obj
 0001:0000bb90       _KeSetEvent@12             8001be70 f   ke:eventobj.obj
 0001:0000bc07       _KeInitializeMutant@8      8001bee7 f   ke:mutntobj.obj
 0001:0000bc64       _KeReleaseMutant@16        8001bf44 f   ke:mutntobj.obj
 0001:0000bd09       _KeInitializeQueue@8       8001bfe9 f   ke:queueobj.obj
 0001:0000bd4b       _KeRundownQueue@4          8001c02b f   ke:queueobj.obj
 0001:0000bd94       @KiActivateWaiterQueue@4   8001c074 f   ke:queueobj.obj
 0001:0000bdd1       _KeRemoveQueue@12          8001c0b1 f   ke:queueobj.obj
 0001:0000bf9a       @KiInsertQueue@12          8001c27a f   ke:queueobj.obj
 0001:0000c03c       _KeInsertQueue@8           8001c31c f   ke:queueobj.obj
 0001:0000c064       _KeInsertHeadQueue@8       8001c344 f   ke:queueobj.obj
 0001:0000c08c       _KeInitializeSemaphore@12  8001c36c f   ke:semphobj.obj
 0001:0000c0b0       _KeReleaseSemaphore@16     8001c390 f   ke:semphobj.obj
 0001:0000c125       _KeSaveFloatingPointState@4 8001c405 f   ke:misc.obj
 0001:0000c275       _KeRestoreFloatingPointState@4 8001c555 f   ke:misc.obj
 0001:0000c383       _KeInitializeProcess@8     8001c663 f   ke:procobj.obj
 0001:0000c3a5       _KeSetPriorityProcess@8    8001c685 f   ke:procobj.obj
 0001:0000c4a0       _KeSynchronizeExecution@12 8001c780 f   ke:intsup.obj
 0001:0000c4d0       _KiInterruptDispatch@0     8001c7b0 f   ke:intsup.obj
 0001:0000c500       _KiLevelInterruptDispatch@0 8001c7e0 f   ke:intsup.obj
 0001:0000c526       _KiInterruptTemplate       8001c806     ke:intsup.obj
 0001:0000c551       _KiInterruptTemplate2ndDispatch 8001c831     ke:intsup.obj
 0001:0000c556       _KiInterruptTemplateObject 8001c836     ke:intsup.obj
 0001:0000c55b       _KiUnexpectedInterrupt     8001c83b f   ke:intsup.obj
 0001:0000c55b       _KiInterruptTemplateDispatch 8001c83b     ke:intsup.obj
 0001:0000c563       _NtYieldExecution@0        8001c843 f   ke:yield.obj
 0001:0000c60c       _KeQuickRebootSystem@0     8001c8ec f   ke:newsysbg.obj
 0001:0000c695       KiIdleLoop                 8001c975 f   ke:newsysbg.obj
 0001:0000c6d8       _KeRetireDpcListLoop@0     8001c9b8 f   ke:newsysbg.obj
 0001:0000c6ff       KiRetireDpcList            8001c9df f   ke:newsysbg.obj
 0001:0000c770       _KiStartUnexpectedRange@0  8001ca50     ke:trap.obj
 0001:0000c770       _KiUnexpectedInterrupt0    8001ca50 f   ke:trap.obj
 0001:0000c77a       _KiUnexpectedInterrupt1    8001ca5a f   ke:trap.obj
 0001:0000c784       _KiUnexpectedInterrupt2    8001ca64 f   ke:trap.obj
 0001:0000c78e       _KiUnexpectedInterrupt3    8001ca6e f   ke:trap.obj
 0001:0000c798       _KiUnexpectedInterrupt4    8001ca78 f   ke:trap.obj
 0001:0000c7a2       _KiUnexpectedInterrupt5    8001ca82 f   ke:trap.obj
 0001:0000c7ac       _KiUnexpectedInterrupt6    8001ca8c f   ke:trap.obj
 0001:0000c7b6       _KiUnexpectedInterrupt7    8001ca96 f   ke:trap.obj
 0001:0000c7c0       _KiUnexpectedInterrupt8    8001caa0 f   ke:trap.obj
 0001:0000c7ca       _KiUnexpectedInterrupt9    8001caaa f   ke:trap.obj
 0001:0000c7d4       _KiUnexpectedInterrupt10   8001cab4 f   ke:trap.obj
 0001:0000c7de       _KiUnexpectedInterrupt11   8001cabe f   ke:trap.obj
 0001:0000c7e8       _KiUnexpectedInterrupt12   8001cac8 f   ke:trap.obj
 0001:0000c7f2       _KiUnexpectedInterrupt13   8001cad2 f   ke:trap.obj
 0001:0000c7fc       _KiUnexpectedInterrupt14   8001cadc f   ke:trap.obj
 0001:0000c806       _KiUnexpectedInterrupt15   8001cae6 f   ke:trap.obj
 0001:0000c810       _KiEndUnexpectedRange@0    8001caf0     ke:trap.obj
 0001:0000c810       _KiContinueService         8001caf0 f   ke:trap.obj
 0001:0000c840       _KiRaiseExceptionService   8001cb20 f   ke:trap.obj
 0001:0000c865       _KiServiceExit             8001cb45     ke:trap.obj
 0001:0000c8de       _KiServiceExit2            8001cbbe     ke:trap.obj
 0001:0000c970       _KiExceptionExit           8001cc50 f   ke:trap.obj
 0001:0000c9ff       _KiUnexpectedInterruptTail 8001ccdf f   ke:trap.obj
 0001:0000ca64       CommonDispatchException    8001cd44 f   ke:trap.obj
 0001:0000caa4       _KiTrap00                  8001cd84 f   ke:trap.obj
 0001:0000cad0       _KiTrap01                  8001cdb0 f   ke:trap.obj
 0001:0000cb04       _KiTrap02                  8001cde4 f   ke:trap.obj
 0001:0000cb2c       _KiDebugService            8001ce0c f   ke:trap.obj
 0001:0000cb58       _KiTrap03                  8001ce38 f   ke:trap.obj
 0001:0000cb9c       _KiTrap04                  8001ce7c f   ke:trap.obj
 0001:0000cbc8       _KiTrap05                  8001cea8 f   ke:trap.obj
 0001:0000cbf4       _KiTrap06                  8001ced4 f   ke:trap.obj
 0001:0000cc20       _KiTrap07                  8001cf00 f   ke:trap.obj
 0001:0000cd88       _KiTrap08                  8001d068 f   ke:trap.obj
 0001:0000cde0       _KiTrap09                  8001d0c0 f   ke:trap.obj
 0001:0000ce08       _KiTrap0A                  8001d0e8 f   ke:trap.obj
 0001:0000ce30       _KiTrap0B                  8001d110 f   ke:trap.obj
 0001:0000ce5c       _KiTrap0E                  8001d13c f   ke:trap.obj
 0001:0000cf58       _KiTrap0F                  8001d238 f   ke:trap.obj
 0001:0000cf80       _KiTrap10                  8001d260 f   ke:trap.obj
 0001:0000cfc4       _KiTrap11                  8001d2a4 f   ke:trap.obj
 0001:0000cfec       _KiTrap13                  8001d2cc f   ke:trap.obj
 0001:0000d0e8       _KiFlushNPXState@0         8001d3c8 f   ke:trap.obj
 0001:0000d12c       _KiSetHardwareTrigger@0    8001d40c f   ke:trap.obj
 0001:0000d134       _KiSystemFatalException    8001d414 f   ke:trap.obj
 0001:0000d144       _NtContinue@8              8001d424 f   ke:trap.obj
 0001:0000d178       _ZwContinue@8              8001d458 f   ke:trap.obj
 0001:0000d188       _NtRaiseException@12       8001d468 f   ke:trap.obj
 0001:0000d1b4       _ZwRaiseException@12       8001d494 f   ke:trap.obj
 0001:0000d1c5       @KiInsertQueueApc@8        8001d4a5 f   ke:apcsup.obj
 0001:0000d291       _KiDeliverApc@0            8001d571 f   ke:apcsup.obj
 0001:0000d37f       _KiDeliverUserApc@0        8001d65f f   ke:apcsup.obj
 0001:0000d414       _KiDisableInterrupts@0     8001d6f4 f   ke:int.obj
 0001:0000d420       _KiRestoreInterrupts@4     8001d700 f   ke:int.obj
 0001:0000d434       @RDMSR@4                   8001d714 f   ke:cpu.obj
 0001:0000d438       _WRMSR@12                  8001d718 f   ke:cpu.obj
 0001:0000d449       _KiSuspendNop@20           8001d729 f   ke:thredsup.obj
 0001:0000d44c       @KiFindReadyThread@4       8001d72c f   ke:thredsup.obj
 0001:0000d4d4       @KiReadyThread@4           8001d7b4 f   ke:thredsup.obj
 0001:0000d58f       @KiSetPriorityThread@8     8001d86f f   ke:thredsup.obj
 0001:0000d64d       _KiSuspendThread@12        8001d92d f   ke:thredsup.obj
 0001:0000d667       @KiUnwaitThread@12         8001d947 f   ke:waitsup.obj
 0001:0000d722       @KiWaitSatisfyAll@4        8001da02 f   ke:waitsup.obj
 0001:0000d79f       @KiWaitTest@8              8001da7f f   ke:waitsup.obj
 0001:0000d879       @KiTimerListExpire@8       8001db59 f   ke:dpcsup.obj
 0001:0000d989       _KiQuantumEnd@0            8001dc69 f   ke:dpcsup.obj
 0001:0000da07       _KiTimerExpiration@16      8001dce7 f   ke:dpcsup.obj
 0001:0000dab6       _KiInitializeContextThread@20 8001dd96 f   ke:thredini.obj
 0001:0000db3b       @KiInsertTimerTable@20     8001de1b f   ke:timersup.obj
 0001:0000dc3b       @KiInsertTreeTimer@12      8001df1b f   ke:timersup.obj
 0001:0000dcc9       @KiReinsertTreeTimer@12    8001dfa9 f   ke:timersup.obj
 0001:0000dd46       _KiPreInitializeKernel@0   8001e026 f   ke:kernlini.obj
 0001:0000dd96       _KiSwapIDT@0               8001e076 f   ke:kernlini.obj
 0001:0000ddc9       _KiInitializeKernel@0      8001e0a9 f   ke:kernlini.obj
 0001:0000defc       _KiEspFromTrapFrame@4      8001e1dc f   ke:exceptn.obj
 0001:0000df13       _KiEspToTrapFrame@8        8001e1f3 f   ke:exceptn.obj
 0001:0000df4e       _KeContextFromKframes@8    8001e22e f   ke:exceptn.obj
 0001:0000e028       _KeContextToKframes@12     8001e308 f   ke:exceptn.obj
 0001:0000e0f3       _KiDispatchException@16    8001e3d3 f   ke:exceptn.obj
 0001:0000e1a3       _KiRaiseException@20       8001e483 f   ke:raisexcp.obj
 0001:0000e1d0       _KiContinue@12             8001e4b0 f   ke:raisexcp.obj
 0001:0000e20c       _Ki386CheckDivideByZeroTrap@4 8001e4ec f   ke:trapc.obj
 0001:0000e3e4       _KiThreadStartup@4         8001e6c4 f   ke:threadbg.obj
 0001:0000e418       _KiComputeTimerTableIndex@20 8001e6f8 f   ke:timindex.obj
 0001:0000e4a0       _KiInitSystem@0            8001e780 f   ke:kiinit.obj
 0001:0000e4e7       _FscBuildElementLruList@0  8001e7c7 f   mmcon:fscache.obj
 0001:0000e542       _FscGrowCacheSize@4        8001e822 f   mmcon:fscache.obj
 0001:0000e636       _FscGetCacheSize@0         8001e916 f   mmcon:fscache.obj
 0001:0000e63c       _FscLookupElement@8        8001e91c f   mmcon:fscache.obj
 0001:0000e694       _FscElementFromCacheBuffer@4 8001e974 f   mmcon:fscache.obj
 0001:0000e6c7       _FscTestForFullyCachedIo@16 8001e9a7 f   mmcon:fscache.obj
 0001:0000e735       _FscInvalidateBlocks@12    8001ea15 f   mmcon:fscache.obj
 0001:0000e7c2       _FscInvalidateDevice@4     8001eaa2 f   mmcon:fscache.obj
 0001:0000e7d2       _FscInvalidateByteRange@16 8001eab2 f   mmcon:fscache.obj
 0001:0000e80a       _FscInvalidateIdleBlocks@0 8001eaea f   mmcon:fscache.obj
 0001:0000e883       _FscShrinkCacheSize@4      8001eb63 f   mmcon:fscache.obj
 0001:0000ea1e       _FscSetCacheSize@4         8001ecfe f   mmcon:fscache.obj
 0001:0000ea84       _FscAllocateElement@0      8001ed64 f   mmcon:fscache.obj
 0001:0000eae5       @FscSetCacheBufferProtection@8 8001edc5 f   mmcon:fscache.obj
 0001:0000eb1e       _FscMapEmptyBuffer@16      8001edfe f   mmcon:fscache.obj
 0001:0000ebbe       _FscUnmapBuffer@4          8001ee9e f   mmcon:fscache.obj
 0001:0000ec26       _FscDiscardBuffer@4        8001ef06 f   mmcon:fscache.obj
 0001:0000ec98       _FscWriteFFs@20            8001ef78 f   mmcon:fscache.obj
 0001:0000ee14       _FscMapBuffer@24           8001f0f4 f   mmcon:fscache.obj
 0001:0000f02e       _FscWriteBuffer@24         8001f30e f   mmcon:fscache.obj
 0001:0000f125       _FscPartiallyCachedRead@28 8001f405 f   mmcon:fscache.obj
 0001:0000f226       _FscCachedRead@24          8001f506 f   mmcon:fscache.obj
 0001:0000f38a       _MmGetPhysicalAddress@4    8001f66a f   mmcon:physical.obj
 0001:0000f3d8       _MmAllocateContiguousMemoryEx@20 8001f6b8 f   mmcon:physical.obj
 0001:0000f59a       _MmQueryAllocationSize@4   8001f87a f   mmcon:physical.obj
 0001:0000f5d7       _MmPersistContiguousMemory@12 8001f8b7 f   mmcon:physical.obj
 0001:0000f637       _MmMapIoSpace@12           8001f917 f   mmcon:physical.obj
 0001:0000f700       _MmUnmapIoSpace@8          8001f9e0 f   mmcon:physical.obj
 0001:0000f753       _MmLockUnlockBufferPages@12 8001fa33 f   mmcon:physical.obj
 0001:0000f7e2       _MmLockUnlockPhysicalPage@8 8001fac2 f   mmcon:physical.obj
 0001:0000f820       _MmLockSelectedIoPages@16  8001fb00 f   mmcon:physical.obj
 0001:0000f922       _MmUnlockSelectedIoPages@4 8001fc02 f   mmcon:physical.obj
 0001:0000f9cd       _MmAllocateContiguousMemory@4 8001fcad f   mmcon:physical.obj
 0001:0000f9e1       _MmFreeContiguousMemory@4  8001fcc1 f   mmcon:physical.obj
 0001:0000fa44       _MmClaimGpuInstanceMemory@8 8001fd24 f   mmcon:physical.obj
 0001:0000fb38       _MmIsAddressValid@4        8001fe18 f   mmcon:mmsup.obj
 0001:0000fb88       @MiMakePteProtectionMask@8 8001fe68 f   mmcon:mmsup.obj
 0001:0000fc0e       @MiMakeSystemPteProtectionMask@8 8001feee f   mmcon:mmsup.obj
 0001:0000fc52       @MiDecodePteProtectionMask@4 8001ff32 f   mmcon:mmsup.obj
 0001:0000fc8a       _MmQueryAddressProtect@4   8001ff6a f   mmcon:mmsup.obj
 0001:0000fceb       _MmQueryStatistics@4       8001ffcb f   mmcon:mmsup.obj
 0001:0000fd61       _MiAllocateMappedMemory@24 80020041 f   mmcon:mmsup.obj
 0001:0000fe45       _MiFreeMappedMemory@12     80020125 f   mmcon:mmsup.obj
 0001:0000feff       _MmSetAddressProtect@12    800201df f   mmcon:mmsup.obj
 0001:0000ff82       _MmAllocateSystemMemory@8  80020262 f   mmcon:mmsup.obj
 0001:0000ffa0       _MmFreeSystemMemory@8      80020280 f   mmcon:mmsup.obj
 0001:0000ffb5       _MmAllocatePoolPages@4     80020295 f   mmcon:mmsup.obj
 0001:0000ffd1       _MmFreePoolPages@4         800202b1 f   mmcon:mmsup.obj
 0001:0000ffe4       _MmCreateKernelStack@8     800202c4 f   mmcon:mmsup.obj
 0001:00010026       _MmDeleteKernelStack@8     80020306 f   mmcon:mmsup.obj
 0001:0001005d       _MmDbgAllocateMemory@8     8002033d f   mmcon:debugsup.obj
 0001:0001007c       _MmDbgFreeMemory@8         8002035c f   mmcon:debugsup.obj
 0001:00010091       _MmDbgQueryAvailablePages@0 80020371 f   mmcon:debugsup.obj
 0001:00010099       _MmDbgWriteCheck@8         80020379 f   mmcon:debugsup.obj
 0001:000100fd       _MmDbgReleaseAddress@8     800203dd f   mmcon:debugsup.obj
 0001:00010146       _MmDbgTranslatePhysicalAddress64@8 80020426 f   mmcon:debugsup.obj
 0001:00010173       _MmInitSystem@0            80020453 f   mmcon:mminit.obj
 0001:000102b4       _MmDiscardInitSection@0    80020594 f   mmcon:mminit.obj
 0001:00010337       _MmRelocatePersistentMemory@0 80020617 f   mmcon:mminit.obj
 0001:000103fe       _MmPrepareToQuickRebootSystem@0 800206de f   mmcon:mminit.obj
 0001:00010494       _NtQueryVirtualMemory@8    80020774 f   mmcon:virtual.obj
 0001:00010698       _NtProtectVirtualMemory@16 80020978 f   mmcon:virtual.obj
 0001:0001081b       _NtAllocateVirtualMemory@20 80020afb f   mmcon:virtual.obj
 0001:00010c4f       _NtFreeVirtualMemory@12    80020f2f f   mmcon:virtual.obj
 0001:00010efb       @MiInsertPageInFreeList@8  800211db f   mmcon:pfnsup.obj
 0001:00010fa1       _MiInsertPhysicalMemoryInFreeList@8 80021281 f   mmcon:pfnsup.obj
 0001:00010fc2       @MiRemovePageFromFreeList@4 800212a2 f   mmcon:pfnsup.obj
 0001:0001104c       @MiRemoveAnyPageFromFreeList@0 8002132c f   mmcon:pfnsup.obj
 0001:000110da       @MiRemoveAnyPage@8         800213ba f   mmcon:pfnsup.obj
 0001:0001110b       @MiReleasePageOwnership@4  800213eb f   mmcon:pfnsup.obj
 0001:00011125       _MmReleaseDeveloperKitMemory@0 80021405 f   mmcon:pfnsup.obj
 0001:00011144       @MiRemoveDebuggerPage@8    80021424 f   mmcon:pfnsup.obj
 0001:000111d9       _MiReinitializePfnDatabase@0 800214b9 f   mmcon:pfnsup.obj
 0001:00011225       @MiRemoveZeroPage@8        80021505 f   mmcon:pfnsup.obj
 0001:000112a4       @MiRelocateBusyPage@4      80021584 f   mmcon:pfnsup.obj
 0001:00011451       _MmAccessFault@12          80021731 f   mmcon:mmfault.obj
 0001:00011529       _MiReleaseSystemPtes@12    80021809 f   mmcon:sysptes.obj
 0001:0001160a       _MiReserveSystemPtes@8     800218ea f   mmcon:sysptes.obj
 0001:00011760       @MiZeroAndFlushPtes@8      80021a40 f   mmcon:mmsupa.obj
 0001:0001177c       _MiRelocateBusyPageHelper@20 80021a5c f   mmcon:mmsupa.obj
 0001:000117b4       _MiReorderTree@8           80021a94 f   mmcon:addrsup.obj
 0001:00011953       @MiGetNextNode@4           80021c33 f   mmcon:addrsup.obj
 0001:0001197d       @MiGetPreviousNode@4       80021c5d f   mmcon:addrsup.obj
 0001:000119a3       @MiInsertNode@8            80021c83 f   mmcon:addrsup.obj
 0001:000119ff       @MiRemoveNode@8            80021cdf f   mmcon:addrsup.obj
 0001:00011b7f       @MiLocateAddressInTree@8   80021e5f f   mmcon:addrsup.obj
 0001:00011bba       _MiCheckForConflictingNode@12 80021e9a f   mmcon:addrsup.obj
 0001:00011be0       _MiFindEmptyAddressRangeInTree@16 80021ec0 f   mmcon:addrsup.obj
 0001:00011cca       _MiFindEmptyAddressRangeDownTree@16 80021faa f   mmcon:addrsup.obj
 0001:00011dd9       _MiInsertVad@4             800220b9 f   mmcon:vadtree.obj
 0001:00011e09       _MiRemoveVad@4             800220e9 f   mmcon:vadtree.obj
 0001:00011e44       @MiLocateAddress@4         80022124 f   mmcon:vadtree.obj
 0001:00011e6e       _MiFindEmptyAddressRange@12 8002214e f   mmcon:vadtree.obj
 0001:00011eeb       _ObReferenceObjectByName@20 800221cb f   ob:obref.obj
 0001:00011f08       @ObfReferenceObject@4      800221e8 f   ob:obref.obj
 0001:00011f24       _ObReferenceObjectByPointer@8 80022204 f   ob:obref.obj
 0001:00011f51       @ObfDereferenceObject@4    80022231 f   ob:obref.obj
 0001:00011f94       _ObOpenObjectByPointer@12  80022274 f   ob:obref.obj
 0001:00011fe4       _ObReferenceObjectByHandle@12 800222c4 f   ob:obref.obj
 0001:0001205b       _ObOpenObjectByName@16     8002233b f   ob:obref.obj
 0001:000120bc       _ObpDetachNamedObject@8    8002239c f   ob:obhandle.obj
 0001:00012156       _NtClose@4                 80022436 f   ob:obhandle.obj
 0001:000121de       _NtDuplicateObject@12      800224be f   ob:obhandle.obj
 0001:0001222b       _ObMakeTemporaryObject@4   8002250b f   ob:obhandle.obj
 0001:00012263       _NtMakeTemporaryObject@4   80022543 f   ob:obhandle.obj
 0001:00012292       _NtCreateDirectoryObject@8 80022572 f   ob:obdir.obj
 0001:000122cc       _NtOpenDirectoryObject@8   800225ac f   ob:obdir.obj
 0001:000122e3       _NtQueryDirectoryObject@24 800225c3 f   ob:obdir.obj
 0001:000123d2       @ObpComputeHashIndex@4     800226b2 f   ob:obdir.obj
 0001:0001240c       _ObpLookupElementNameInDirectory@16 800226ec f   ob:obdir.obj
 0001:000124b0       _ObpReferenceObjectByName@24 80022790 f   ob:obdir.obj
 0001:000126a6       _ObpResolveLinkTarget@8    80022986 f   ob:oblink.obj
 0001:000127d7       _NtCreateSymbolicLinkObject@12 80022ab7 f   ob:oblink.obj
 0001:00012869       _NtOpenSymbolicLinkObject@8 80022b49 f   ob:oblink.obj
 0001:00012880       _NtQuerySymbolicLinkObject@12 80022b60 f   ob:oblink.obj
 0001:000128f7       _ObpDeleteSymbolicLink@4   80022bd7 f   ob:oblink.obj
 0001:00012905       _NtSignalAndWaitForSingleObjectEx@20 80022be5 f   ob:obwait.obj
 0001:00012a1a       _NtWaitForSingleObjectEx@16 80022cfa f   ob:obwait.obj
 0001:00012a8f       _NtWaitForMultipleObjectsEx@24 80022d6f f   ob:obwait.obj
 0001:00012c02       _NtWaitForSingleObject@12  80022ee2 f   ob:obwait.obj
 0001:00012c18       _ObCreateObject@16         80022ef8 f   ob:obcreate.obj
 0001:00012d26       _ObInsertObject@16         80023006 f   ob:obcreate.obj
 0001:00012f16       _ObpExtendObjectHandleTable@0 800231f6 f   ob:obtable.obj
 0001:00012fe8       _ObpCreateObjectHandle@4   800232c8 f   ob:obtable.obj
 0001:00013039       _ObpGetObjectHandleReference@4 80023319 f   ob:obtable.obj
 0001:00013084       _ObpGetObjectHandleContents@4 80023364 f   ob:obtable.obj
 0001:000130b6       _ObpDestroyObjectHandle@4  80023396 f   ob:obtable.obj
 0001:00013105       _ObpCreatePermanentDirectoryObject@8 800233e5 f   ob:obmanage.obj
 0001:00013153       _ObInitSystem@0            80023433 f   ob:obmanage.obj
 0001:000131c9       _ObDissectName@16          800234a9 f   ob:obmanage.obj
 0001:0001323e       _PspQueueApcSpecialApc@20  8002351e f   ps:psctx.obj
 0001:0001324a       _NtQueueApcThread@20       8002352a f   ps:psctx.obj
 0001:000132c4       _NtResumeThread@8          800235a4 f   ps:psspnd.obj
 0001:000132ff       _NtSuspendThread@8         800235df f   ps:psspnd.obj
 0001:000133a4       _PspSystemThreadStartup@8  80023684 f   ps:create.obj
 0001:000133ce       _PsCreateSystemThreadEx@40 800236ae f   ps:create.obj
 0001:0001356e       _PsSetCreateThreadNotifyRoutine@4 8002384e f   ps:create.obj
 0001:0001359d       _PsCreateSystemThread@20   8002387d f   ps:create.obj
 0001:000135c7       _PsQueryStatistics@4       800238a7 f   ps:psquery.obj
 0001:000135f4       _PspReaper@16              800238d4 f   ps:psdelete.obj
 0001:00013638       _PsTerminateSystemThread@4 80023918 f   ps:psdelete.obj
 0001:00013752       _PsInitSystem@0            80023a32 f   ps:psinit.obj
 0001:00013790       @RtlUshortByteSwap@4       80023a70 f   ntosrtl:byteswap.obj
 0001:000137a0       @RtlUlongByteSwap@4        80023a80 f   ntosrtl:byteswap.obj
 0001:000137a8       _DbgBreakPoint@0           80023a88 f   ntosrtl:debug2.obj
 0001:000137ac       _DbgBreakPointWithStatus@4 80023a8c f   ntosrtl:debug2.obj
 0001:000137b0       _RtlpBreakWithStatusInstruction@0 80023a90     ntosrtl:debug2.obj
 0001:000137b4       _DbgPrint                  80023a94 f   ntosrtl:debug.obj
 0001:0001380e       _DbgPrompt@12              80023aee f   ntosrtl:debug.obj
 0001:0001384d       _DbgLoadImageSymbols@12    80023b2d f   ntosrtl:debug.obj
 0001:0001388f       _DbgUnLoadImageSymbols@12  80023b6f f   ntosrtl:debug.obj
 0001:000138b9       _RtlAnsiStringToUnicodeString@12 80023b99 f   ntosrtl:nls.obj
 0001:00013957       _RtlUnicodeStringToAnsiString@12 80023c37 f   ntosrtl:nls.obj
 0001:00013a0a       _RtlUpcaseUnicodeString@12 80023cea f   ntosrtl:nls.obj
 0001:00013acf       _RtlDowncaseUnicodeString@12 80023daf f   ntosrtl:nls.obj
 0001:00013b97       _RtlUpcaseUnicodeChar@4    80023e77 f   ntosrtl:nls.obj
 0001:00013be2       _RtlDowncaseUnicodeChar@4  80023ec2 f   ntosrtl:nls.obj
 0001:00013c30       _RtlFreeUnicodeString@4    80023f10 f   ntosrtl:nls.obj
 0001:00013c30       _RtlFreeAnsiString@4       80023f10 f   ntosrtl:nls.obj
 0001:00013c4a       _RtlCompareUnicodeString@12 80023f2a f   ntosrtl:nls.obj
 0001:00013d98       _RtlEqualUnicodeString@12  80024078 f   ntosrtl:nls.obj
 0001:00013e9c       _RtlCopyUnicodeString@8    8002417c f   ntosrtl:nls.obj
 0001:00013efa       _RtlAppendUnicodeToString@8 800241da f   ntosrtl:nls.obj
 0001:00013f6b       _RtlAppendUnicodeStringToString@8 8002424b f   ntosrtl:nls.obj
 0001:00013fd1       _RtlCreateUnicodeString@8  800242b1 f   ntosrtl:nls.obj
 0001:0001401b       _RtlCopyString@8           800242fb f   ntosrtl:string.obj
 0001:0001405d       _RtlUpperChar@4            8002433d f   ntosrtl:string.obj
 0001:000140b9       _RtlLowerChar@4            80024399 f   ntosrtl:string.obj
 0001:00014118       _RtlCompareString@12       800243f8 f   ntosrtl:string.obj
 0001:000141a4       _RtlEqualString@12         80024484 f   ntosrtl:string.obj
 0001:00014217       _RtlPrefixString@12        800244f7 f   ntosrtl:string.obj
 0001:0001429d       _RtlUpperString@8          8002457d f   ntosrtl:string.obj
 0001:000142dd       _RtlAppendStringToString@8 800245bd f   ntosrtl:string.obj
 0001:00014329       _RtlAssert@16              80024609 f   ntosrtl:assert.obj
 0001:000143c7       _RtlRip@12                 800246a7 f   ntosrtl:assert.obj
 0001:00014460       _RtlpExecuteHandlerForException@20 80024740 f   ntosrtl:xcptmisc.obj
 0001:00014468       _RtlpExecuteHandlerForUnwind@20 80024748 f   ntosrtl:xcptmisc.obj
 0001:00014470       ExecuteHandler@20          80024750 f   ntosrtl:xcptmisc.obj
 0001:000144f8       _RtlpUnlinkHandler@4       800247d8 f   ntosrtl:xcptmisc.obj
 0001:00014508       _RtlCaptureContext@4       800247e8 f   ntosrtl:xcptmisc.obj
 0001:00014538       _RtlpCaptureContext@4      80024818 f   ntosrtl:xcptmisc.obj
 0001:000145ac       _RtlpGetStackLimits@8      8002488c f   ntosrtl:xcptmisc.obj
 0001:000145c8       _RtlpGetRegistrationHead@0 800248a8 f   ntosrtl:xcptmisc.obj
 0001:000145d0       _RtlpGetReturnAddress@0    800248b0 f   ntosrtl:xcptmisc.obj
 0001:000145d4       _RtlWalkFrameChain@12      800248b4 f   ntosrtl:stktrace.obj
 0001:0001467c       _RtlCaptureStackBackTrace@16 8002495c f   ntosrtl:stktrace.obj
 0001:000146ec       _RtlIntegerToChar@16       800249cc f   ntosrtl:cnvint.obj
 0001:000147dc       _RtlCharToInteger@12       80024abc f   ntosrtl:cnvint.obj
 0001:000148fe       _RtlUnicodeStringToInteger@12 80024bde f   ntosrtl:cnvint.obj
 0001:00014a7e       _RtlIntegerToUnicodeString@12 80024d5e f   ntosrtl:cnvint.obj
 0001:00014ad0       _RtlCompareMemory@12       80024db0 f   ntosrtl:movemem.obj
 0001:00014b20       _RtlCompareMemoryUlong@12  80024e00 f   ntosrtl:movemem.obj
 0001:00014b50       _RtlFillMemory@12          80024e30 f   ntosrtl:movemem.obj
 0001:00014b90       _RtlFillMemoryUlong@12     80024e70 f   ntosrtl:movemem.obj
 0001:00014bb0       _RtlZeroMemory@8           80024e90 f   ntosrtl:movemem.obj
 0001:00014be0       _RtlMoveMemory@12          80024ec0 f   ntosrtl:movemem.obj
 0001:00014c30       _RtlEnterCriticalSectionAndRegion@4 80024f10 f   ntosrtl:critsect.obj
 0001:00014c50       _RtlEnterCriticalSection@4 80024f30 f   ntosrtl:critsect.obj
 0001:00014ca0       _RtlLeaveCriticalSectionAndRegion@4 80024f80 f   ntosrtl:critsect.obj
 0001:00014d00       _RtlLeaveCriticalSection@4 80024fe0 f   ntosrtl:critsect.obj
 0001:00014d38       _RtlTryEnterCriticalSection@4 80025018 f   ntosrtl:critsect.obj
 0001:00014d80       _RtlExtendedLargeIntegerDivide@16 80025060 f   ntosrtl:largeint.obj
 0001:00014ddc       _RtlExtendedMagicDivide@20 800250bc f   ntosrtl:largeint.obj
 0001:00014e6c       _RtlExtendedIntegerMultiply@12 8002514c f   ntosrtl:largeint.obj
 0001:00014ec4       _RtlGetCallersAddress@8    800251a4 f   ntosrtl:stkwalk.obj
 0001:00014f5c       _RtlInitAnsiString@8       8002523c f   ntosrtl:stringsp.obj
 0001:00014f88       _RtlInitUnicodeString@8    80025268 f   ntosrtl:stringsp.obj
 0001:00014fb7       _RtlInitializeCriticalSection@4 80025297 f   ntosrtl:resource.obj
 0001:00014fdc       _RtlMapGenericMask@8       800252bc f   ntosrtl:sertl.obj
 0001:0001502c       _RtlMultiByteToUnicodeN@20 8002530c f   ntosrtl:nlsxlat.obj
 0001:00015069       _RtlMultiByteToUnicodeSize@12 80025349 f   ntosrtl:nlsxlat.obj
 0001:0001507a       _RtlUnicodeToMultiByteSize@12 8002535a f   ntosrtl:nlsxlat.obj
 0001:0001508b       _RtlUnicodeToMultiByteN@20 8002536b f   ntosrtl:nlsxlat.obj
 0001:000150cf       _RtlUpcaseUnicodeToMultiByteN@20 800253af f   ntosrtl:nlsxlat.obj
 0001:00015183       _RtlNtStatusToDosError@4   80025463 f   ntosrtl:error.obj
 0001:00015254       _RtlRaiseException@4       80025534 f   ntosrtl:raise.obj
 0001:000152ee       _RtlRaiseStatus@4          800255ce f   ntosrtl:raisests.obj
 0001:00015316       _ElapsedDaysToYears@4      800255f6 f   ntosrtl:time.obj
 0001:00015386       _DaysAndFractionToTime@12  80025666 f   ntosrtl:time.obj
 0001:000153be       _RtlTimeToTimeFields@8     8002569e f   ntosrtl:time.obj
 0001:000154eb       _RtlTimeFieldsToTime@8     800257cb f   ntosrtl:time.obj
 0001:0001567a       _RtlDispatchException@8    8002595a f   ntosrtl:exdsptch.obj
 0001:00015771       _RtlUnwind@16              80025a51 f   ntosrtl:exdsptch.obj
 0001:00015915       _RtlImageNtHeader@4        80025bf5 f   ntosrtl:imagedir.obj
 0001:00015954       _RtlSectionTableFromVirtualAddress@12 80025c34 f   ntosrtl:imagedir.obj
 0001:0001598f       _RtlAddressInSectionTable@12 80025c6f f   ntosrtl:imagedir.obj
 0001:000159ba       _RtlpImageDirectoryEntryToData32@20 80025c9a f   ntosrtl:imagedir.obj
 0001:00015a16       _RtlImageDirectoryEntryToData@16 80025cf6 f   ntosrtl:imagedir.obj
 0001:00015a54       _LdrProcessRelocationBlock@16 80025d34 f   ntosrtl:ldrreloc.obj
 0001:00015ad3       _LdrRelocateImage@20       80025db3 f   ntosrtl:ldrreloc.obj
 0001:00015b3e       _DebugService@12           80025e1e f   ntosrtl:debug3.obj
 0001:00015b5a       _DebugUnLoadImageSymbols@8 80025e3a f   ntosrtl:debug3.obj
 0001:00015b7c       _DebugPrint@4              80025e5c f   ntosrtl:debug3.obj
 0001:00015ba0       _DebugPrompt@8             80025e80 f   ntosrtl:debug3.obj
 0001:00015bc2       _DebugLoadImageSymbols@8   80025ea2 f   ntosrtl:debug3.obj
 0001:00015be4       _IdexDiskPollResetComplete@0 80025ec4 f   idexcon:disk.obj
 0001:00015c05       _IdexDiskResetDevice@0     80025ee5 f   idexcon:disk.obj
 0001:00015c74       _IdexDiskSelectDeviceAndSpinWhileBusy@0 80025f54 f   idexcon:disk.obj
 0001:00015cb3       _IdexDiskNoTransferInterrupt@0 80025f93 f   idexcon:disk.obj
 0001:00015ce1       _IdexDiskTransferInterrupt@0 80025fc1 f   idexcon:disk.obj
 0001:00015d5f       _IdexDiskFinishGeneric@0   8002603f f   idexcon:disk.obj
 0001:00015d8b       @IdexDiskStartVerify@4     8002606b f   idexcon:disk.obj
 0001:00015e00       _IdexDiskVerify@8          800260e0 f   idexcon:disk.obj
 0001:00015e6c       _IdexDiskFinishReadWrite@0 8002614c f   idexcon:disk.obj
 0001:00015eda       @IdexDiskStartReadWrite@4  800261ba f   idexcon:disk.obj
 0001:00015fa4       _IdexDiskReadWrite@8       80026284 f   idexcon:disk.obj
 0001:00016077       @IdexDiskStartFlushBuffers@4 80026357 f   idexcon:disk.obj
 0001:000160c0       _IdexDiskFlushBuffers@8    800263a0 f   idexcon:disk.obj
 0001:000160de       _IdexDiskGetDriveGeometry@8 800263be f   idexcon:disk.obj
 0001:00016124       _IdexDiskGetPartitionInfo@8 80026404 f   idexcon:disk.obj
 0001:00016158       _IdexDiskDeviceControl@8   80026438 f   idexcon:disk.obj
 0001:000161dc       _IdexDiskStartIo@8         800264bc f   idexcon:disk.obj
 0001:00016264       _IdexDiskShutdownSystem@0  80026544 f   idexcon:disk.obj
 0001:000162a2       _IdexDiskPartitionCreate@4 80026582 f   idexcon:disk.obj
 0001:0001638f       _IdexDiskParseDirectory@28 8002666f f   idexcon:disk.obj
 0001:000164b2       _IdexDiskCreateQuick@0     80026792 f   idexcon:disk.obj
 0001:0001657e       @IdexChannelSpinWhileBusy@4 8002685e f   idexcon:channel.obj
 0001:000165a5       @IdexChannelSpinWhileBusyAndNotDrq@4 80026885 f   idexcon:channel.obj
 0001:000165d0       _IdexChannelSetTimerPeriod@4 800268b0 f   idexcon:channel.obj
 0001:000165f3       @IdexChannelPrepareBufferTransfer@8 800268d3 f   idexcon:channel.obj
 0001:000166a2       _IdexChannelPrepareScatterGatherTransfer@12 80026982 f   idexcon:channel.obj
 0001:0001673d       _IdexChannelInterrupt@8    80026a1d f   idexcon:channel.obj
 0001:00016754       _IdexChannelDpcForIsr@16   80026a34 f   idexcon:channel.obj
 0001:0001675d       _IdexChannelStartNextPacketStock@0 80026a3d f   idexcon:channel.obj
 0001:000167c4       _IdexChannelStartPacketStock@8 80026aa4 f   idexcon:channel.obj
 0001:0001682d       _IdexChannelRestartCurrentPacket@0 80026b0d f   idexcon:channel.obj
 0001:00016846       _IdexChannelAbortCurrentPacket@0 80026b26 f   idexcon:channel.obj
 0001:00016860       @IdexChannelInvalidParameterRequest@4 80026b40 f   idexcon:channel.obj
 0001:00016874       _IdexChannelIdePassThroughInterrupt@0 80026b54 f   idexcon:channel.obj
 0001:000168f8       _IdexChannelFinishIdePassThrough@0 80026bd8 f   idexcon:channel.obj
 0001:0001690b       _IdexChannelStartIdePassThrough@12 80026beb f   idexcon:channel.obj
 0001:000169fa       _IdexChannelIssueImmediateCommand@8 80026cda f   idexcon:channel.obj
 0001:00016a43       _IdexChannelPollResetComplete@0 80026d23 f   idexcon:channel.obj
 0001:00016aa4       _IdexChannelTimer@16       80026d84 f   idexcon:channel.obj
 0001:00016b3a       _IdexChannelCreate@0       80026e1a f   idexcon:channel.obj
 0001:00016c0b       _IdexCdRomPollResetComplete@0 80026eeb f   idexcon:cdrom.obj
 0001:00016c1d       _IdexCdRomResetDevice@0    80026efd f   idexcon:cdrom.obj
 0001:00016c5c       _IdexCdRomSelectDeviceAndSpinWhileBusy@0 80026f3c f   idexcon:cdrom.obj
 0001:00016c97       _IdexCdRomWritePacket@4    80026f77 f   idexcon:cdrom.obj
 0001:00016ce8       _IdexCdRomNoTransferInterrupt@0 80026fc8 f   idexcon:cdrom.obj
 0001:00016d24       _IdexCdRomTransferInterrupt@0 80027004 f   idexcon:cdrom.obj
 0001:00016daa       _IdexCdRomIssueAtapiRequest@20 8002708a f   idexcon:cdrom.obj
 0001:00016e3a       _IdexCdRomSetSpindleSpeed@8 8002711a f   idexcon:cdrom.obj
 0001:00016ebb       _IdexCdRomFinishSpeedReduction@0 8002719b f   idexcon:cdrom.obj
 0001:00016ed4       _IdexCdRomSpeedReductionRequested@0 800271b4 f   idexcon:cdrom.obj
 0001:00016f05       _IdexCdRomFinishSpindleSpeedRestore@0 800271e5 f   idexcon:cdrom.obj
 0001:00016f18       _IdexCdRomCheckForRestoreSpindleSpeed@8 800271f8 f   idexcon:cdrom.obj
 0001:00016f79       _IdexCdRomFinishRequestSense@0 80027259 f   idexcon:cdrom.obj
 0001:0001712f       _IdexCdRomFinishGeneric@0  8002740f f   idexcon:cdrom.obj
 0001:00017199       _IdexCdRomFinishGenericWithOverrun@0 80027479 f   idexcon:cdrom.obj
 0001:000171c6       @IdexCdRomStartReadTOC@4   800274a6 f   idexcon:cdrom.obj
 0001:00017254       @IdexCdRomStartCheckVerify@4 80027534 f   idexcon:cdrom.obj
 0001:00017286       _IdexCdRomFinishGetDriveGeometry@0 80027566 f   idexcon:cdrom.obj
 0001:000172f6       @IdexCdRomStartGetDriveGeometry@4 800275d6 f   idexcon:cdrom.obj
 0001:0001732b       @IdexCdRomStartRawRead@4   8002760b f   idexcon:cdrom.obj
 0001:0001744c       @IdexCdRomStartSetSpindleSpeed@4 8002772c f   idexcon:cdrom.obj
 0001:0001747b       _IdexCdRomFinishStartSession@0 8002775b f   idexcon:cdrom.obj
 0001:000174ac       @IdexCdRomStartStartSession@4 8002778c f   idexcon:cdrom.obj
 0001:000174f5       _IdexCdRomFinishReadKey@0  800277d5 f   idexcon:cdrom.obj
 0001:000175ae       @IdexCdRomStartReadKey@4   8002788e f   idexcon:cdrom.obj
 0001:0001764e       @IdexCdRomStartSendKey@4   8002792e f   idexcon:cdrom.obj
 0001:00017708       @IdexCdRomStartEndSession@4 800279e8 f   idexcon:cdrom.obj
 0001:0001775a       _IdexCdRomStartReadStructure@4 80027a3a f   idexcon:cdrom.obj
 0001:00017827       _IdexCdRomFinishScsiPassThrough@0 80027b07 f   idexcon:cdrom.obj
 0001:00017849       @IdexCdRomStartScsiPassThrough@4 80027b29 f   idexcon:cdrom.obj
 0001:000178ba       _IdexCdRomFinishRead@0     80027b9a f   idexcon:cdrom.obj
 0001:0001790e       _IdexCdRomStartRead@4      80027bee f   idexcon:cdrom.obj
 0001:00017a08       _IdexCdRomRead@8           80027ce8 f   idexcon:cdrom.obj
 0001:00017ac5       _IdexCdRomRequestDVDX2AuthenticationPage@4 80027da5 f   idexcon:cdrom.obj
 0001:00017b54       _IdexCdRomRequestDVDX2ControlData@4 80027e34 f   idexcon:cdrom.obj
 0001:00017bc2       _IdexCdRomVerifyDVDX2AuthoringSignature@4 80027ea2 f   idexcon:cdrom.obj
[...]
 0006:00026f90       _HalpSetupPCIDevices@0     800742b0 f   halx:pcisetup.obj
 0006:00027340       _HalpInitializeClock@0     80074660 f   halx:ixclock.obj
 0006:00027360       _g_Image                   80074680     init:fatal.obj
 0006:00028a60       _Verts                     80075d80     init:fatal.obj
 0006:00028af0       _D3DSIMPLERENDERSTATEENCODE 80075e10     init:fatal.obj
 0006:00028c38       _D3DPRIMITIVETOVERTEXCOUNT 80075f58     init:fatal.obj
 0006:0002a058       _event_fcns                80077378     ani:sos.obj
 0006:0002a0f0       _call_fcns                 80077410     ani:sos.obj
 0006:0002a138       _pitch_table_dsp           80077458     ani:dev.obj
 0006:0002a140       _ThunEl16Data              80077460     ani:dev.obj
 0006:0002f688       _GlockData                 8007c9a8     ani:dev.obj
 0006:00030548       _BubbleData                8007d868     ani:dev.obj
 0006:00031f88       _max_processes             8007f2a8     ani:dev.obj
 0006:00031f8a       _max_tracks                8007f2aa     ani:dev.obj
 0006:00031f90       _filter_functions          8007f2b0     ani:dev.obj
 0006:00031fd0       _silence_functions         8007f2f0     ani:dev.obj
 0006:00032010       _note_on_functions         8007f330     ani:dev.obj
 0006:00032050       _slur_functions            8007f370     ani:dev.obj
 0006:00032090       _note_off_functions        8007f3b0     ani:dev.obj
 0006:000320d0       _patch_functions           8007f3f0     ani:dev.obj
 0006:00032110       _volume_functions          8007f430     ani:dev.obj
 0006:00032150       _pan_functions             8007f470     ani:dev.obj
 0006:00032190       _user_1_var_evf_functions  8007f4b0     ani:dev.obj
 0006:00032194       _user_2_var_evf_functions  8007f4b4     ani:dev.obj
 0006:00032198       _PatchSin                  8007f4b8     ani:stboot.obj
 0006:000321ac       _PatchSaw1                 8007f4cc     ani:stboot.obj
 0006:000321c0       _PatchSaw2                 8007f4e0     ani:stboot.obj
 0006:000321d4       _PatchSaw3                 8007f4f4     ani:stboot.obj
 0006:000321e8       _PatchSquare               8007f508     ani:stboot.obj
 0006:000321fc       _PatchEnvNoise1            8007f51c     ani:stboot.obj
 0006:00032210       _PatchFM                   8007f530     ani:stboot.obj
 0006:00032224       _PatchGlock                8007f544     ani:stboot.obj
 0006:00032238       _PatchThunEl16             8007f558     ani:stboot.obj
 0006:0003224c       _PatchRevThun              8007f56c     ani:stboot.obj
 0006:00032260       _PatchBubble               8007f580     ani:stboot.obj
 0006:00032278       _Boot0                     8007f598     ani:stboot.obj
 0006:000322f8       _Boot1                     8007f618     ani:stboot.obj
 0006:00032348       _Boot2                     8007f668     ani:stboot.obj
 0006:00032388       _Boot3                     8007f6a8     ani:stboot.obj
 0006:000323d0       _Boot4                     8007f6f0     ani:stboot.obj
 0006:00032470       _Boot5                     8007f790     ani:stboot.obj
 0006:000324d8       _Boot6                     8007f7f8     ani:stboot.obj
 0006:000324e4       _Boot8                     8007f804     ani:stboot.obj
 0006:00032500       _Boot7                     8007f820     ani:stboot.obj
 0006:00032560       _Boot9                     8007f880     ani:stboot.obj
 0006:00032598       _BootA                     8007f8b8     ani:stboot.obj
 0006:000325cc       _BootB                     8007f8ec     ani:stboot.obj
 0006:00032600       _Tune0                     8007f920     ani:stboot.obj
 0006:00032654       _Tune1                     8007f974     ani:stboot.obj
 0006:00032660       _sound_calls               8007f980     ani:stboot.obj
 0006:00032680       _ExpBldrEncryptionKey      8007f9a0     init:init.obj
 0006:00032690       _LEDSegmentDef             8007f9b0     init:fatal.obj
 0006:00032698       _LEDCharDef                8007f9b8     init:fatal.obj
 0006:000326a4       _gBootAnimation_DoAnimation 8007f9c4     ani:animate.obj
 0006:000326a8       _gBootAnimation_DoSound    8007f9c8     ani:animate.obj
 0006:000326ac       ?g_ImageLogo@@3PAEA        8007f9cc     ani:mslogo.obj
 0006:000326b0       ?g_pTexMicrosoftLogo@@3PAUD3DTexture@@A 8007f9d0     ani:mslogo.obj
 0006:000326b4       ?g_pVBMicrosoftLogo@@3PAUD3DVertexBuffer@@A 8007f9d4     ani:mslogo.obj
 0006:000326b8       ?g_ImageLogoSize@@3IA      8007f9d8     ani:mslogo.obj
 0006:000326bc       _g_EventLogo               8007f9dc     ani:mslogo.obj
 0006:000326cc       _g_EventLogoWaiting        8007f9ec     ani:mslogo.obj
 0006:000326e0       ?gApp@@3VXBoxStartupApp@@A 8007fa00     ani:xbs_app.obj
 0006:00033f00       ?g_NVCLKSpeed@@3KA         80081220     ani:xbs_app.obj
 0006:00033f04       ?mul@?1??fRand01@XBoxStartupApp@@QAEMXZ@4MA 80081224     ani:xbs_app.obj
 0006:00033f08       ?mul@?1??fRand11@XBoxStartupApp@@QAEMXZ@4MA 80081228     ani:xbs_app.obj
 0006:00033f0c       ?gpd3dDev@@3PAUD3DDevice@@A 8008122c     ani:renderer.obj
 0006:00033f10       ?pam_0@@3PBU__m128@@B      80081230     ani:fastmath.obj
 0006:00033f14       ?pam_1@@3PBU__m128@@B      80081234     ani:fastmath.obj
 0006:00033f18       ?pam_minus_1@@3PBU__m128@@B 80081238     ani:fastmath.obj
 0006:00033f1c       ?pam_0p5@@3PBU__m128@@B    8008123c     ani:fastmath.obj
 0006:00033f20       ?pam_1p5@@3PBU__m128@@B    80081240     ani:fastmath.obj
 0006:00033f24       ?pam_3_over_2@@3PBU__m128@@B 80081244     ani:fastmath.obj
 0006:00033f28       ?pam_pi@@3PBU__m128@@B     80081248     ani:fastmath.obj
 0006:00033f2c       ?pam_pi_over_2@@3PBU__m128@@B 8008124c     ani:fastmath.obj
 0006:00033f30       ?pam_2_over_pi@@3PBU__m128@@B 80081250     ani:fastmath.obj
 0006:00033f34       ?pam_sign_mask@@3PBU__m128@@B 80081254     ani:fastmath.obj
 0006:00033f38       ?pam_inv_sign_mask@@3PBU__m128@@B 80081258     ani:fastmath.obj
 0006:00033f3c       ?pam_min_pos_norm@@3PBU__m128@@B 8008125c     ani:fastmath.obj
 0006:00033f40       ?pam_mant_mask@@3PBU__m128@@B 80081260     ani:fastmath.obj
 0006:00033f44       ?pam_inv_mant_mask@@3PBU__m128@@B 80081264     ani:fastmath.obj
 0006:00033f48       ?gpVBlob@@3PAVVBlob@@A     80081268     ani:vblob.obj
 0006:00033f4c       ?m_QRand@VBlob@@1VQRand@@A 8008126c     ani:vblob.obj
 0006:00033f50       ?mul@?1??fRand01@VBlob@@SGMXZ@4MA 80081270     ani:vblob.obj
 0006:00033f54       ?mul@?1??fRand11@VBlob@@SGMXZ@4MA 80081274     ani:vblob.obj
 0006:00033f58       ?svCameraList@CameraController@@1PAUCamControlNode@@A 80081278     ani:camcontrol.obj
 0006:00034448       ?svCameraListData@CameraController@@1PAUCamControlNodeData@@A 80081768     ani:camcontrol.obj
 0006:00034698       ?verts_xboxlogointerior_0C@@3PAFA 800819b8     ani:logo_renderer.obj
 0006:00035a30       ?indices_xboxlogointerior_0C@@3PADA 80082d50     ani:logo_renderer.obj
 0006:00036130       ?verts_xboxlogolip_0C@@3PAFA 80083450     ani:logo_renderer.obj
 0006:00036968       ?indices_xboxlogolip_0C@@3PADA 80083c88     ani:logo_renderer.obj
 0006:00036ab8       ?verts_xboxlogosurfacetop_0C@@3PAFA 80083dd8     ani:logo_renderer.obj
 0006:00036c10       ?indices_xboxlogosurfacetop_0C@@3PADA 80083f30     ani:logo_renderer.obj
 0006:00036c80       ?verts_xboxlogosurface_0C@@3PAFA 80083fa0     ani:logo_renderer.obj
 0006:00036f88       ?indices_xboxlogosurface_0C@@3PADA 800842a8     ani:logo_renderer.obj
 0006:0003706c       ?verts_tm_slash_0C@@3PAFA  8008438c     ani:logo_renderer.obj
 0006:00037094       ?indices_tm_slash_0C@@3PADA 800843b4     ani:logo_renderer.obj
 0006:0003709c       ?verts_tm_wordmark_0C@@3PAFA 800843bc     ani:logo_renderer.obj
 0006:000370c4       ?indices_tm_wordmark_0C@@3PADA 800843e4     ani:logo_renderer.obj
 0006:000370d0       ?verts_text_0C@@3PAFA      800843f0     ani:logo_renderer.obj
 0006:00037478       ?indices_text_0C@@3PADA    80084798     ani:logo_renderer.obj
 0006:00037648       ?pos_anim_text@@3PAU_D3DVECTOR@@A 80084968     ani:logo_renderer.obj
 0006:00037660       ?tm_pixels@@3PAKA          80084980     ani:logo_renderer.obj
 0006:00037a60       ?theRotAnimSeq@@3PAURotAnimSeq@@A 80084d80     ani:scene_renderer.obj
 0006:00038498       ?thePosAnimSeq@@3PAUPosAnimSeq@@A 800857b8     ani:scene_renderer.obj
 0006:00038fd8       ?numPos@@3FA               800862f8     ani:scene_renderer.obj
 0006:00038fe0       ?thePos@@3PAFA             80086300     ani:scene_renderer.obj
 0006:00039760       ?numQuats@@3FA             80086a80     ani:scene_renderer.obj
 0006:00039768       ?theQuats@@3PAFA           80086a88     ani:scene_renderer.obj
 0006:0003a118       ?theQuatSigns@@3PAKA       80087438     ani:scene_renderer.obj
 0006:0003a150       ?theSphereInsts@@3PAUSphereInst@@A 80087470     ani:scene_renderer.obj
 0006:0003a310       ?theSphereVers@@3PAUSphereVers@@A 80087630     ani:scene_renderer.obj
 0006:0003a318       ?theCylinderInsts@@3PAUCylinderInst@@A 80087638     ani:scene_renderer.obj
 0006:0003a6c4       ?theCylinderVers@@3PAUCylinderVers@@A 800879e4     ani:scene_renderer.obj
 0006:0003a6d0       ?theBoxInsts@@3PAUBoxInst@@A 800879f0     ani:scene_renderer.obj
 0006:0003ad90       ?theTorusInsts@@3PAUTorusInst@@A 800880b0     ani:scene_renderer.obj
 0006:0003b2d0       ?theTorusVers@@3PAUTorusVers@@A 800885f0     ani:scene_renderer.obj
 0006:0003b308       ?theConeInsts@@3PAUConeInst@@A 80088628     ani:scene_renderer.obj
 0006:0003b4a0       ?theConeVers@@3PAUConeVers@@A 800887c0     ani:scene_renderer.obj
 0006:0003b4d0       ?theSurfOfRevInsts@@3PAUSurfOfRevInst@@A 800887f0     ani:scene_renderer.obj
 0006:0003b518       ?theSurfOfRevVers@@3PAUSurfOfRevVers@@A 80088838     ani:scene_renderer.obj
 0006:0003bb94       _sound_call                80088eb4     ani:sos.obj
 0006:0003bb98       ?g_BootSoundTimer@@3U_KTIMER@@A 80088eb8     ani:bootsound.obj
 0006:0003bbc0       ?g_BootSoundDpc@@3U_KDPC@@A 80088ee0     ani:bootsound.obj
 0006:0003bbe0       _queue_list                80088f00     ani:dev.obj
 0006:0003bf28       _ThunEl16                  80089248     ani:dev.obj
 0006:000469a8       _channel_level             80093cc8     ani:dev.obj
 0006:000469b8       _Saw128                    80093cd8     ani:dev.obj
 0006:00046ab8       _track_status              80093dd8     ani:dev.obj
 0006:000471b8       _m_pDSBuffer               800944d8     ani:dev.obj
 0006:000471f8       _dsp_data                  80094518     ani:dev.obj
 0006:00047200       _FM32768                   80094520     ani:dev.obj
 0006:00057200       _m_pDSound                 800a4520     ani:dev.obj
 0006:00057208       _Sin128                    800a4528     ani:dev.obj
 0006:00057308       _Bubble                    800a4628     ani:dev.obj
 0006:0005a788       _ReverseThunEl16           800a7aa8     ani:dev.obj
 0006:00065208       _Noise8192                 800b2528     ani:dev.obj
 0006:00069208       _dsp_address               800b6528     ani:dev.obj
 0006:00069210       _Glock                     800b6530     ani:dev.obj
 0006:0006af84       _pan_table                 800b82a4     ani:dev.obj
 0006:0006af8c       _un_char                   800b82ac     ani:evf.obj
 0006:0006af90       _un_int                    800b82b0     ani:evf.obj
 0006:0006af94       _ptr                       800b82b4     ani:evf.obj
 0006:0006af98       _master_music_volume       800b82b8     ani:globals.obj
 0006:0006af9c       _global_music_xpose        800b82bc     ani:globals.obj
 0006:0006afa0       _fifo                      800b82c0     ani:globals.obj
 0006:0006afb4       _current_call              800b82d4     ani:globals.obj
 0006:0006afb8       _sos_only                  800b82d8     ani:globals.obj
 0006:0006afb9       _current_channel           800b82d9     ani:globals.obj
 0006:0006afbc       _process_queue             800b82dc     ani:globals.obj
 0006:0006afc0       _clock_cntr_value          800b82e0     ani:globals.obj
 0006:0006afc2       _last_music_call           800b82e2     ani:globals.obj
 0006:0006afc3       _system_clock_fxlow        800b82e3     ani:globals.obj
 0006:0006afc4       _music_atten               800b82e4     ani:globals.obj
 0006:0006afc8       _ti                        800b82e8     ani:globals.obj
 0006:0006afcc       _sound_call_table          800b82ec     ani:globals.obj
 0006:0006afcd       _clock_cntr_save           800b82ed     ani:globals.obj
 0006:0006afd0       _dp_word1                  800b82f0     ani:globals.obj
 0006:0006afd2       _gtifbtmp                  800b82f2     ani:globals.obj
 0006:0006afd3       _marker                    800b82f3     ani:globals.obj
 0006:0006afd4       _a_value                   800b82f4     ani:globals.obj
 0006:0006afd8       _global_effect_xpose       800b82f8     ani:globals.obj
 0006:0006afda       _system_clock_mlow         800b82fa     ani:globals.obj
 0006:0006afdc       _global_fxpose             800b82fc     ani:globals.obj
 0006:0006afe0       _system_clock_fx           800b8300     ani:globals.obj
 0006:0006afe2       _b_value                   800b8302     ani:globals.obj
 0006:0006afe4       _value_16_bit              800b8304     ani:globals.obj
 0006:0006afe8       _system_clock_music        800b8308     ani:globals.obj
 0006:0006afec       _clock_cntr                800b830c     ani:globals.obj
 0006:0006afee       _current_timer_priority    800b830e     ani:globals.obj
 0006:0006aff0       _current_process           800b8310     ani:globals.obj
 0006:0006aff4       _current_level             800b8314     ani:globals.obj
 0006:0006aff5       _master_effect_volume      800b8315     ani:globals.obj
 0006:0006aff8       _pp                        800b8318     ani:proc.obj
 0006:0006b000       _sound_calls2              800b8320     ani:stboot.obj
 0006:0006b010       _Env1a                     800b8330     ani:stboot.obj
 0006:0006b038       _Env1m                     800b8358     ani:stboot.obj
 0006:0006b060       _Env2a                     800b8380     ani:stboot.obj
 0006:0006b088       _Env2m                     800b83a8     ani:stboot.obj
 0006:0006b0b0       _Env3a                     800b83d0     ani:stboot.obj
 0006:0006b0d8       _Env3m                     800b83f8     ani:stboot.obj
 0006:0006b100       _OpenEnva                  800b8420     ani:stboot.obj
 0006:0006b128       _OpenEnvm                  800b8448     ani:stboot.obj
 0006:0006b150       _SawEnv1a                  800b8470     ani:stboot.obj
 0006:0006b178       _SawEnv1m                  800b8498     ani:stboot.obj
 0006:0006b1a0       _SawEnv2a                  800b84c0     ani:stboot.obj
 0006:0006b1c8       _SawEnv2m                  800b84e8     ani:stboot.obj
 0006:0006b1f0       _NoiseEnv1a                800b8510     ani:stboot.obj
 0006:0006b218       _NoiseEnv1m                800b8538     ani:stboot.obj
 0006:0006b240       _Patches                   800b8560     ani:stboot.obj
 0006:0006b26c       _Boot                      800b858c     ani:stboot.obj
 0006:0006b29c       _Tune                      800b85bc     ani:stboot.obj
 0006:0006b2a0       _max_sound_call            800b85c0     ani:stboot.obj
 0006:0006b2a4       _default_clock_value       800b85c4     ani:stboot.obj
 0006:0006b2a8       ??0Swizzler@@QAE@XZ        800b85c8 f i xgraphics:swizzler.obj
 0006:0006b2c7       ?Init@Swizzler@@QAEXKKK@Z  800b85e7 f i xgraphics:swizzler.obj
 0006:0006b328       ?SwizzleU@Swizzler@@QAEKK@Z 800b8648 f i xgraphics:swizzler.obj
 0006:0006b351       ?SwizzleV@Swizzler@@QAEKK@Z 800b8671 f i xgraphics:swizzler.obj
 0006:0006b37a       ?Log2@XGRAPHICS@@YIKK@Z    800b869a f i xgraphics:swizzler.obj
 0006:0006b386       ?GetMasks2@XGRAPHICS@@YGXHHPAK0@Z 800b86a6 f i xgraphics:swizzler.obj
 0006:0006b3fa       ?swiz2d_8bit@XGRAPHICS@@YGXPBXPAXHH@Z 800b871a f   xgraphics:swizzler.obj
 0006:0006b4fa       ?swiz2d_16bit@XGRAPHICS@@YGXPBXPAXHH@Z 800b881a f   xgraphics:swizzler.obj
 0006:0006b5f8       ?swiz2d_32bit@XGRAPHICS@@YGXPBXPAXHH@Z 800b8918 f   xgraphics:swizzler.obj
 0006:0006b6f1       ?Swizzle1x1Column@?$XGInternalSwizzler@K@XGRAPHICS@@SGXPAUXGINTERNALSWIZZLE@2@@Z 800b8a11 f i xgraphics:swizzler.obj
 0006:0006b772       ?Swizzle2x1@?$XGInternalSwizzler@K@XGRAPHICS@@SGXPAUXGINTERNALSWIZZLE@2@@Z 800b8a92 f i xgraphics:swizzler.obj
 0006:0006b846       ?Swizzle1x1Column@?$XGInternalSwizzler@G@XGRAPHICS@@SGXPAUXGINTERNALSWIZZLE@2@@Z 800b8b66 f i xgraphics:swizzler.obj
 0006:0006b8c9       ?Swizzle2x1@?$XGInternalSwizzler@G@XGRAPHICS@@SGXPAUXGINTERNALSWIZZLE@2@@Z 800b8be9 f i xgraphics:swizzler.obj
 0006:0006b995       ?Swizzle1x1Column@?$XGInternalSwizzler@E@XGRAPHICS@@SGXPAUXGINTERNALSWIZZLE@2@@Z 800b8cb5 f i xgraphics:swizzler.obj
 0006:0006ba10       ?Swizzle2x1@?$XGInternalSwizzler@_J@XGRAPHICS@@SGXPAUXGINTERNALSWIZZLE@2@@Z 800b8d30 f i xgraphics:swizzler.obj
 0006:0006baec       _XGSwizzleRect@32          800b8e0c f   xgraphics:swizzler.obj
 0006:0006c23d       ?IsCompressedD3DFORMAT@XGRAPHICS@@YG_NK@Z 800b955d f i xgraphics:header.obj
 0006:0006c259       ?MinimumTextureSizeOfD3DFORMAT@XGRAPHICS@@YGKK@Z 800b9579 f i xgraphics:header.obj
 0006:0006c26c       ?EncodeFormat@XGRAPHICS@@YGKKKKKW4_D3DFORMAT@@K_N1PAK2@Z 800b958c f   xgraphics:header.obj
 0006:0006c40b       _XGSetSurfaceHeader@24     800b972b f   xgraphics:header.obj
 0006:0006c450       ?g_TextureFormat@XGRAPHICS@@3QBEB 800b9770     xgraphics:header.obj

 entry point at        0006:0001854c

 Static symbols

 0001:0000c526       _KiShutUpAssembler         8001c806 f   ke:intsup.obj
 0001:000144aa       ExceptionHandler@16        8002478a f   ntosrtl:xcptmisc.obj
 0001:000144d1       UnwindHandler@16           800247b1 f   ntosrtl:xcptmisc.obj
 0001:0001fd7b       _write_char                8003005b f   libcntpr:output.obj
 0001:0001fdae       _write_multi_char          8003008e f   libcntpr:output.obj
 0001:0001fdd2       _write_string              800300b2 f   libcntpr:output.obj
 0001:00020708       __unwind_handler           800309e8 f   libcntpr:exsup.obj
 0006:0000a570       ?nvKelvinACSelect2@D3DK@@YGJPAVCDevice@1@KK@Z 80057890 f   d3d8ntpr:combiner.obj
 0006:0000a5b0       ?nvKelvinACAdd@D3DK@@YGJPAVCDevice@1@KK@Z 800578d0 f   d3d8ntpr:combiner.obj
 0006:0000a610       ?nvKelvinACSub@D3DK@@YGJPAVCDevice@1@KK@Z 80057930 f   d3d8ntpr:combiner.obj
 0006:0000a670       ?nvKelvinACAddSmooth@D3DK@@YGJPAVCDevice@1@KK@Z 80057990 f   d3d8ntpr:combiner.obj
 0006:0000a6d0       ?nvKelvinACBlendAlpha@D3DK@@YGJPAVCDevice@1@KKK@Z 800579f0 f   d3d8ntpr:combiner.obj
 0006:0000a7b0       ?nvKelvinACPremodulate@D3DK@@YGJPAVCDevice@1@KK@Z 80057ad0 f   d3d8ntpr:combiner.obj
 0006:0000a870       ?nvKelvinACMultiplyAdd@D3DK@@YGJPAVCDevice@1@HH@Z 80057b90 f   d3d8ntpr:combiner.obj
 0006:0000a8d0       ?nvKelvinACLerp@D3DK@@YGJPAVCDevice@1@HH@Z 80057bf0 f   d3d8ntpr:combiner.obj
 0006:0000ad70       ?nvKelvinCCSelect2@D3DK@@YGJPAVCDevice@1@KK@Z 80058090 f   d3d8ntpr:combiner.obj
 0006:0000adb0       ?nvKelvinCCAdd@D3DK@@YGJPAVCDevice@1@KK@Z 800580d0 f   d3d8ntpr:combiner.obj
 0006:0000ae10       ?nvKelvinCCSub@D3DK@@YGJPAVCDevice@1@KK@Z 80058130 f   d3d8ntpr:combiner.obj
 0006:0000ae70       ?nvKelvinCCAddSmooth@D3DK@@YGJPAVCDevice@1@KK@Z 80058190 f   d3d8ntpr:combiner.obj
 0006:0000aed0       ?nvKelvinCCBlendAlpha@D3DK@@YGJPAVCDevice@1@KKK@Z 800581f0 f   d3d8ntpr:combiner.obj
 0006:0000afc0       ?nvKelvinCCPremodulate@D3DK@@YGJPAVCDevice@1@KK@Z 800582e0 f   d3d8ntpr:combiner.obj
 0006:0000b080       ?nvKelvinCCModulateAlpha@D3DK@@YGJPAVCDevice@1@KKH@Z 800583a0 f   d3d8ntpr:combiner.obj
 0006:0000b0f0       ?nvKelvinCCModulateColor@D3DK@@YGJPAVCDevice@1@KKH@Z 80058410 f   d3d8ntpr:combiner.obj
 0006:0000b160       ?nvKelvinBumpMap@D3DK@@YGJPAVCDevice@1@KK@Z 80058480 f   d3d8ntpr:combiner.obj
 0006:0000b1c0       ?nvKelvinCCMultiplyAdd@D3DK@@YGJPAVCDevice@1@HH@Z 800584e0 f   d3d8ntpr:combiner.obj
 0006:0000b220       ?nvKelvinCCLerp@D3DK@@YGJPAVCDevice@1@HH@Z 80058540 f   d3d8ntpr:combiner.obj
